2021/04/30 06:43:24 [INFO] Rancher version 2c96076f4 (2c96076f4) is starting
2021/04/30 06:43:24 [INFO] Rancher arguments {ACMEDomains:[] AddLocal:true Embedded:false BindHost: HTTPListenPort:80 HTTPSListenPort:443 K8sMode:auto Debug:false Trace:false NoCACerts:false AuditLogPath:/var/log/auditlog/rancher-api-audit.log AuditLogMaxage:10 AuditLogMaxsize:100 AuditLogMaxbackup:10 AuditLevel:0 Agent:false Features:}
2021/04/30 06:43:24 [INFO] Listening on /tmp/log.sock
2021/04/30 06:43:24 [INFO] Running etcd --data-dir=management-state/etcd --heartbeat-interval=500 --election-timeout=5000
2021/04/30 06:43:29 [INFO] Waiting for k3s to start
2021/04/30 06:43:30 [INFO] Waiting for k3s to start
2021/04/30 06:43:31 [INFO] Waiting for k3s to start
2021/04/30 06:43:32 [INFO] Waiting for k3s to start
2021/04/30 06:43:33 [INFO] Waiting for k3s to start
2021/04/30 06:43:34 [INFO] Waiting for k3s to start
2021/04/30 06:43:35 [INFO] Waiting for k3s to start
2021/04/30 06:43:36 [INFO] Updating CRD settings.management.cattle.io
2021/04/30 06:43:36 [INFO] Updating CRD preferences.management.cattle.io
2021/04/30 06:43:36 [INFO] Updating CRD features.management.cattle.io
2021/04/30 06:43:36 [INFO] Creating CRD clusterrepos.catalog.cattle.io
2021/04/30 06:43:36 [INFO] Creating CRD operations.catalog.cattle.io
2021/04/30 06:43:36 [INFO] Creating CRD apps.catalog.cattle.io
2021/04/30 06:43:36 [INFO] Waiting for CRD apps.catalog.cattle.io to become available
2021/04/30 06:43:37 [INFO] Done waiting for CRD apps.catalog.cattle.io to become available
2021/04/30 06:43:37 [INFO] rate limit for login http request: 1.000000/s
2021/04/30 06:43:37 [INFO] Auth limit cooldown period for login http request: 20s
2021/04/30 06:43:38 [INFO] Starting API controllers
2021/04/30 06:43:38 [INFO] Starting management.cattle.io/v3, Kind=UserAttribute controller
2021/04/30 06:43:38 [INFO] Starting /v1, Kind=Secret controller
2021/04/30 06:43:38 [INFO] Starting management.cattle.io/v3, Kind=GroupMember controller
2021/04/30 06:43:38 [INFO] Starting management.cattle.io/v3, Kind=Group controller
2021/04/30 06:43:38 [INFO] Starting management.cattle.io/v3, Kind=User controller
2021/04/30 06:43:38 [INFO] Starting management.cattle.io/v3, Kind=Token controller
2021/04/30 06:43:38 [INFO] Starting management.cattle.io/v3, Kind=Preference controller
2021/04/30 06:43:38 [INFO] Starting catalog.cattle.io/v1, Kind=ClusterRepo controller
2021/04/30 06:43:38 [INFO] Starting apiextensions.k8s.io/v1beta1, Kind=CustomResourceDefinition controller
2021/04/30 06:43:38 [INFO] Starting management.cattle.io/v3, Kind=Setting controller
2021/04/30 06:43:38 [INFO] Starting rbac.authorization.k8s.io/v1, Kind=RoleBinding controller
2021/04/30 06:43:38 [INFO] Starting /v1, Kind=ConfigMap controller
2021/04/30 06:43:38 [INFO] Starting rbac.authorization.k8s.io/v1, Kind=ClusterRole controller
2021/04/30 06:43:38 [INFO] Starting rbac.authorization.k8s.io/v1, Kind=ClusterRoleBinding controller
2021/04/30 06:43:38 [INFO] Starting /v1, Kind=Secret controller
2021/04/30 06:43:38 [INFO] Starting management.cattle.io/v3, Kind=Cluster controller
2021/04/30 06:43:38 [INFO] Starting apiregistration.k8s.io/v1, Kind=APIService controller
2021/04/30 06:43:38 [INFO] Starting management.cattle.io/v3, Kind=Feature controller
2021/04/30 06:43:38 [INFO] Starting rbac.authorization.k8s.io/v1, Kind=Role controller
2021/04/30 06:43:38 [INFO] Creating CRD fleetworkspaces.management.cattle.io
2021/04/30 06:43:39 [INFO] Waiting for CRD fleetworkspaces.management.cattle.io to become available
2021/04/30 06:43:39 [INFO] Refreshing all schemas
2021/04/30 06:43:39 [INFO] Done waiting for CRD fleetworkspaces.management.cattle.io to become available
2021/04/30 06:43:39 [INFO] Running in single server mode, will not peer connections
2021/04/30 06:43:39 [INFO] rate limit for login http request: 1.000000/s
2021/04/30 06:43:39 [INFO] Auth limit cooldown period for login http request: 20s
2021/04/30 06:43:39 [INFO] Refreshing all schemas
2021/04/30 06:43:39 [INFO] APIVersion /v1 Kind Binding
2021/04/30 06:43:39 [INFO] APIVersion /v1 Kind ComponentStatus
2021/04/30 06:43:39 [INFO] APIVersion /v1 Kind ConfigMap
2021/04/30 06:43:39 [INFO] APIVersion /v1 Kind Endpoints
2021/04/30 06:43:39 [INFO] APIVersion /v1 Kind Event
2021/04/30 06:43:39 [INFO] APIVersion /v1 Kind LimitRange
2021/04/30 06:43:39 [INFO] APIVersion /v1 Kind Namespace
2021/04/30 06:43:39 [INFO] APIVersion /v1 Kind Node
2021/04/30 06:43:39 [INFO] APIVersion /v1 Kind PersistentVolumeClaim
2021/04/30 06:43:39 [INFO] APIVersion /v1 Kind PersistentVolume
2021/04/30 06:43:39 [INFO] APIVersion /v1 Kind Pod
2021/04/30 06:43:39 [INFO] APIVersion /v1 Kind PodTemplate
2021/04/30 06:43:39 [INFO] APIVersion /v1 Kind ReplicationController
2021/04/30 06:43:39 [INFO] APIVersion /v1 Kind ResourceQuota
2021/04/30 06:43:39 [INFO] APIVersion /v1 Kind Secret
2021/04/30 06:43:39 [INFO] APIVersion /v1 Kind ServiceAccount
2021/04/30 06:43:39 [INFO] APIVersion /v1 Kind Service
2021/04/30 06:43:39 [INFO] APIVersion apiregistration.k8s.io/v1 Kind APIService
2021/04/30 06:43:39 [INFO] APIVersion apiregistration.k8s.io/v1beta1 Kind APIService
2021/04/30 06:43:39 [INFO] APIVersion extensions/v1beta1 Kind Ingress
2021/04/30 06:43:39 [INFO] APIVersion apps/v1 Kind ControllerRevision
2021/04/30 06:43:39 [INFO] APIVersion apps/v1 Kind DaemonSet
2021/04/30 06:43:39 [INFO] APIVersion apps/v1 Kind Deployment
2021/04/30 06:43:39 [INFO] APIVersion apps/v1 Kind ReplicaSet
2021/04/30 06:43:39 [INFO] APIVersion apps/v1 Kind StatefulSet
2021/04/30 06:43:39 [INFO] APIVersion events.k8s.io/v1beta1 Kind Event
2021/04/30 06:43:39 [INFO] APIVersion authentication.k8s.io/v1 Kind TokenReview
2021/04/30 06:43:39 [INFO] APIVersion authentication.k8s.io/v1beta1 Kind TokenReview
2021/04/30 06:43:39 [INFO] APIVersion authorization.k8s.io/v1 Kind LocalSubjectAccessReview
2021/04/30 06:43:39 [INFO] APIVersion authorization.k8s.io/v1 Kind SelfSubjectAccessReview
2021/04/30 06:43:39 [INFO] APIVersion authorization.k8s.io/v1 Kind SelfSubjectRulesReview
2021/04/30 06:43:39 [INFO] APIVersion authorization.k8s.io/v1 Kind SubjectAccessReview
2021/04/30 06:43:39 [INFO] APIVersion authorization.k8s.io/v1beta1 Kind LocalSubjectAccessReview
2021/04/30 06:43:39 [INFO] APIVersion authorization.k8s.io/v1beta1 Kind SelfSubjectAccessReview
2021/04/30 06:43:39 [INFO] APIVersion authorization.k8s.io/v1beta1 Kind SelfSubjectRulesReview
2021/04/30 06:43:39 [INFO] APIVersion authorization.k8s.io/v1beta1 Kind SubjectAccessReview
2021/04/30 06:43:39 [INFO] APIVersion autoscaling/v1 Kind HorizontalPodAutoscaler
2021/04/30 06:43:39 [INFO] APIVersion autoscaling/v2beta1 Kind HorizontalPodAutoscaler
2021/04/30 06:43:39 [INFO] APIVersion autoscaling/v2beta2 Kind HorizontalPodAutoscaler
2021/04/30 06:43:39 [INFO] APIVersion batch/v1 Kind Job
2021/04/30 06:43:39 [INFO] APIVersion batch/v1beta1 Kind CronJob
2021/04/30 06:43:39 [INFO] APIVersion certificates.k8s.io/v1beta1 Kind CertificateSigningRequest
2021/04/30 06:43:39 [INFO] APIVersion networking.k8s.io/v1 Kind NetworkPolicy
2021/04/30 06:43:39 [INFO] APIVersion networking.k8s.io/v1beta1 Kind IngressClass
2021/04/30 06:43:39 [INFO] APIVersion networking.k8s.io/v1beta1 Kind Ingress
2021/04/30 06:43:39 [INFO] APIVersion policy/v1beta1 Kind PodDisruptionBudget
2021/04/30 06:43:39 [INFO] APIVersion policy/v1beta1 Kind PodSecurityPolicy
2021/04/30 06:43:39 [INFO] APIVersion rbac.authorization.k8s.io/v1 Kind ClusterRoleBinding
2021/04/30 06:43:39 [INFO] APIVersion rbac.authorization.k8s.io/v1 Kind ClusterRole
2021/04/30 06:43:39 [INFO] APIVersion rbac.authorization.k8s.io/v1 Kind RoleBinding
2021/04/30 06:43:39 [INFO] APIVersion rbac.authorization.k8s.io/v1 Kind Role
2021/04/30 06:43:39 [INFO] APIVersion rbac.authorization.k8s.io/v1beta1 Kind ClusterRoleBinding
2021/04/30 06:43:39 [INFO] APIVersion rbac.authorization.k8s.io/v1beta1 Kind ClusterRole
2021/04/30 06:43:39 [INFO] APIVersion rbac.authorization.k8s.io/v1beta1 Kind RoleBinding
2021/04/30 06:43:39 [INFO] APIVersion rbac.authorization.k8s.io/v1beta1 Kind Role
2021/04/30 06:43:39 [INFO] APIVersion storage.k8s.io/v1 Kind CSIDriver
2021/04/30 06:43:39 [INFO] APIVersion storage.k8s.io/v1 Kind CSINode
2021/04/30 06:43:39 [INFO] APIVersion storage.k8s.io/v1 Kind StorageClass
2021/04/30 06:43:39 [INFO] APIVersion storage.k8s.io/v1 Kind VolumeAttachment
2021/04/30 06:43:39 [INFO] APIVersion storage.k8s.io/v1beta1 Kind CSIDriver
2021/04/30 06:43:39 [INFO] APIVersion storage.k8s.io/v1beta1 Kind CSINode
2021/04/30 06:43:39 [INFO] APIVersion storage.k8s.io/v1beta1 Kind StorageClass
2021/04/30 06:43:39 [INFO] APIVersion storage.k8s.io/v1beta1 Kind VolumeAttachment
2021/04/30 06:43:39 [INFO] APIVersion admissionregistration.k8s.io/v1 Kind MutatingWebhookConfiguration
2021/04/30 06:43:39 [INFO] APIVersion admissionregistration.k8s.io/v1 Kind ValidatingWebhookConfiguration
2021/04/30 06:43:39 [INFO] APIVersion admissionregistration.k8s.io/v1beta1 Kind MutatingWebhookConfiguration
2021/04/30 06:43:39 [INFO] APIVersion admissionregistration.k8s.io/v1beta1 Kind ValidatingWebhookConfiguration
2021/04/30 06:43:39 [INFO] APIVersion apiextensions.k8s.io/v1 Kind CustomResourceDefinition
2021/04/30 06:43:39 [INFO] APIVersion apiextensions.k8s.io/v1beta1 Kind CustomResourceDefinition
2021/04/30 06:43:39 [INFO] APIVersion scheduling.k8s.io/v1 Kind PriorityClass
2021/04/30 06:43:39 [INFO] APIVersion scheduling.k8s.io/v1beta1 Kind PriorityClass
2021/04/30 06:43:39 [INFO] APIVersion coordination.k8s.io/v1 Kind Lease
2021/04/30 06:43:39 [INFO] APIVersion coordination.k8s.io/v1beta1 Kind Lease
2021/04/30 06:43:39 [INFO] APIVersion node.k8s.io/v1beta1 Kind RuntimeClass
2021/04/30 06:43:39 [INFO] APIVersion discovery.k8s.io/v1beta1 Kind EndpointSlice
2021/04/30 06:43:39 [INFO] APIVersion catalog.cattle.io/v1 Kind ClusterRepo
2021/04/30 06:43:39 [INFO] APIVersion catalog.cattle.io/v1 Kind Operation
2021/04/30 06:43:39 [INFO] APIVersion catalog.cattle.io/v1 Kind App
2021/04/30 06:43:39 [INFO] APIVersion helm.cattle.io/v1 Kind HelmChart
2021/04/30 06:43:39 [INFO] APIVersion k3s.cattle.io/v1 Kind Addon
2021/04/30 06:43:39 [INFO] APIVersion management.cattle.io/v3 Kind CisBenchmarkVersion
2021/04/30 06:43:39 [INFO] APIVersion management.cattle.io/v3 Kind ComposeConfig
2021/04/30 06:43:39 [INFO] APIVersion management.cattle.io/v3 Kind ClusterMonitorGraph
2021/04/30 06:43:39 [INFO] APIVersion management.cattle.io/v3 Kind Project
2021/04/30 06:43:39 [INFO] APIVersion management.cattle.io/v3 Kind Notifier
2021/04/30 06:43:39 [INFO] APIVersion management.cattle.io/v3 Kind RkeK8sSystemImage
2021/04/30 06:43:39 [INFO] APIVersion management.cattle.io/v3 Kind FleetWorkspace
2021/04/30 06:43:39 [INFO] APIVersion management.cattle.io/v3 Kind ClusterScan
2021/04/30 06:43:39 [INFO] APIVersion management.cattle.io/v3 Kind NodeTemplate
2021/04/30 06:43:39 [INFO] APIVersion management.cattle.io/v3 Kind ClusterTemplateRevision
2021/04/30 06:43:39 [INFO] APIVersion management.cattle.io/v3 Kind Template
2021/04/30 06:43:39 [INFO] APIVersion management.cattle.io/v3 Kind Feature
2021/04/30 06:43:39 [INFO] APIVersion management.cattle.io/v3 Kind GroupMember
2021/04/30 06:43:39 [INFO] APIVersion management.cattle.io/v3 Kind User
2021/04/30 06:43:39 [INFO] APIVersion management.cattle.io/v3 Kind GlobalDnsProvider
2021/04/30 06:43:39 [INFO] APIVersion management.cattle.io/v3 Kind GlobalRole
2021/04/30 06:43:39 [INFO] APIVersion management.cattle.io/v3 Kind ProjectAlertRule
2021/04/30 06:43:39 [INFO] APIVersion management.cattle.io/v3 Kind DynamicSchema
2021/04/30 06:43:39 [INFO] APIVersion management.cattle.io/v3 Kind Token
2021/04/30 06:43:39 [INFO] APIVersion management.cattle.io/v3 Kind Group
2021/04/30 06:43:39 [INFO] APIVersion management.cattle.io/v3 Kind ProjectAlertGroup
2021/04/30 06:43:39 [INFO] APIVersion management.cattle.io/v3 Kind MultiClusterAppRevision
2021/04/30 06:43:39 [INFO] APIVersion management.cattle.io/v3 Kind Setting
2021/04/30 06:43:39 [INFO] APIVersion management.cattle.io/v3 Kind CisConfig
2021/04/30 06:43:39 [INFO] APIVersion management.cattle.io/v3 Kind ClusterTemplate
2021/04/30 06:43:39 [INFO] APIVersion management.cattle.io/v3 Kind ProjectAlert
2021/04/30 06:43:39 [INFO] APIVersion management.cattle.io/v3 Kind Node
2021/04/30 06:43:39 [INFO] APIVersion management.cattle.io/v3 Kind ClusterRegistrationToken
2021/04/30 06:43:39 [INFO] APIVersion management.cattle.io/v3 Kind EtcdBackup
2021/04/30 06:43:39 [INFO] APIVersion management.cattle.io/v3 Kind CatalogTemplate
2021/04/30 06:43:39 [INFO] APIVersion management.cattle.io/v3 Kind ClusterCatalog
2021/04/30 06:43:39 [INFO] APIVersion management.cattle.io/v3 Kind GlobalRoleBinding
2021/04/30 06:43:39 [INFO] APIVersion management.cattle.io/v3 Kind ProjectMonitorGraph
2021/04/30 06:43:39 [INFO] APIVersion management.cattle.io/v3 Kind Cluster
2021/04/30 06:43:39 [INFO] APIVersion management.cattle.io/v3 Kind RkeK8sServiceOption
2021/04/30 06:43:39 [INFO] APIVersion management.cattle.io/v3 Kind Catalog
2021/04/30 06:43:39 [INFO] APIVersion management.cattle.io/v3 Kind ClusterAlertRule
2021/04/30 06:43:39 [INFO] APIVersion management.cattle.io/v3 Kind RkeAddon
2021/04/30 06:43:39 [INFO] APIVersion management.cattle.io/v3 Kind SamlToken
2021/04/30 06:43:39 [INFO] APIVersion management.cattle.io/v3 Kind ProjectRoleTemplateBinding
2021/04/30 06:43:39 [INFO] APIVersion management.cattle.io/v3 Kind ProjectCatalog
2021/04/30 06:43:39 [INFO] APIVersion management.cattle.io/v3 Kind TemplateContent
2021/04/30 06:43:39 [INFO] APIVersion management.cattle.io/v3 Kind NodePool
2021/04/30 06:43:39 [INFO] APIVersion management.cattle.io/v3 Kind ProjectLogging
2021/04/30 06:43:39 [INFO] APIVersion management.cattle.io/v3 Kind TemplateVersion
2021/04/30 06:43:39 [INFO] APIVersion management.cattle.io/v3 Kind CatalogTemplateVersion
2021/04/30 06:43:39 [INFO] APIVersion management.cattle.io/v3 Kind NodeDriver
2021/04/30 06:43:39 [INFO] APIVersion management.cattle.io/v3 Kind RoleTemplate
2021/04/30 06:43:39 [INFO] APIVersion management.cattle.io/v3 Kind ClusterAlert
2021/04/30 06:43:39 [INFO] APIVersion management.cattle.io/v3 Kind PodSecurityPolicyTemplateProjectBinding
2021/04/30 06:43:39 [INFO] APIVersion management.cattle.io/v3 Kind ClusterAlertGroup
2021/04/30 06:43:39 [INFO] APIVersion management.cattle.io/v3 Kind UserAttribute
2021/04/30 06:43:39 [INFO] APIVersion management.cattle.io/v3 Kind ClusterLogging
2021/04/30 06:43:39 [INFO] APIVersion management.cattle.io/v3 Kind Preference
2021/04/30 06:43:39 [INFO] APIVersion management.cattle.io/v3 Kind MultiClusterApp
2021/04/30 06:43:39 [INFO] APIVersion management.cattle.io/v3 Kind PodSecurityPolicyTemplate
2021/04/30 06:43:39 [INFO] APIVersion management.cattle.io/v3 Kind MonitorMetric
2021/04/30 06:43:39 [INFO] APIVersion management.cattle.io/v3 Kind GlobalDns
2021/04/30 06:43:39 [INFO] APIVersion management.cattle.io/v3 Kind ProjectNetworkPolicy
2021/04/30 06:43:39 [INFO] APIVersion management.cattle.io/v3 Kind NotificationTemplate
2021/04/30 06:43:39 [INFO] APIVersion management.cattle.io/v3 Kind ClusterRoleTemplateBinding
2021/04/30 06:43:39 [INFO] APIVersion management.cattle.io/v3 Kind KontainerDriver
2021/04/30 06:43:39 [INFO] APIVersion management.cattle.io/v3 Kind AuthConfig
2021/04/30 06:43:39 [INFO] APIVersion mgt.pandaria.io/v3 Kind SensitiveFilter
2021/04/30 06:43:39 [INFO] APIVersion project.cattle.io/v3 Kind PipelineExecution
2021/04/30 06:43:39 [INFO] APIVersion project.cattle.io/v3 Kind PipelineSetting
2021/04/30 06:43:39 [INFO] APIVersion project.cattle.io/v3 Kind SourceCodeRepository
2021/04/30 06:43:39 [INFO] APIVersion project.cattle.io/v3 Kind Pipeline
2021/04/30 06:43:39 [INFO] APIVersion project.cattle.io/v3 Kind SourceCodeCredential
2021/04/30 06:43:39 [INFO] APIVersion project.cattle.io/v3 Kind App
2021/04/30 06:43:39 [INFO] APIVersion project.cattle.io/v3 Kind AppRevision
2021/04/30 06:43:39 [INFO] APIVersion project.cattle.io/v3 Kind SourceCodeProviderConfig
2021/04/30 06:43:40 [INFO] ProxyToLeader: skip register proxy as no login limit settings
2021/04/30 06:43:42 [INFO] Watching metadata for events.k8s.io/v1beta1, Kind=Event
2021/04/30 06:43:42 [INFO] Watching metadata for certificates.k8s.io/v1beta1, Kind=CertificateSigningRequest
2021/04/30 06:43:42 [INFO] Watching metadata for storage.k8s.io/v1, Kind=VolumeAttachment
2021/04/30 06:43:42 [INFO] Watching metadata for management.cattle.io/v3, Kind=Template
2021/04/30 06:43:42 [INFO] Watching metadata for networking.k8s.io/v1beta1, Kind=IngressClass
2021/04/30 06:43:42 [INFO] Watching metadata for management.cattle.io/v3, Kind=Preference
2021/04/30 06:43:42 [INFO] Watching metadata for management.cattle.io/v3, Kind=ClusterAlert
2021/04/30 06:43:42 [INFO] Watching metadata for management.cattle.io/v3, Kind=TemplateContent
2021/04/30 06:43:42 [INFO] Watching metadata for management.cattle.io/v3, Kind=ProjectLogging
2021/04/30 06:43:42 [INFO] Watching metadata for policy/v1beta1, Kind=PodDisruptionBudget
2021/04/30 06:43:42 [INFO] Watching metadata for storage.k8s.io/v1, Kind=CSINode
2021/04/30 06:43:42 [INFO] Watching metadata for management.cattle.io/v3, Kind=GlobalDns
2021/04/30 06:43:42 [INFO] Watching metadata for management.cattle.io/v3, Kind=RkeK8sServiceOption
2021/04/30 06:43:42 [INFO] Watching metadata for management.cattle.io/v3, Kind=AuthConfig
2021/04/30 06:43:42 [INFO] Watching metadata for /v1, Kind=Service
2021/04/30 06:43:42 [INFO] Watching metadata for management.cattle.io/v3, Kind=ProjectAlert
2021/04/30 06:43:42 [INFO] Watching metadata for catalog.cattle.io/v1, Kind=App
2021/04/30 06:43:42 [INFO] Watching metadata for management.cattle.io/v3, Kind=ProjectNetworkPolicy
2021/04/30 06:43:42 [INFO] Watching metadata for rbac.authorization.k8s.io/v1, Kind=ClusterRoleBinding
2021/04/30 06:43:42 [INFO] Watching metadata for management.cattle.io/v3, Kind=NodePool
2021/04/30 06:43:42 [INFO] Watching metadata for management.cattle.io/v3, Kind=NotificationTemplate
2021/04/30 06:43:42 [INFO] Watching metadata for management.cattle.io/v3, Kind=GlobalRole
2021/04/30 06:43:42 [INFO] Watching metadata for management.cattle.io/v3, Kind=PodSecurityPolicyTemplate
2021/04/30 06:43:42 [INFO] Watching metadata for /v1, Kind=ServiceAccount
2021/04/30 06:43:42 [INFO] Watching metadata for catalog.cattle.io/v1, Kind=ClusterRepo
2021/04/30 06:43:42 [INFO] Watching metadata for project.cattle.io/v3, Kind=SourceCodeCredential
2021/04/30 06:43:42 [INFO] Watching metadata for management.cattle.io/v3, Kind=NodeTemplate
2021/04/30 06:43:42 [INFO] Watching metadata for management.cattle.io/v3, Kind=ClusterTemplate
2021/04/30 06:43:42 [INFO] Watching metadata for discovery.k8s.io/v1beta1, Kind=EndpointSlice
2021/04/30 06:43:42 [INFO] Watching metadata for management.cattle.io/v3, Kind=RkeK8sSystemImage
2021/04/30 06:43:42 [INFO] Watching metadata for project.cattle.io/v3, Kind=PipelineSetting
2021/04/30 06:43:42 [INFO] Watching metadata for apiregistration.k8s.io/v1, Kind=APIService
2021/04/30 06:43:42 [INFO] Watching metadata for rbac.authorization.k8s.io/v1, Kind=RoleBinding
2021/04/30 06:43:42 [INFO] Watching metadata for management.cattle.io/v3, Kind=CatalogTemplateVersion
2021/04/30 06:43:42 [INFO] Watching metadata for autoscaling/v2beta2, Kind=HorizontalPodAutoscaler
2021/04/30 06:43:42 [INFO] Watching metadata for project.cattle.io/v3, Kind=App
2021/04/30 06:43:42 [INFO] Watching metadata for management.cattle.io/v3, Kind=MultiClusterAppRevision
2021/04/30 06:43:42 [INFO] Watching metadata for node.k8s.io/v1beta1, Kind=RuntimeClass
2021/04/30 06:43:42 [INFO] Watching metadata for management.cattle.io/v3, Kind=GlobalDnsProvider
2021/04/30 06:43:42 [INFO] Watching metadata for management.cattle.io/v3, Kind=EtcdBackup
2021/04/30 06:43:42 [INFO] Watching metadata for policy/v1beta1, Kind=PodSecurityPolicy
2021/04/30 06:43:42 [INFO] Watching metadata for /v1, Kind=Endpoints
2021/04/30 06:43:42 [INFO] Watching metadata for management.cattle.io/v3, Kind=ProjectRoleTemplateBinding
2021/04/30 06:43:42 [INFO] Watching metadata for /v1, Kind=Secret
2021/04/30 06:43:42 [INFO] Watching metadata for k3s.cattle.io/v1, Kind=Addon
2021/04/30 06:43:42 [INFO] Watching metadata for /v1, Kind=Event
2021/04/30 06:43:42 [INFO] Watching metadata for catalog.cattle.io/v1, Kind=Operation
2021/04/30 06:43:42 [INFO] Watching metadata for management.cattle.io/v3, Kind=ClusterMonitorGraph
2021/04/30 06:43:42 [INFO] Watching metadata for management.cattle.io/v3, Kind=ClusterTemplateRevision
2021/04/30 06:43:42 [INFO] Watching metadata for management.cattle.io/v3, Kind=MultiClusterApp
2021/04/30 06:43:42 [INFO] Watching metadata for apps/v1, Kind=ControllerRevision
2021/04/30 06:43:42 [INFO] Watching metadata for management.cattle.io/v3, Kind=KontainerDriver
2021/04/30 06:43:42 [INFO] Watching metadata for helm.cattle.io/v1, Kind=HelmChart
2021/04/30 06:43:42 [INFO] Watching metadata for management.cattle.io/v3, Kind=Setting
2021/04/30 06:43:42 [INFO] Watching metadata for apps/v1, Kind=Deployment
2021/04/30 06:43:42 [INFO] Watching metadata for rbac.authorization.k8s.io/v1, Kind=Role
2021/04/30 06:43:42 [INFO] Watching metadata for /v1, Kind=ReplicationController
2021/04/30 06:43:42 [INFO] Watching metadata for admissionregistration.k8s.io/v1, Kind=MutatingWebhookConfiguration
2021/04/30 06:43:42 [INFO] Watching metadata for management.cattle.io/v3, Kind=MonitorMetric
2021/04/30 06:43:42 [INFO] Watching metadata for batch/v1, Kind=Job
2021/04/30 06:43:42 [INFO] Watching metadata for management.cattle.io/v3, Kind=ProjectCatalog
2021/04/30 06:43:42 [INFO] Watching metadata for management.cattle.io/v3, Kind=ClusterRegistrationToken
2021/04/30 06:43:42 [INFO] Watching metadata for management.cattle.io/v3, Kind=DynamicSchema
2021/04/30 06:43:42 [INFO] Watching metadata for apps/v1, Kind=ReplicaSet
2021/04/30 06:43:42 [INFO] Watching metadata for /v1, Kind=PersistentVolumeClaim
2021/04/30 06:43:42 [INFO] Watching metadata for management.cattle.io/v3, Kind=CatalogTemplate
2021/04/30 06:43:42 [INFO] Watching metadata for management.cattle.io/v3, Kind=ProjectAlertRule
2021/04/30 06:43:42 [INFO] Watching metadata for apps/v1, Kind=StatefulSet
2021/04/30 06:43:42 [INFO] Watching metadata for management.cattle.io/v3, Kind=PodSecurityPolicyTemplateProjectBinding
2021/04/30 06:43:42 [INFO] Watching metadata for management.cattle.io/v3, Kind=ClusterAlertGroup
2021/04/30 06:43:42 [INFO] Watching metadata for project.cattle.io/v3, Kind=SourceCodeRepository
2021/04/30 06:43:42 [INFO] Watching metadata for management.cattle.io/v3, Kind=TemplateVersion
2021/04/30 06:43:42 [INFO] Watching metadata for management.cattle.io/v3, Kind=GlobalRoleBinding
2021/04/30 06:43:42 [INFO] Watching metadata for management.cattle.io/v3, Kind=CisConfig
2021/04/30 06:43:42 [INFO] Watching metadata for management.cattle.io/v3, Kind=NodeDriver
2021/04/30 06:43:42 [INFO] Watching metadata for apiextensions.k8s.io/v1, Kind=CustomResourceDefinition
2021/04/30 06:43:42 [INFO] Watching metadata for /v1, Kind=ResourceQuota
2021/04/30 06:43:42 [INFO] Watching metadata for management.cattle.io/v3, Kind=Token
2021/04/30 06:43:42 [INFO] Watching metadata for /v1, Kind=PodTemplate
2021/04/30 06:43:42 [INFO] Watching metadata for project.cattle.io/v3, Kind=SourceCodeProviderConfig
2021/04/30 06:43:42 [INFO] Watching metadata for management.cattle.io/v3, Kind=Notifier
2021/04/30 06:43:42 [INFO] Watching metadata for /v1, Kind=Node
2021/04/30 06:43:42 [INFO] Watching metadata for /v1, Kind=PersistentVolume
2021/04/30 06:43:42 [INFO] Watching metadata for management.cattle.io/v3, Kind=User
2021/04/30 06:43:42 [INFO] Watching metadata for management.cattle.io/v3, Kind=Cluster
2021/04/30 06:43:42 [INFO] Watching metadata for batch/v1beta1, Kind=CronJob
2021/04/30 06:43:42 [INFO] Watching metadata for management.cattle.io/v3, Kind=ClusterRoleTemplateBinding
2021/04/30 06:43:42 [INFO] Watching metadata for networking.k8s.io/v1, Kind=NetworkPolicy
2021/04/30 06:43:42 [INFO] Watching metadata for management.cattle.io/v3, Kind=CisBenchmarkVersion
2021/04/30 06:43:42 [INFO] Watching metadata for management.cattle.io/v3, Kind=UserAttribute
2021/04/30 06:43:42 [INFO] Watching metadata for coordination.k8s.io/v1, Kind=Lease
2021/04/30 06:43:42 [INFO] Watching metadata for management.cattle.io/v3, Kind=GroupMember
2021/04/30 06:43:42 [INFO] Watching metadata for management.cattle.io/v3, Kind=ProjectAlertGroup
2021/04/30 06:43:42 [INFO] Watching metadata for management.cattle.io/v3, Kind=Project
2021/04/30 06:43:42 [INFO] Watching metadata for storage.k8s.io/v1, Kind=CSIDriver
2021/04/30 06:43:42 [INFO] Watching metadata for /v1, Kind=LimitRange
2021/04/30 06:43:42 [INFO] Watching metadata for project.cattle.io/v3, Kind=AppRevision
2021/04/30 06:43:42 [INFO] Watching metadata for /v1, Kind=Namespace
2021/04/30 06:43:42 [INFO] Watching metadata for management.cattle.io/v3, Kind=Node
2021/04/30 06:43:42 [INFO] Watching metadata for /v1, Kind=ConfigMap
2021/04/30 06:43:42 [INFO] Watching metadata for storage.k8s.io/v1, Kind=StorageClass
2021/04/30 06:43:42 [INFO] Watching metadata for management.cattle.io/v3, Kind=ClusterLogging
2021/04/30 06:43:42 [INFO] Watching metadata for project.cattle.io/v3, Kind=Pipeline
2021/04/30 06:43:42 [INFO] Watching metadata for management.cattle.io/v3, Kind=ClusterAlertRule
2021/04/30 06:43:42 [INFO] Watching metadata for management.cattle.io/v3, Kind=ComposeConfig
2021/04/30 06:43:42 [INFO] Watching metadata for management.cattle.io/v3, Kind=Feature
2021/04/30 06:43:42 [INFO] Watching metadata for management.cattle.io/v3, Kind=Catalog
2021/04/30 06:43:42 [INFO] Watching metadata for management.cattle.io/v3, Kind=ClusterCatalog
2021/04/30 06:43:42 [INFO] Watching metadata for management.cattle.io/v3, Kind=SamlToken
2021/04/30 06:43:42 [INFO] Watching metadata for rbac.authorization.k8s.io/v1, Kind=ClusterRole
2021/04/30 06:43:42 [INFO] Watching metadata for scheduling.k8s.io/v1, Kind=PriorityClass
2021/04/30 06:43:42 [INFO] Watching metadata for mgt.pandaria.io/v3, Kind=SensitiveFilter
2021/04/30 06:43:42 [INFO] Watching metadata for admissionregistration.k8s.io/v1, Kind=ValidatingWebhookConfiguration
2021/04/30 06:43:42 [INFO] Watching metadata for networking.k8s.io/v1beta1, Kind=Ingress
2021/04/30 06:43:42 [INFO] Watching metadata for project.cattle.io/v3, Kind=PipelineExecution
2021/04/30 06:43:42 [INFO] Watching metadata for management.cattle.io/v3, Kind=Group
2021/04/30 06:43:42 [INFO] Watching metadata for management.cattle.io/v3, Kind=RoleTemplate
2021/04/30 06:43:42 [INFO] Watching metadata for management.cattle.io/v3, Kind=RkeAddon
2021/04/30 06:43:42 [INFO] Watching metadata for management.cattle.io/v3, Kind=ClusterScan
2021/04/30 06:43:42 [INFO] Watching metadata for /v1, Kind=Pod
2021/04/30 06:43:42 [INFO] Watching metadata for management.cattle.io/v3, Kind=FleetWorkspace
2021/04/30 06:43:42 [INFO] Watching metadata for apps/v1, Kind=DaemonSet
2021/04/30 06:43:42 [INFO] Watching metadata for management.cattle.io/v3, Kind=ProjectMonitorGraph
2021/04/30 06:43:55 [INFO] Starting management.cattle.io/v3, Kind=ClusterTemplate controller
2021/04/30 06:43:55 [INFO] Starting management.cattle.io/v3, Kind=NodePool controller
2021/04/30 06:43:55 [INFO] Starting management.cattle.io/v3, Kind=MultiClusterApp controller
2021/04/30 06:43:55 [INFO] Starting management.cattle.io/v3, Kind=KontainerDriver controller
2021/04/30 06:43:55 [INFO] Starting management.cattle.io/v3, Kind=AuthConfig controller
2021/04/30 06:43:55 [INFO] Starting management.cattle.io/v3, Kind=NodeTemplate controller
2021/04/30 06:43:55 [INFO] Starting management.cattle.io/v3, Kind=CatalogTemplateVersion controller
2021/04/30 06:43:55 [INFO] Starting management.cattle.io/v3, Kind=DynamicSchema controller
2021/04/30 06:43:55 [INFO] Starting management.cattle.io/v3, Kind=Token controller
2021/04/30 06:43:55 [INFO] Starting management.cattle.io/v3, Kind=RkeK8sSystemImage controller
2021/04/30 06:43:55 [INFO] Starting project.cattle.io/v3, Kind=Pipeline controller
2021/04/30 06:43:55 [INFO] Starting project.cattle.io/v3, Kind=SourceCodeRepository controller
2021/04/30 06:43:55 [INFO] Starting management.cattle.io/v3, Kind=MultiClusterAppRevision controller
2021/04/30 06:43:55 [INFO] Starting management.cattle.io/v3, Kind=Group controller
2021/04/30 06:43:55 [INFO] Starting management.cattle.io/v3, Kind=User controller
2021/04/30 06:43:55 [INFO] Starting management.cattle.io/v3, Kind=ClusterRoleTemplateBinding controller
2021/04/30 06:43:55 [INFO] Starting management.cattle.io/v3, Kind=CisConfig controller
2021/04/30 06:43:55 [INFO] Starting management.cattle.io/v3, Kind=ProjectCatalog controller
2021/04/30 06:43:55 [INFO] Starting project.cattle.io/v3, Kind=PipelineExecution controller
2021/04/30 06:43:55 [INFO] Starting management.cattle.io/v3, Kind=GlobalRoleBinding controller
2021/04/30 06:43:55 [INFO] Starting management.cattle.io/v3, Kind=Catalog controller
2021/04/30 06:43:55 [INFO] Starting project.cattle.io/v3, Kind=App controller
2021/04/30 06:43:55 [INFO] Starting management.cattle.io/v3, Kind=ClusterTemplateRevision controller
2021/04/30 06:43:55 [INFO] Starting management.cattle.io/v3, Kind=GlobalRole controller
2021/04/30 06:43:55 [INFO] Starting management.cattle.io/v3, Kind=GlobalDns controller
2021/04/30 06:43:55 [INFO] Starting management.cattle.io/v3, Kind=Project controller
2021/04/30 06:43:55 [INFO] Starting project.cattle.io/v3, Kind=SourceCodeCredential controller
2021/04/30 06:43:55 [INFO] Starting management.cattle.io/v3, Kind=PodSecurityPolicyTemplate controller
2021/04/30 06:43:55 [INFO] Starting management.cattle.io/v3, Kind=UserAttribute controller
2021/04/30 06:43:55 [INFO] Starting management.cattle.io/v3, Kind=ClusterCatalog controller
2021/04/30 06:43:55 [INFO] Starting management.cattle.io/v3, Kind=RkeK8sServiceOption controller
2021/04/30 06:43:55 [INFO] Starting management.cattle.io/v3, Kind=CisBenchmarkVersion controller
2021/04/30 06:43:55 [INFO] Starting /v1, Kind=Namespace controller
2021/04/30 06:43:55 [INFO] Starting management.cattle.io/v3, Kind=ProjectRoleTemplateBinding controller
2021/04/30 06:43:55 [INFO] Starting management.cattle.io/v3, Kind=RoleTemplate controller
2021/04/30 06:43:55 [INFO] Starting management.cattle.io/v3, Kind=RkeAddon controller
2021/04/30 06:43:55 [INFO] Starting management.cattle.io/v3, Kind=PodSecurityPolicyTemplateProjectBinding controller
2021/04/30 06:43:55 [INFO] Starting management.cattle.io/v3, Kind=ClusterLogging controller
2021/04/30 06:43:55 [INFO] Starting management.cattle.io/v3, Kind=CatalogTemplate controller
2021/04/30 06:43:55 [INFO] Starting management.cattle.io/v3, Kind=NodeDriver controller
2021/04/30 06:43:55 [INFO] Starting management.cattle.io/v3, Kind=GroupMember controller
2021/04/30 06:43:55 [INFO] Starting management.cattle.io/v3, Kind=ProjectLogging controller
2021/04/30 06:43:55 [INFO] Starting management.cattle.io/v3, Kind=Node controller
2021/04/30 06:43:55 [INFO] Starting management.cattle.io/v3, Kind=ClusterRegistrationToken controller
2021/04/30 06:43:55 [INFO] Listening on :443
2021/04/30 06:43:55 [INFO] Listening on :80
2021/04/30 06:43:55 [INFO] Updating TLS secret for serving-cert (count: 5): map[listener.cattle.io/cn-127.0.0.1:127.0.0.1 listener.cattle.io/cn-172.17.0.2:172.17.0.2 listener.cattle.io/cn-3.34.192.9:3.34.192.9 listener.cattle.io/cn-localhost:localhost listener.cattle.io/cn-rancher.cattle-system:rancher.cattle-system listener.cattle.io/hash:6ac7eb6d2e5447f3cf80510947150aba4a4c524b468927cadfeb3d9058afa248]
2021/04/30 06:43:55 [INFO] Active TLS secret serving-cert (ver=6880) (count 5): map[listener.cattle.io/cn-127.0.0.1:127.0.0.1 listener.cattle.io/cn-172.17.0.2:172.17.0.2 listener.cattle.io/cn-3.34.192.9:3.34.192.9 listener.cattle.io/cn-localhost:localhost listener.cattle.io/cn-rancher.cattle-system:rancher.cattle-system listener.cattle.io/hash:6ac7eb6d2e5447f3cf80510947150aba4a4c524b468927cadfeb3d9058afa248]
2021/04/30 06:43:55 [INFO] Listening on :444
2021/04/30 06:43:55 [INFO] Handling backend connection request [c-vrw5v]
2021/04/30 06:43:55 [INFO] Handling backend connection request [c-vrw5v:m-8n6wt]
2021/04/30 06:43:55 [INFO] Handling backend connection request [c-vrw5v:m-svmcg]
2021/04/30 06:43:55 [INFO] Handling backend connection request [c-vrw5v:m-77cbj]
2021/04/30 06:43:55 [INFO] Starting /v1, Kind=Secret controller
2021/04/30 06:43:55 [INFO] Active TLS secret serving-cert (ver=6880) (count 5): map[listener.cattle.io/cn-127.0.0.1:127.0.0.1 listener.cattle.io/cn-172.17.0.2:172.17.0.2 listener.cattle.io/cn-3.34.192.9:3.34.192.9 listener.cattle.io/cn-localhost:localhost listener.cattle.io/cn-rancher.cattle-system:rancher.cattle-system listener.cattle.io/hash:6ac7eb6d2e5447f3cf80510947150aba4a4c524b468927cadfeb3d9058afa248]
2021/04/30 06:44:00 [INFO] Registering project network policy
2021/04/30 06:44:00 [INFO] Registering CIS controllers for cluster: c-vrw5v
2021/04/30 06:44:00 [INFO] registering podsecuritypolicy cluster handler for cluster c-vrw5v
2021/04/30 06:44:00 [INFO] registering podsecuritypolicy project handler for cluster c-vrw5v
2021/04/30 06:44:00 [INFO] registering podsecuritypolicy namespace handler for cluster c-vrw5v
2021/04/30 06:44:00 [INFO] registering podsecuritypolicy serviceaccount handler for cluster c-vrw5v
2021/04/30 06:44:00 [INFO] registering podsecuritypolicy template handler for cluster c-vrw5v
2021/04/30 06:44:00 [INFO] Registering monitoring for cluster "c-vrw5v"
2021/04/30 06:44:00 [INFO] Registering istio for cluster "c-vrw5v"
2021/04/30 06:44:00 [INFO] Registering GPUManagement for cluster "c-vrw5v"
2021/04/30 06:44:00 [INFO] Registering F5 CIS for cluster "c-vrw5v"
2021/04/30 06:44:00 [INFO] Starting cluster controllers for c-vrw5v
2021/04/30 06:44:00 [INFO] Starting project.cattle.io/v3, Kind=PipelineSetting controller
2021/04/30 06:44:00 [INFO] Starting management.cattle.io/v3, Kind=Notifier controller
2021/04/30 06:44:00 [INFO] Starting management.cattle.io/v3, Kind=ProjectAlertRule controller
2021/04/30 06:44:00 [INFO] Starting management.cattle.io/v3, Kind=ClusterScan controller
2021/04/30 06:44:00 [INFO] Starting project.cattle.io/v3, Kind=SourceCodeProviderConfig controller
2021/04/30 06:44:00 [INFO] Starting management.cattle.io/v3, Kind=ProjectAlert controller
2021/04/30 06:44:00 [INFO] Starting management.cattle.io/v3, Kind=ClusterAlertRule controller
2021/04/30 06:44:00 [INFO] Starting management.cattle.io/v3, Kind=ClusterAlertGroup controller
2021/04/30 06:44:00 [INFO] Starting management.cattle.io/v3, Kind=ProjectAlertGroup controller
2021/04/30 06:44:00 [INFO] Starting management.cattle.io/v3, Kind=NotificationTemplate controller
2021/04/30 06:44:00 [INFO] Starting management.cattle.io/v3, Kind=ProjectNetworkPolicy controller
2021/04/30 06:44:01 [INFO] Starting /v1, Kind=ConfigMap controller
2021/04/30 06:44:01 [INFO] Starting /v1, Kind=Namespace controller
2021/04/30 06:44:01 [INFO] Starting policy/v1beta1, Kind=PodSecurityPolicy controller
2021/04/30 06:44:01 [INFO] Starting /v1, Kind=Service controller
2021/04/30 06:44:01 [INFO] Starting apps/v1, Kind=StatefulSet controller
2021/04/30 06:44:01 [INFO] Starting cis.f5.com/v1, Kind=TransportServer controller
2021/04/30 06:44:01 [INFO] Starting apps/v1, Kind=DaemonSet controller
2021/04/30 06:44:01 [INFO] Starting /v1, Kind=ServiceAccount controller
2021/04/30 06:44:01 [INFO] Starting /v1, Kind=Node controller
2021/04/30 06:44:01 [INFO] Starting /v1, Kind=Event controller
2021/04/30 06:44:01 [INFO] Starting cluster.cattle.io/v3, Kind=ClusterUserAttribute controller
2021/04/30 06:44:01 [INFO] Starting rbac.authorization.k8s.io/v1, Kind=ClusterRole controller
2021/04/30 06:44:01 [INFO] Starting /v1, Kind=LimitRange controller
2021/04/30 06:44:01 [INFO] Starting /v1, Kind=ReplicationController controller
2021/04/30 06:44:01 [INFO] Starting apps/v1, Kind=ReplicaSet controller
2021/04/30 06:44:01 [INFO] Starting /v1, Kind=Pod controller
2021/04/30 06:44:01 [INFO] Starting /v1, Kind=Secret controller
2021/04/30 06:44:01 [INFO] Starting batch/v1, Kind=Job controller
2021/04/30 06:44:01 [INFO] Starting extensions/v1beta1, Kind=Ingress controller
2021/04/30 06:44:01 [INFO] Starting cis.f5.com/v1, Kind=VirtualServer controller
2021/04/30 06:44:01 [INFO] Starting apiregistration.k8s.io/v1, Kind=APIService controller
2021/04/30 06:44:01 [INFO] Starting cluster.cattle.io/v3, Kind=ClusterAuthToken controller
2021/04/30 06:44:01 [INFO] Starting rbac.authorization.k8s.io/v1, Kind=RoleBinding controller
2021/04/30 06:44:01 [INFO] Starting /v1, Kind=ResourceQuota controller
2021/04/30 06:44:01 [INFO] Starting apps/v1, Kind=Deployment controller
2021/04/30 06:44:01 [INFO] Starting /v1, Kind=Endpoints controller
2021/04/30 06:44:01 [INFO] Starting rbac.authorization.k8s.io/v1, Kind=ClusterRoleBinding controller
2021/04/30 06:44:01 [INFO] Starting cluster agent for c-vrw5v [owner=true]
2021/04/30 06:44:01 [INFO] Starting batch/v1beta1, Kind=CronJob controller
2021/04/30 06:44:01 [INFO] Starting networking.k8s.io/v1, Kind=NetworkPolicy controller
2021/04/30 06:44:01 [INFO] Starting rbac.authorization.k8s.io/v1, Kind=Role controller
2021/04/30 06:44:01 [INFO] Creating roleBinding User user-2slhp Role project-owner
2021/04/30 06:44:01 [INFO] Creating roleBinding User u-t2wva57ezu Role edit
2021/04/30 06:44:01 [INFO] Creating roleBinding User user-2slhp Role admin
2021/04/30 06:44:01 [INFO] Creating roleBinding User user-2slhp Role project-owner
2021/04/30 06:44:01 [INFO] Creating roleBinding User user-2slhp Role project-owner
2021/04/30 06:44:01 [INFO] Updating clusterRoleBinding clusterrolebinding-cvwpp for project access to global resource for subject user-2slhp role p-bcfr5-namespaces-edit.
2021/04/30 06:44:01 [INFO] Creating roleBinding User user-2slhp Role cluster-owner
2021/04/30 06:44:01 [INFO] Updating clusterRoleBinding clusterrolebinding-lzbgs for project access to global resource for subject u-lwsqafnwit role p-bcfr5-namespaces-edit.
2021/04/30 06:44:01 [INFO] Updating clusterRoleBinding clusterrolebinding-7857f for project access to global resource for subject user-2slhp role project-owner-promoted.
2021/04/30 06:44:01 [INFO] Creating roleBinding User u-4rsqwd4lwt Role cluster-owner
2021/04/30 06:44:01 [INFO] Creating roleBinding User user-2slhp Role project-owner
2021/04/30 06:44:01 [INFO] Creating roleBinding User u-t2wva57ezu Role project-member
2021/04/30 06:44:01 [INFO] Creating roleBinding User user-2slhp Role admin
2021/04/30 06:44:01 [ERROR] error syncing 'system-default-registry': handler copy-settings: the server could not find the requested resource, requeuing
2021/04/30 06:44:01 [INFO] Updating clusterRoleBinding clusterrolebinding-98kgp for project access to global resource for subject u-lwsqafnwit role project-member-promoted.
2021/04/30 06:44:01 [INFO] Creating roleBinding User user-2slhp Role admin
2021/04/30 06:44:01 [ERROR] error syncing 'install-uuid': handler copy-settings: the server could not find the requested resource, requeuing
2021/04/30 06:44:01 [INFO] Creating roleBinding User user-2slhp Role project-owner
2021/04/30 06:44:01 [INFO] Creating roleBinding User u-lwsqafnwit Role project-member
2021/04/30 06:44:01 [INFO] Updating clusterRoleBinding clusterrolebinding-kgczk for project access to global resource for subject u-lwsqafnwit role project-member-promoted.
2021/04/30 06:44:01 [INFO] Creating roleBinding User user-2slhp Role admin
2021/04/30 06:44:01 [INFO] Creating roleBinding User u-t2wva57ezu Role edit
2021/04/30 06:44:01 [INFO] Updating clusterRoleBinding clusterrolebinding-kfnd2 for project access to global resource for subject user-2slhp role project-owner-promoted.
2021/04/30 06:44:01 [INFO] Deleting roleBinding clusterrolebinding-jrmtv
2021/04/30 06:44:01 [INFO] Creating roleBinding User u-t2wva57ezu Role project-member
2021/04/30 06:44:01 [INFO] Creating roleBinding User u-t2wva57ezu Role project-member
2021/04/30 06:44:01 [INFO] Creating roleBinding User u-lwsqafnwit Role edit
2021/04/30 06:44:01 [INFO] Creating roleBinding User user-2slhp Role admin
2021/04/30 06:44:01 [INFO] Creating roleBinding User u-t2wva57ezu Role project-member
2021/04/30 06:44:01 [INFO] Deleting roleBinding clusterrolebinding-dvq2g
2021/04/30 06:44:01 [INFO] Creating roleBinding User u-t2wva57ezu Role edit
2021/04/30 06:44:01 [INFO] Creating roleBinding User u-t2wva57ezu Role edit
2021/04/30 06:44:01 [INFO] Updating clusterRoleBinding clusterrolebinding-zm6p4 for project access to global resource for subject u-lwsqafnwit role create-ns.
2021/04/30 06:44:01 [INFO] Updating clusterRoleBinding clusterrolebinding-zqs9x for project access to global resource for subject user-2slhp role project-owner-promoted.
2021/04/30 06:44:01 [INFO] Creating roleBinding User user-2slhp Role project-owner
2021/04/30 06:44:01 [INFO] Creating roleBinding User user-2slhp Role project-owner
2021/04/30 06:44:01 [INFO] Creating roleBinding User user-2slhp Role project-owner
2021/04/30 06:44:01 [INFO] Updating clusterRoleBinding clusterrolebinding-zqs9x for project access to global resource for subject user-2slhp role project-owner-promoted.
2021/04/30 06:44:01 [INFO] Updating clusterRoleBinding clusterrolebinding-gtmdf for project access to global resource for subject u-t2wva57ezu role p-n29vj-namespaces-edit.
2021/04/30 06:44:01 [INFO] Creating roleBinding User user-2slhp Role project-owner
2021/04/30 06:44:01 [INFO] Deleting roleBinding clusterrolebinding-7dd2w
2021/04/30 06:44:01 [INFO] Deleting roleBinding clusterrolebinding-mgpnk
2021/04/30 06:44:01 [INFO] Updating clusterRoleBinding clusterrolebinding-xnjzz for project access to global resource for subject u-t2wva57ezu role project-member-promoted.
2021/04/30 06:44:01 [INFO] Updating clusterRoleBinding clusterrolebinding-rb7l5 for project access to global resource for subject user-2slhp role p-n29vj-namespaces-edit.
2021/04/30 06:44:01 [INFO] Creating roleBinding User user-2slhp Role admin
2021/04/30 06:44:01 [INFO] Creating roleBinding User user-2slhp Role admin
2021/04/30 06:44:01 [INFO] Updating clusterRoleBinding clusterrolebinding-xnjzz for project access to global resource for subject u-t2wva57ezu role project-member-promoted.
2021/04/30 06:44:01 [INFO] Creating roleBinding User user-2slhp Role admin
2021/04/30 06:44:01 [INFO] Creating roleBinding User user-2slhp Role admin
2021/04/30 06:44:01 [INFO] Creating roleBinding User u-t2wva57ezu Role project-member
2021/04/30 06:44:01 [INFO] Creating roleBinding User u-t2wva57ezu Role project-member
2021/04/30 06:44:01 [INFO] Updating clusterRoleBinding clusterrolebinding-kfnd2 for project access to global resource for subject user-2slhp role project-owner-promoted.
2021/04/30 06:44:02 [INFO] Creating roleBinding User u-t2wva57ezu Role project-member
2021/04/30 06:44:02 [INFO] Updating clusterRoleBinding clusterrolebinding-zqs9x for project access to global resource for subject user-2slhp role project-owner-promoted.
2021/04/30 06:44:02 [INFO] Creating roleBinding User u-t2wva57ezu Role project-member
2021/04/30 06:44:02 [INFO] Creating roleBinding User u-t2wva57ezu Role edit
2021/04/30 06:44:02 [INFO] Creating roleBinding User u-t2wva57ezu Role edit
2021/04/30 06:44:02 [INFO] Creating roleBinding User u-t2wva57ezu Role edit
2021/04/30 06:44:02 [INFO] Creating roleBinding User u-t2wva57ezu Role project-member
2021/04/30 06:44:02 [INFO] Creating roleBinding User u-t2wva57ezu Role edit
2021/04/30 06:44:02 [INFO] Creating roleBinding User u-t2wva57ezu Role edit
2021/04/30 06:44:02 [INFO] Creating roleBinding User u-t2wva57ezu Role edit
2021/04/30 06:44:02 [INFO] Deleting roleBinding clusterrolebinding-fl79n
2021/04/30 06:44:02 [INFO] Deleting roleBinding clusterrolebinding-r6zhb
2021/04/30 06:44:02 [INFO] Deleting roleBinding clusterrolebinding-r6zhb
2021/04/30 06:44:02 [INFO] Deleting roleBinding clusterrolebinding-b7ljv
2021/04/30 06:44:02 [INFO] Deleting roleBinding clusterrolebinding-64t7q
2021/04/30 06:44:02 [INFO] Deleting roleBinding clusterrolebinding-h2sxp
2021/04/30 06:44:02 [INFO] Deleting roleBinding clusterrolebinding-db9qg
2021/04/30 06:44:02 [INFO] Deleting roleBinding clusterrolebinding-kj62j
2021/04/30 06:44:02 [INFO] Deleting roleBinding clusterrolebinding-m78rl
2021/04/30 06:44:02 [INFO] Deleting roleBinding clusterrolebinding-6rjvl
2021/04/30 06:44:02 [INFO] Deleting roleBinding clusterrolebinding-fmwb8
2021/04/30 06:44:02 [INFO] Deleting roleBinding clusterrolebinding-wfv5d
2021/04/30 06:44:02 [INFO] Deleting roleBinding clusterrolebinding-r8xgs
2021/04/30 06:44:02 [INFO] Deleting roleBinding clusterrolebinding-tnzpx
2021/04/30 06:44:02 [INFO] Deleting roleBinding clusterrolebinding-cxbqk
2021/04/30 06:44:02 [INFO] Deleting roleBinding clusterrolebinding-c545l
2021/04/30 06:44:02 [INFO] Deleting roleBinding clusterrolebinding-q9288
2021/04/30 06:44:02 [INFO] Deleting roleBinding clusterrolebinding-2vr8g
2021/04/30 06:44:02 [INFO] Deleting roleBinding clusterrolebinding-xv2gr
2021/04/30 06:44:02 [INFO] Deleting roleBinding clusterrolebinding-f7mbz
2021/04/30 06:44:02 [INFO] Deleting roleBinding clusterrolebinding-mxfw8
2021/04/30 06:44:02 [INFO] Deleting roleBinding clusterrolebinding-xm8bt
2021/04/30 06:44:02 [INFO] Deleting roleBinding clusterrolebinding-cjnsc
2021/04/30 06:44:02 [INFO] Deleting roleBinding clusterrolebinding-jv2hk
2021/04/30 06:44:02 [INFO] Deleting roleBinding clusterrolebinding-fm9ss
2021/04/30 06:44:02 [INFO] Deleting roleBinding clusterrolebinding-gdbx6
2021/04/30 06:44:02 [INFO] Deleting roleBinding clusterrolebinding-d7b6g
2021/04/30 06:44:02 [INFO] Deleting roleBinding clusterrolebinding-5smff
2021/04/30 06:44:02 [INFO] Deleting roleBinding clusterrolebinding-flxxw
2021/04/30 06:44:02 [INFO] Deleting roleBinding clusterrolebinding-6nx8h
2021/04/30 06:44:02 [INFO] Deleting roleBinding clusterrolebinding-n5r2l
2021/04/30 06:44:02 [INFO] Deleting roleBinding clusterrolebinding-xjg4g
2021/04/30 06:44:02 [INFO] Deleting roleBinding clusterrolebinding-q548s
2021/04/30 06:44:02 [INFO] Deleting roleBinding clusterrolebinding-mrksg
2021/04/30 06:44:02 [INFO] Deleting roleBinding clusterrolebinding-mwsk9
2021/04/30 06:44:02 [INFO] Deleting roleBinding clusterrolebinding-gnrlj
2021/04/30 06:44:02 [INFO] Deleting roleBinding clusterrolebinding-9sx5t
2021/04/30 06:44:02 [INFO] Deleting roleBinding clusterrolebinding-7kqdn
2021/04/30 06:44:02 [INFO] Deleting roleBinding clusterrolebinding-76kd6
2021/04/30 06:44:02 [INFO] Deleting roleBinding clusterrolebinding-7qjfc
2021/04/30 06:44:02 [INFO] Deleting roleBinding clusterrolebinding-krl2j
2021/04/30 06:44:03 [INFO] harborClearUserAnnotationsController: clean harbor config
2021/04/30 06:44:04 [INFO] Creating roleBinding User user-2slhp Role admin
2021/04/30 06:44:09 [ERROR] error syncing 'system-default-registry': handler copy-settings: the server could not find the requested resource, requeuing
2021/04/30 06:44:14 [ERROR] error syncing 'install-uuid': handler copy-settings: the server could not find the requested resource, requeuing
2021/04/30 06:44:25 [INFO] Steve auth startup complete
2021/04/30 06:44:25 [INFO] Reconciling GlobalRoles
2021/04/30 06:44:25 [INFO] Starting catalog.cattle.io/v1, Kind=Operation controller
2021/04/30 06:44:25 [INFO] Starting /v1, Kind=Pod controller
2021/04/30 06:44:25 [INFO] Starting catalog.cattle.io/v1, Kind=App controller
2021/04/30 06:44:25 [INFO] Creating restricted-admin
2021/04/30 06:44:25 [INFO] Reconciling RoleTemplates
2021/04/30 06:44:25 [INFO] Updating clusterRole project-owner because of rules difference with roleTemplate Project Owner (project-owner).
2021/04/30 06:44:25 [INFO] Updating role project-owner in p-bcfr5 because of rules difference with roleTemplate Project Owner (project-owner).
2021/04/30 06:44:25 [INFO] Updating role project-owner in p-n29vj because of rules difference with roleTemplate Project Owner (project-owner).
2021/04/30 06:44:25 [INFO] Updating clusterRole project-owner-promoted for project access to global resource.
2021/04/30 06:44:25 [INFO] Updating clusterRole project-owner-promoted for project access to global resource.
2021/04/30 06:44:25 [INFO] Updating clusterRole project-member because of rules difference with roleTemplate Project Member (project-member).
2021/04/30 06:44:25 [INFO] Updating clusterRole project-owner-promoted for project access to global resource.
2021/04/30 06:44:25 [INFO] Updating role project-member in p-bcfr5 because of rules difference with roleTemplate Project Member (project-member).
2021/04/30 06:44:25 [INFO] Updating role project-member in p-n29vj because of rules difference with roleTemplate Project Member (project-member).
2021/04/30 06:44:25 [INFO] Updating clusterRole project-member-promoted for project access to global resource.
2021/04/30 06:44:25 [INFO] Updating clusterRole project-member-promoted for project access to global resource.
2021/04/30 06:44:25 [INFO] adding kontainer driver rancherKubernetesEngine
2021/04/30 06:44:25 [INFO] adding kontainer driver googleKubernetesEngine
2021/04/30 06:44:25 [INFO] adding kontainer driver azureKubernetesService
2021/04/30 06:44:25 [INFO] adding kontainer driver amazonElasticContainerService
2021/04/30 06:44:25 [INFO] adding kontainer driver baiducloudcontainerengine
2021/04/30 06:44:25 [INFO] adding kontainer driver aliyunkubernetescontainerservice
2021/04/30 06:44:25 [INFO] adding kontainer driver tencentkubernetesengine
2021/04/30 06:44:25 [INFO] adding kontainer driver huaweicontainercloudengine
2021/04/30 06:44:25 [INFO] adding kontainer driver oraclecontainerengine
2021/04/30 06:44:25 [INFO] adding kontainer driver linodekubernetesengine
2021/04/30 06:44:25 [INFO] adding kontainer driver opentelekomcloudcontainerengine
2021/04/30 06:44:25 [INFO] Updating node driver amazonec2
2021/04/30 06:44:25 [INFO] Creating node driver cloudscale
2021/04/30 06:44:25 [INFO] Starting catalog controller
2021/04/30 06:44:25 [INFO] Starting project-level catalog controller
2021/04/30 06:44:25 [INFO] Starting cluster-level catalog controller
2021/04/30 06:44:25 [INFO] [mgmt-auth-gr-controller] Updating clusterRole cattle-globalrole-user. GlobalRole rules have changed. Have: [{Verbs:[get list watch] APIGroups:[management.cattle.io] Resources:[principals roletemplates] ResourceNames:[] NonResourceURLs:[]} {Verbs:[*] APIGroups:[management.cattle.io] Resources:[preferences] ResourceNames:[] NonResourceURLs:[]} {Verbs:[get list watch] APIGroups:[management.cattle.io] Resources:[settings] ResourceNames:[] NonResourceURLs:[]} {Verbs:[get list watch] APIGroups:[management.cattle.io] Resources:[features] ResourceNames:[] NonResourceURLs:[]} {Verbs:[get list watch] APIGroups:[management.cattle.io] Resources:[templates templateversions catalogs] ResourceNames:[] NonResourceURLs:[]} {Verbs:[create] APIGroups:[management.cattle.io] Resources:[clusters] ResourceNames:[] NonResourceURLs:[]} {Verbs:[get list watch] APIGroups:[management.cattle.io] Resources:[nodedrivers] ResourceNames:[] NonResourceURLs:[]} {Verbs:[get list watch] APIGroups:[management.cattle.io] Resources:[kontainerdrivers] ResourceNames:[] NonResourceURLs:[]} {Verbs:[get list watch] APIGroups:[management.cattle.io] Resources:[podsecuritypolicytemplates] ResourceNames:[] NonResourceURLs:[]} {Verbs:[create] APIGroups:[management.cattle.io] Resources:[nodetemplates] ResourceNames:[] NonResourceURLs:[]} {Verbs:[create] APIGroups:[management.cattle.io] Resources:[fleetworkspaces] ResourceNames:[] NonResourceURLs:[]} {Verbs:[create] APIGroups:[] Resources:[secrets] ResourceNames:[] NonResourceURLs:[]} {Verbs:[create] APIGroups:[management.cattle.io] Resources:[multiclusterapps globaldnses globaldnsproviders clustertemplaterevisions] ResourceNames:[] NonResourceURLs:[]} {Verbs:[*] APIGroups:[project.cattle.io] Resources:[sourcecodecredentials] ResourceNames:[] NonResourceURLs:[]} {Verbs:[*] APIGroups:[project.cattle.io] Resources:[sourcecoderepositories] ResourceNames:[] NonResourceURLs:[]} {Verbs:[get list watch] APIGroups:[management.cattle.io] Resources:[rkek8ssystemimages] ResourceNames:[] NonResourceURLs:[]} {Verbs:[get list watch] APIGroups:[management.cattle.io] Resources:[rkek8sserviceoptions] ResourceNames:[] NonResourceURLs:[]} {Verbs:[get list watch] APIGroups:[management.cattle.io] Resources:[rkeaddons] ResourceNames:[] NonResourceURLs:[]} {Verbs:[get list watch] APIGroups:[management.cattle.io] Resources:[cisconfigs] ResourceNames:[] NonResourceURLs:[]} {Verbs:[get list watch] APIGroups:[management.cattle.io] Resources:[cisbenchmarkversions] ResourceNames:[] NonResourceURLs:[]}]. Want: [{Verbs:[get list watch] APIGroups:[management.cattle.io] Resources:[principals roletemplates] ResourceNames:[] NonResourceURLs:[]} {Verbs:[*] APIGroups:[management.cattle.io] Resources:[preferences] ResourceNames:[] NonResourceURLs:[]} {Verbs:[get list watch] APIGroups:[management.cattle.io] Resources:[settings] ResourceNames:[] NonResourceURLs:[]} {Verbs:[get list watch] APIGroups:[management.cattle.io] Resources:[features] ResourceNames:[] NonResourceURLs:[]} {Verbs:[get list watch] APIGroups:[management.cattle.io] Resources:[templates templateversions catalogs] ResourceNames:[] NonResourceURLs:[]} {Verbs:[create] APIGroups:[management.cattle.io] Resources:[clusters] ResourceNames:[] NonResourceURLs:[]} {Verbs:[get list watch] APIGroups:[management.cattle.io] Resources:[nodedrivers] ResourceNames:[] NonResourceURLs:[]} {Verbs:[get list watch] APIGroups:[management.cattle.io] Resources:[kontainerdrivers] ResourceNames:[] NonResourceURLs:[]} {Verbs:[get list watch] APIGroups:[management.cattle.io] Resources:[podsecuritypolicytemplates] ResourceNames:[] NonResourceURLs:[]} {Verbs:[create] APIGroups:[management.cattle.io] Resources:[nodetemplates] ResourceNames:[] NonResourceURLs:[]} {Verbs:[create] APIGroups:[management.cattle.io] Resources:[fleetworkspaces] ResourceNames:[] NonResourceURLs:[]} {Verbs:[create] APIGroups:[] Resources:[secrets] ResourceNames:[] NonResourceURLs:[]} {Verbs:[create] APIGroups:[management.cattle.io] Resources:[multiclusterapps globaldnses globaldnsproviders clustertemplaterevisions] ResourceNames:[] NonResourceURLs:[]} {Verbs:[*] APIGroups:[project.cattle.io] Resources:[sourcecodecredentials] ResourceNames:[] NonResourceURLs:[]} {Verbs:[*] APIGroups:[project.cattle.io] Resources:[sourcecoderepositories] ResourceNames:[] NonResourceURLs:[]} {Verbs:[get list watch] APIGroups:[management.cattle.io] Resources:[rkek8ssystemimages] ResourceNames:[] NonResourceURLs:[]} {Verbs:[get list watch] APIGroups:[management.cattle.io] Resources:[rkek8sserviceoptions] ResourceNames:[] NonResourceURLs:[]} {Verbs:[get list watch] APIGroups:[management.cattle.io] Resources:[rkeaddons] ResourceNames:[] NonResourceURLs:[]} {Verbs:[get list watch] APIGroups:[management.cattle.io] Resources:[cisconfigs] ResourceNames:[] NonResourceURLs:[]} {Verbs:[get list watch] APIGroups:[management.cattle.io] Resources:[cisbenchmarkversions] ResourceNames:[] NonResourceURLs:[]}]
2021/04/30 06:44:25 [INFO] Creating roleBinding User user-2slhp Role cluster-owner
2021/04/30 06:44:25 [INFO] update kontainerdriver aliyunkubernetescontainerservice
2021/04/30 06:44:25 [INFO] Creating roleBinding User u-4rsqwd4lwt Role cluster-owner
2021/04/30 06:44:25 [INFO] Creating roleBinding User u-4rsqwd4lwt Role cluster-owner
2021/04/30 06:44:25 [INFO] update kontainerdriver azurekubernetesservice
2021/04/30 06:44:25 [INFO] update kontainerdriver baiducloudcontainerengine
2021/04/30 06:44:25 [INFO] update kontainerdriver huaweicontainercloudengine
2021/04/30 06:44:25 [INFO] update kontainerdriver oraclecontainerengine
2021/04/30 06:44:25 [INFO] update kontainerdriver rancherkubernetesengine
2021/04/30 06:44:25 [INFO] update kontainerdriver tencentkubernetesengine
2021/04/30 06:44:25 [INFO] [mgmt-auth-gr-controller] Creating clusterRole cattle-globalrole-restricted-admin for corresponding GlobalRole
2021/04/30 06:44:26 [INFO] Starting apps/v1, Kind=DaemonSet controller
2021/04/30 06:44:26 [INFO] Starting management.cattle.io/v3, Kind=GlobalDnsProvider controller
2021/04/30 06:44:26 [INFO] Starting management.cattle.io/v3, Kind=EtcdBackup controller
2021/04/30 06:44:26 [INFO] Starting management.cattle.io/v3, Kind=ComposeConfig controller
2021/04/30 06:44:26 [INFO] create kontainerdriver linodekubernetesengine
2021/04/30 06:44:26 [INFO] update kontainerdriver amazonelasticcontainerservice
2021/04/30 06:44:26 [INFO] update kontainerdriver googlekubernetesengine
2021/04/30 06:44:26 [INFO] [mgmt-cluster-rbac-delete] Creating namespace local
2021/04/30 06:44:26 [INFO] Rancher startup complete
2021/04/30 06:44:26 [INFO] update kontainerdriver aliyunkubernetescontainerservice
2021/04/30 06:44:26 [INFO] Copying management-state/machine-drivers/645f0a39e61829d8d286ccb0328e1e8c722ae0673f7d971fc8ccf8dff7279001-kontainer-engine-driver-aliyun => /opt/jail/driver-jail/management-state/bin/kontainer-engine-driver-aliyun-tmp
2021/04/30 06:44:26 [INFO] create kontainerdriver opentelekomcloudcontainerengine
2021/04/30 06:44:26 [INFO] [mgmt-cluster-rbac-delete] Creating Default project for cluster local
2021/04/30 06:44:26 [INFO] update kontainerdriver tencentkubernetesengine
2021/04/30 06:44:26 [INFO] Copying management-state/machine-drivers/b03f14bcf6ef1e6e4df77b68901337fbee82208e647a4fad726a01efea053cb0-kontainer-engine-driver-tencent => /opt/jail/driver-jail/management-state/bin/kontainer-engine-driver-tencent-tmp
2021/04/30 06:44:26 [INFO] [mgmt-project-rbac-create] Creating namespace p-n9f2p
2021/04/30 06:44:26 [INFO] [mgmt-auth-prtb-controller] Updating roleBinding rolebinding-ls2z5 for project membership in project p-n29vj for subject u-t2wva57ezu
2021/04/30 06:44:26 [INFO] [mgmt-project-rbac-create] Creating creator projectRoleTemplateBinding for user user-2slhp for project p-n9f2p
2021/04/30 06:44:26 [INFO] [mgmt-auth-prtb-controller] Updating roleBinding rolebinding-dltgg for project membership in project p-bcfr5 for subject u-lwsqafnwit
2021/04/30 06:44:26 [INFO] [mgmt-auth-prtb-controller] Updating role project-member in namespace p-n29vj
2021/04/30 06:44:26 [INFO] [mgmt-auth-prtb-controller] Updating role project-member in namespace p-bcfr5
2021/04/30 06:44:26 [INFO] [mgmt-cluster-rbac-delete] Creating System project for cluster local
2021/04/30 06:44:26 [INFO] [mgmt-cluster-rbac-delete] Updating cluster local
2021/04/30 06:44:26 [INFO] [mgmt-project-rbac-create] Creating namespace p-mhl9j
2021/04/30 06:44:26 [INFO] Deleting roleBinding clusterrolebinding-srj57
2021/04/30 06:44:26 [INFO] [mgmt-project-rbac-create] Creating creator clusterRoleTemplateBinding for user user-2slhp for cluster local
2021/04/30 06:44:26 [INFO] [mgmt-auth-prtb-controller] Updating role project-member in namespace p-n29vj
2021/04/30 06:44:26 [INFO] [mgmt-auth-prtb-controller] Updating roleBinding rolebinding-hmg4n for project membership in project p-bcfr5 for subject user-2slhp
2021/04/30 06:44:26 [INFO] [mgmt-auth-prtb-controller] Updating role project-member in namespace p-bcfr5
2021/04/30 06:44:26 [INFO] Redeploy Rancher Agents is needed for c-vrw5v: forceDeploy=false, agent/auth image changed=true, private repo changed=false, agent features changed=true
2021/04/30 06:44:26 [INFO] [mgmt-project-rbac-create] Creating creator projectRoleTemplateBinding for user user-2slhp for project p-mhl9j
2021/04/30 06:44:26 [INFO] [mgmt-auth-crtb-controller] Creating role/clusterRole local-clusterowner
2021/04/30 06:44:26 [INFO] [mgmt-auth-prtb-controller] Updating role project-owner in namespace p-bcfr5
2021/04/30 06:44:26 [INFO] Updating role project-member in p-bcfr5 because of rules difference with roleTemplate Project Member (project-member).
2021/04/30 06:44:26 [INFO] Updating role project-member in p-bcfr5 because of rules difference with roleTemplate Project Member (project-member).
2021/04/30 06:44:26 [INFO] [mgmt-auth-crtb-controller] Setting InitialRolesPopulated condition on cluster 
2021/04/30 06:44:26 [INFO] [mgmt-cluster-rbac-delete] Updating cluster local
2021/04/30 06:44:26 [INFO] [mgmt-auth-crtb-controller] Creating clusterRoleBinding for membership in cluster local for subject user-2slhp
2021/04/30 06:44:26 [INFO] Updating role project-member in p-n29vj because of rules difference with roleTemplate Project Member (project-member).
2021/04/30 06:44:26 [INFO] [mgmt-auth-prtb-controller] Updating role project-owner in namespace p-bcfr5
2021/04/30 06:44:26 [INFO] [mgmt-auth-prtb-controller] Updating roleBinding rolebinding-dvwt2 for project membership in project p-n29vj for subject user-2slhp
2021/04/30 06:44:26 [INFO] [mgmt-auth-crtb-controller] Creating role cluster-owner in namespace local
2021/04/30 06:44:26 [INFO] [mgmt-auth-crtb-controller] Setting InitialRolesPopulated condition on project p-n9f2p
2021/04/30 06:44:26 [INFO] [mgmt-auth-prtb-controller] Updating role project-owner in namespace p-n29vj
2021/04/30 06:44:26 [INFO] [mgmt-auth-prtb-controller] Updating role project-member in namespace p-bcfr5
2021/04/30 06:44:26 [INFO] Updating role project-owner in p-bcfr5 because of rules difference with roleTemplate Project Owner (project-owner).
2021/04/30 06:44:26 [INFO] [mgmt-auth-prtb-controller] Updating role project-member in namespace p-n29vj
2021/04/30 06:44:26 [INFO] [mgmt-project-rbac-create] Updating project p-n9f2p
2021/04/30 06:44:26 [INFO] [mgmt-auth-prtb-controller] Creating role/clusterRole p-n9f2p-projectowner
2021/04/30 06:44:26 [INFO] Updating role project-owner in p-bcfr5 because of rules difference with roleTemplate Project Owner (project-owner).
2021/04/30 06:44:26 [INFO] [mgmt-auth-crtb-controller] Setting InitialRolesPopulated condition on project p-mhl9j
2021/04/30 06:44:26 [INFO] [mgmt-project-rbac-create] Updating project p-mhl9j
2021/04/30 06:44:26 [INFO] Copying management-state/machine-drivers/6a9041c4ebcba306df6bd2ea8c2753754ece0381076e80eeebdfc95d091db57b-docker-machine-driver-aliyunecs => /opt/drivers/management-state/bin/docker-machine-driver-aliyunecs-tmp
2021/04/30 06:44:26 [INFO] kontainerdriver aliyunkubernetescontainerservice downloaded and registered at /management-state/bin/kontainer-engine-driver-aliyun
2021/04/30 06:44:26 [INFO] [mgmt-auth-crtb-controller] Creating roleBinding for subject user-2slhp with role cluster-owner in namespace 
2021/04/30 06:44:26 [INFO] Updating role project-owner in p-n29vj because of rules difference with roleTemplate Project Owner (project-owner).
2021/04/30 06:44:26 [INFO] [mgmt-auth-prtb-controller] Creating roleBinding for membership in project p-n9f2p for subject user-2slhp
2021/04/30 06:44:26 [INFO] kontainerdriver tencentkubernetesengine downloaded and registered at /management-state/bin/kontainer-engine-driver-tencent
2021/04/30 06:44:27 [INFO] [mgmt-auth-prtb-controller] Creating role/clusterRole p-mhl9j-projectowner
2021/04/30 06:44:27 [INFO] update kontainerdriver huaweicontainercloudengine
2021/04/30 06:44:27 [INFO] Copying management-state/machine-drivers/ce718ae6d0fda1ceef6081c972eb9e4f8574a8314810e591523da55044803438-kontainer-engine-driver-huawei => /opt/jail/driver-jail/management-state/bin/kontainer-engine-driver-huawei-tmp
2021/04/30 06:44:27 [INFO] Updating role project-owner in p-n29vj because of rules difference with roleTemplate Project Owner (project-owner).
2021/04/30 06:44:27 [INFO] [mgmt-auth-prtb-controller] Creating role/clusterRole local-clustermember
2021/04/30 06:44:27 [INFO] update kontainerdriver linodekubernetesengine
2021/04/30 06:44:27 [INFO] update kontainerdriver opentelekomcloudcontainerengine
2021/04/30 06:44:27 [INFO] update kontainerdriver aliyunkubernetescontainerservice
2021/04/30 06:44:27 [INFO] [mgmt-auth-crtb-controller] Creating role cluster-owner in namespace p-n9f2p
2021/04/30 06:44:27 [INFO] [mgmt-auth-prtb-controller] Updating role project-owner in namespace p-bcfr5
2021/04/30 06:44:27 [INFO] [mgmt-auth-prtb-controller] Creating clusterRoleBinding for membership in cluster local for subject user-2slhp
2021/04/30 06:44:27 [INFO] [mgmt-project-rbac-create] Updating project p-n9f2p
2021/04/30 06:44:27 [INFO] [mgmt-auth-prtb-controller] Creating roleBinding for membership in project p-mhl9j for subject user-2slhp
2021/04/30 06:44:27 [INFO] [mgmt-auth-crtb-controller] Creating roleBinding for subject user-2slhp with role cluster-owner in namespace 
2021/04/30 06:44:27 [INFO] [mgmt-auth-prtb-controller] Creating clusterRoleBinding for membership in cluster local for subject user-2slhp
2021/04/30 06:44:27 [INFO] [mgmt-project-rbac-create] Updating project p-mhl9j
2021/04/30 06:44:27 [INFO] [mgmt-auth-prtb-controller] Updating role project-owner in namespace p-n29vj
2021/04/30 06:44:27 [INFO] [mgmt-auth-prtb-controller] Creating role project-owner in namespace local
2021/04/30 06:44:27 [INFO] [mgmt-auth-prtb-controller] Creating role project-owner in namespace local
2021/04/30 06:44:27 [INFO] [mgmt-auth-crtb-controller] Creating role cluster-owner in namespace p-mhl9j
2021/04/30 06:44:27 [INFO] [mgmt-cluster-rbac-delete] Updating cluster local
2021/04/30 06:44:27 [INFO] Stopping cluster agent for local
2021/04/30 06:44:27 [INFO] [mgmt-auth-prtb-controller] Creating roleBinding for subject user-2slhp with role project-owner in namespace 
2021/04/30 06:44:27 [INFO] [mgmt-auth-crtb-controller] Creating roleBinding for subject user-2slhp with role cluster-owner in namespace 
2021/04/30 06:44:27 [INFO] [mgmt-auth-prtb-controller] Creating role project-owner in namespace p-n9f2p
2021/04/30 06:44:27 [INFO] [mgmt-auth-prtb-controller] Creating roleBinding for subject user-2slhp with role project-owner in namespace 
2021/04/30 06:44:27 [INFO] [mgmt-auth-prtb-controller] Creating role admin in namespace p-mhl9j
2021/04/30 06:44:27 [INFO] [mgmt-auth-prtb-controller] Creating role admin in namespace p-n9f2p
2021/04/30 06:44:27 [INFO] [mgmt-auth-prtb-controller] Creating roleBinding for subject user-2slhp with role project-owner in namespace 
2021/04/30 06:44:27 [INFO] [mgmt-auth-prtb-controller] Creating role project-owner in namespace p-mhl9j
2021/04/30 06:44:27 [INFO] [mgmt-auth-prtb-controller] Creating roleBinding for subject user-2slhp with role admin in namespace 
2021/04/30 06:44:27 [INFO] [mgmt-auth-prtb-controller] Creating roleBinding for subject user-2slhp with role project-owner in namespace 
2021/04/30 06:44:27 [INFO] [mgmt-auth-prtb-controller] Creating roleBinding for subject user-2slhp with role admin in namespace 
2021/04/30 06:44:27 [INFO] Stopping cluster agent for local
2021/04/30 06:44:27 [INFO] [mgmt-auth-prtb-controller] Updating clusterRoleBinding clusterrolebinding-zrflq for cluster membership in cluster local for subject user-2slhp
2021/04/30 06:44:28 [INFO] Stopping cluster agent for local
2021/04/30 06:44:28 [INFO] Stopping cluster agent for local
2021/04/30 06:44:28 [INFO] kontainerdriver huaweicontainercloudengine downloaded and registered at /management-state/bin/kontainer-engine-driver-huawei
2021/04/30 06:44:28 [INFO] update kontainerdriver tencentkubernetesengine
2021/04/30 06:44:28 [INFO] Registering project network policy
2021/04/30 06:44:28 [INFO] Not registering CIS controller for non RKE cluster: local
2021/04/30 06:44:28 [INFO] registering podsecuritypolicy cluster handler for cluster local
2021/04/30 06:44:28 [INFO] registering podsecuritypolicy project handler for cluster local
2021/04/30 06:44:28 [INFO] registering podsecuritypolicy namespace handler for cluster local
2021/04/30 06:44:28 [INFO] registering podsecuritypolicy serviceaccount handler for cluster local
2021/04/30 06:44:28 [INFO] registering podsecuritypolicy template handler for cluster local
2021/04/30 06:44:28 [INFO] Updating global catalog system-library
2021/04/30 06:44:29 [INFO] Registering monitoring for cluster "local"
2021/04/30 06:44:29 [INFO] Registering istio for cluster "local"
2021/04/30 06:44:29 [INFO] Registering GPUManagement for cluster "local"
2021/04/30 06:44:29 [INFO] Registering F5 CIS for cluster "local"
2021/04/30 06:44:29 [INFO] Creating CRD virtualservers.cis.f5.com
2021/04/30 06:44:29 [INFO] Creating CRD transportservers.cis.f5.com
2021/04/30 06:44:29 [INFO] Creating CRD tlsprofiles.cis.f5.com
2021/04/30 06:44:29 [INFO] Creating CRD externaldnss.cis.f5.com
2021/04/30 06:44:29 [INFO] Waiting for CRD transportservers.cis.f5.com to become available
2021/04/30 06:44:29 [INFO] Refreshing all schemas
2021/04/30 06:44:29 [INFO] Done waiting for CRD transportservers.cis.f5.com to become available
2021/04/30 06:44:29 [INFO] Waiting for CRD tlsprofiles.cis.f5.com to become available
2021/04/30 06:44:29 [INFO] error in remotedialer server [400]: websocket: close 1006 (abnormal closure): unexpected EOF
2021/04/30 06:44:30 [INFO] Refreshing all schemas
2021/04/30 06:44:30 [INFO] APIVersion /v1 Kind Binding
2021/04/30 06:44:30 [INFO] APIVersion /v1 Kind ComponentStatus
2021/04/30 06:44:30 [INFO] APIVersion /v1 Kind ConfigMap
2021/04/30 06:44:30 [INFO] APIVersion /v1 Kind Endpoints
2021/04/30 06:44:30 [INFO] APIVersion /v1 Kind Event
2021/04/30 06:44:30 [INFO] APIVersion /v1 Kind LimitRange
2021/04/30 06:44:30 [INFO] APIVersion /v1 Kind Namespace
2021/04/30 06:44:30 [INFO] APIVersion /v1 Kind Node
2021/04/30 06:44:30 [INFO] APIVersion /v1 Kind PersistentVolumeClaim
2021/04/30 06:44:30 [INFO] APIVersion /v1 Kind PersistentVolume
2021/04/30 06:44:30 [INFO] APIVersion /v1 Kind Pod
2021/04/30 06:44:30 [INFO] APIVersion /v1 Kind PodTemplate
2021/04/30 06:44:30 [INFO] APIVersion /v1 Kind ReplicationController
2021/04/30 06:44:30 [INFO] APIVersion /v1 Kind ResourceQuota
2021/04/30 06:44:30 [INFO] APIVersion /v1 Kind Secret
2021/04/30 06:44:30 [INFO] APIVersion /v1 Kind ServiceAccount
2021/04/30 06:44:30 [INFO] APIVersion /v1 Kind Service
2021/04/30 06:44:30 [INFO] APIVersion apiregistration.k8s.io/v1 Kind APIService
2021/04/30 06:44:30 [INFO] APIVersion apiregistration.k8s.io/v1beta1 Kind APIService
2021/04/30 06:44:30 [INFO] APIVersion extensions/v1beta1 Kind Ingress
2021/04/30 06:44:30 [INFO] APIVersion apps/v1 Kind ControllerRevision
2021/04/30 06:44:30 [INFO] APIVersion apps/v1 Kind DaemonSet
2021/04/30 06:44:30 [INFO] APIVersion apps/v1 Kind Deployment
2021/04/30 06:44:30 [INFO] APIVersion apps/v1 Kind ReplicaSet
2021/04/30 06:44:30 [INFO] APIVersion apps/v1 Kind StatefulSet
2021/04/30 06:44:30 [INFO] APIVersion events.k8s.io/v1beta1 Kind Event
2021/04/30 06:44:30 [INFO] APIVersion authentication.k8s.io/v1 Kind TokenReview
2021/04/30 06:44:30 [INFO] APIVersion authentication.k8s.io/v1beta1 Kind TokenReview
2021/04/30 06:44:30 [INFO] APIVersion authorization.k8s.io/v1 Kind LocalSubjectAccessReview
2021/04/30 06:44:30 [INFO] APIVersion authorization.k8s.io/v1 Kind SelfSubjectAccessReview
2021/04/30 06:44:30 [INFO] APIVersion authorization.k8s.io/v1 Kind SelfSubjectRulesReview
2021/04/30 06:44:30 [INFO] APIVersion authorization.k8s.io/v1 Kind SubjectAccessReview
2021/04/30 06:44:30 [INFO] APIVersion authorization.k8s.io/v1beta1 Kind LocalSubjectAccessReview
2021/04/30 06:44:30 [INFO] APIVersion authorization.k8s.io/v1beta1 Kind SelfSubjectAccessReview
2021/04/30 06:44:30 [INFO] APIVersion authorization.k8s.io/v1beta1 Kind SelfSubjectRulesReview
2021/04/30 06:44:30 [INFO] APIVersion authorization.k8s.io/v1beta1 Kind SubjectAccessReview
2021/04/30 06:44:30 [INFO] APIVersion autoscaling/v1 Kind HorizontalPodAutoscaler
2021/04/30 06:44:30 [INFO] APIVersion autoscaling/v2beta1 Kind HorizontalPodAutoscaler
2021/04/30 06:44:30 [INFO] APIVersion autoscaling/v2beta2 Kind HorizontalPodAutoscaler
2021/04/30 06:44:30 [INFO] APIVersion batch/v1 Kind Job
2021/04/30 06:44:30 [INFO] APIVersion batch/v1beta1 Kind CronJob
2021/04/30 06:44:30 [INFO] APIVersion certificates.k8s.io/v1beta1 Kind CertificateSigningRequest
2021/04/30 06:44:30 [INFO] APIVersion networking.k8s.io/v1 Kind NetworkPolicy
2021/04/30 06:44:30 [INFO] APIVersion networking.k8s.io/v1beta1 Kind IngressClass
2021/04/30 06:44:30 [INFO] APIVersion networking.k8s.io/v1beta1 Kind Ingress
2021/04/30 06:44:30 [INFO] APIVersion policy/v1beta1 Kind PodDisruptionBudget
2021/04/30 06:44:30 [INFO] APIVersion policy/v1beta1 Kind PodSecurityPolicy
2021/04/30 06:44:30 [INFO] APIVersion rbac.authorization.k8s.io/v1 Kind ClusterRoleBinding
2021/04/30 06:44:30 [INFO] APIVersion rbac.authorization.k8s.io/v1 Kind ClusterRole
2021/04/30 06:44:30 [INFO] APIVersion rbac.authorization.k8s.io/v1 Kind RoleBinding
2021/04/30 06:44:30 [INFO] APIVersion rbac.authorization.k8s.io/v1 Kind Role
2021/04/30 06:44:30 [INFO] APIVersion rbac.authorization.k8s.io/v1beta1 Kind ClusterRoleBinding
2021/04/30 06:44:30 [INFO] APIVersion rbac.authorization.k8s.io/v1beta1 Kind ClusterRole
2021/04/30 06:44:30 [INFO] APIVersion rbac.authorization.k8s.io/v1beta1 Kind RoleBinding
2021/04/30 06:44:30 [INFO] APIVersion rbac.authorization.k8s.io/v1beta1 Kind Role
2021/04/30 06:44:30 [INFO] APIVersion storage.k8s.io/v1 Kind CSIDriver
2021/04/30 06:44:30 [INFO] APIVersion storage.k8s.io/v1 Kind CSINode
2021/04/30 06:44:30 [INFO] APIVersion storage.k8s.io/v1 Kind StorageClass
2021/04/30 06:44:30 [INFO] APIVersion storage.k8s.io/v1 Kind VolumeAttachment
2021/04/30 06:44:30 [INFO] APIVersion storage.k8s.io/v1beta1 Kind CSIDriver
2021/04/30 06:44:30 [INFO] APIVersion storage.k8s.io/v1beta1 Kind CSINode
2021/04/30 06:44:30 [INFO] APIVersion storage.k8s.io/v1beta1 Kind StorageClass
2021/04/30 06:44:30 [INFO] APIVersion storage.k8s.io/v1beta1 Kind VolumeAttachment
2021/04/30 06:44:30 [INFO] APIVersion admissionregistration.k8s.io/v1 Kind MutatingWebhookConfiguration
2021/04/30 06:44:30 [INFO] APIVersion admissionregistration.k8s.io/v1 Kind ValidatingWebhookConfiguration
2021/04/30 06:44:30 [INFO] APIVersion admissionregistration.k8s.io/v1beta1 Kind MutatingWebhookConfiguration
2021/04/30 06:44:30 [INFO] APIVersion admissionregistration.k8s.io/v1beta1 Kind ValidatingWebhookConfiguration
2021/04/30 06:44:30 [INFO] APIVersion apiextensions.k8s.io/v1 Kind CustomResourceDefinition
2021/04/30 06:44:30 [INFO] APIVersion apiextensions.k8s.io/v1beta1 Kind CustomResourceDefinition
2021/04/30 06:44:30 [INFO] APIVersion scheduling.k8s.io/v1 Kind PriorityClass
2021/04/30 06:44:30 [INFO] APIVersion scheduling.k8s.io/v1beta1 Kind PriorityClass
2021/04/30 06:44:30 [INFO] APIVersion coordination.k8s.io/v1 Kind Lease
2021/04/30 06:44:30 [INFO] APIVersion coordination.k8s.io/v1beta1 Kind Lease
2021/04/30 06:44:30 [INFO] APIVersion node.k8s.io/v1beta1 Kind RuntimeClass
2021/04/30 06:44:30 [INFO] APIVersion discovery.k8s.io/v1beta1 Kind EndpointSlice
2021/04/30 06:44:30 [INFO] APIVersion catalog.cattle.io/v1 Kind ClusterRepo
2021/04/30 06:44:30 [INFO] APIVersion catalog.cattle.io/v1 Kind Operation
2021/04/30 06:44:30 [INFO] APIVersion catalog.cattle.io/v1 Kind App
2021/04/30 06:44:30 [INFO] APIVersion cis.f5.com/v1 Kind ExternalDNS
2021/04/30 06:44:30 [INFO] APIVersion cis.f5.com/v1 Kind TransportServer
2021/04/30 06:44:30 [INFO] APIVersion cis.f5.com/v1 Kind VirtualServer
2021/04/30 06:44:30 [INFO] APIVersion cis.f5.com/v1 Kind TLSProfile
2021/04/30 06:44:30 [INFO] APIVersion helm.cattle.io/v1 Kind HelmChart
2021/04/30 06:44:30 [INFO] APIVersion k3s.cattle.io/v1 Kind Addon
2021/04/30 06:44:30 [INFO] APIVersion management.cattle.io/v3 Kind CisBenchmarkVersion
2021/04/30 06:44:30 [INFO] APIVersion management.cattle.io/v3 Kind ComposeConfig
2021/04/30 06:44:30 [INFO] APIVersion management.cattle.io/v3 Kind ClusterMonitorGraph
2021/04/30 06:44:30 [INFO] APIVersion management.cattle.io/v3 Kind Project
2021/04/30 06:44:30 [INFO] APIVersion management.cattle.io/v3 Kind Notifier
2021/04/30 06:44:30 [INFO] APIVersion management.cattle.io/v3 Kind RkeK8sSystemImage
2021/04/30 06:44:30 [INFO] APIVersion management.cattle.io/v3 Kind FleetWorkspace
2021/04/30 06:44:30 [INFO] APIVersion management.cattle.io/v3 Kind ClusterScan
2021/04/30 06:44:30 [INFO] APIVersion management.cattle.io/v3 Kind NodeTemplate
2021/04/30 06:44:30 [INFO] APIVersion management.cattle.io/v3 Kind ClusterTemplateRevision
2021/04/30 06:44:30 [INFO] APIVersion management.cattle.io/v3 Kind Template
2021/04/30 06:44:30 [INFO] APIVersion management.cattle.io/v3 Kind Feature
2021/04/30 06:44:30 [INFO] APIVersion management.cattle.io/v3 Kind GroupMember
2021/04/30 06:44:30 [INFO] APIVersion management.cattle.io/v3 Kind User
2021/04/30 06:44:30 [INFO] APIVersion management.cattle.io/v3 Kind GlobalDnsProvider
2021/04/30 06:44:30 [INFO] APIVersion management.cattle.io/v3 Kind GlobalRole
2021/04/30 06:44:30 [INFO] APIVersion management.cattle.io/v3 Kind ProjectAlertRule
2021/04/30 06:44:30 [INFO] APIVersion management.cattle.io/v3 Kind DynamicSchema
2021/04/30 06:44:30 [INFO] APIVersion management.cattle.io/v3 Kind Token
2021/04/30 06:44:30 [INFO] APIVersion management.cattle.io/v3 Kind Group
2021/04/30 06:44:30 [INFO] APIVersion management.cattle.io/v3 Kind ProjectAlertGroup
2021/04/30 06:44:30 [INFO] APIVersion management.cattle.io/v3 Kind MultiClusterAppRevision
2021/04/30 06:44:30 [INFO] APIVersion management.cattle.io/v3 Kind Setting
2021/04/30 06:44:30 [INFO] APIVersion management.cattle.io/v3 Kind CisConfig
2021/04/30 06:44:30 [INFO] APIVersion management.cattle.io/v3 Kind ClusterTemplate
2021/04/30 06:44:30 [INFO] APIVersion management.cattle.io/v3 Kind ProjectAlert
2021/04/30 06:44:30 [INFO] APIVersion management.cattle.io/v3 Kind Node
2021/04/30 06:44:30 [INFO] APIVersion management.cattle.io/v3 Kind ClusterRegistrationToken
2021/04/30 06:44:30 [INFO] APIVersion management.cattle.io/v3 Kind EtcdBackup
2021/04/30 06:44:30 [INFO] APIVersion management.cattle.io/v3 Kind CatalogTemplate
2021/04/30 06:44:30 [INFO] APIVersion management.cattle.io/v3 Kind ClusterCatalog
2021/04/30 06:44:30 [INFO] APIVersion management.cattle.io/v3 Kind GlobalRoleBinding
2021/04/30 06:44:30 [INFO] APIVersion management.cattle.io/v3 Kind ProjectMonitorGraph
2021/04/30 06:44:30 [INFO] APIVersion management.cattle.io/v3 Kind Cluster
2021/04/30 06:44:30 [INFO] APIVersion management.cattle.io/v3 Kind RkeK8sServiceOption
2021/04/30 06:44:30 [INFO] APIVersion management.cattle.io/v3 Kind Catalog
2021/04/30 06:44:30 [INFO] APIVersion management.cattle.io/v3 Kind ClusterAlertRule
2021/04/30 06:44:30 [INFO] APIVersion management.cattle.io/v3 Kind RkeAddon
2021/04/30 06:44:30 [INFO] APIVersion management.cattle.io/v3 Kind SamlToken
2021/04/30 06:44:30 [INFO] APIVersion management.cattle.io/v3 Kind ProjectRoleTemplateBinding
2021/04/30 06:44:30 [INFO] APIVersion management.cattle.io/v3 Kind ProjectCatalog
2021/04/30 06:44:30 [INFO] APIVersion management.cattle.io/v3 Kind TemplateContent
2021/04/30 06:44:30 [INFO] APIVersion management.cattle.io/v3 Kind NodePool
2021/04/30 06:44:30 [INFO] APIVersion management.cattle.io/v3 Kind ProjectLogging
2021/04/30 06:44:30 [INFO] APIVersion management.cattle.io/v3 Kind TemplateVersion
2021/04/30 06:44:30 [INFO] APIVersion management.cattle.io/v3 Kind CatalogTemplateVersion
2021/04/30 06:44:30 [INFO] APIVersion management.cattle.io/v3 Kind NodeDriver
2021/04/30 06:44:30 [INFO] APIVersion management.cattle.io/v3 Kind RoleTemplate
2021/04/30 06:44:30 [INFO] APIVersion management.cattle.io/v3 Kind ClusterAlert
2021/04/30 06:44:30 [INFO] APIVersion management.cattle.io/v3 Kind PodSecurityPolicyTemplateProjectBinding
2021/04/30 06:44:30 [INFO] APIVersion management.cattle.io/v3 Kind ClusterAlertGroup
2021/04/30 06:44:30 [INFO] APIVersion management.cattle.io/v3 Kind UserAttribute
2021/04/30 06:44:30 [INFO] APIVersion management.cattle.io/v3 Kind ClusterLogging
2021/04/30 06:44:30 [INFO] APIVersion management.cattle.io/v3 Kind Preference
2021/04/30 06:44:30 [INFO] APIVersion management.cattle.io/v3 Kind MultiClusterApp
2021/04/30 06:44:30 [INFO] APIVersion management.cattle.io/v3 Kind PodSecurityPolicyTemplate
2021/04/30 06:44:30 [INFO] APIVersion management.cattle.io/v3 Kind MonitorMetric
2021/04/30 06:44:30 [INFO] APIVersion management.cattle.io/v3 Kind GlobalDns
2021/04/30 06:44:30 [INFO] APIVersion management.cattle.io/v3 Kind ProjectNetworkPolicy
2021/04/30 06:44:30 [INFO] APIVersion management.cattle.io/v3 Kind NotificationTemplate
2021/04/30 06:44:30 [INFO] APIVersion management.cattle.io/v3 Kind ClusterRoleTemplateBinding
2021/04/30 06:44:30 [INFO] APIVersion management.cattle.io/v3 Kind KontainerDriver
2021/04/30 06:44:30 [INFO] APIVersion management.cattle.io/v3 Kind AuthConfig
2021/04/30 06:44:30 [INFO] APIVersion mgt.pandaria.io/v3 Kind SensitiveFilter
2021/04/30 06:44:30 [INFO] APIVersion project.cattle.io/v3 Kind PipelineExecution
2021/04/30 06:44:30 [INFO] APIVersion project.cattle.io/v3 Kind PipelineSetting
2021/04/30 06:44:30 [INFO] APIVersion project.cattle.io/v3 Kind SourceCodeRepository
2021/04/30 06:44:30 [INFO] APIVersion project.cattle.io/v3 Kind Pipeline
2021/04/30 06:44:30 [INFO] APIVersion project.cattle.io/v3 Kind SourceCodeCredential
2021/04/30 06:44:30 [INFO] APIVersion project.cattle.io/v3 Kind App
2021/04/30 06:44:30 [INFO] APIVersion project.cattle.io/v3 Kind AppRevision
2021/04/30 06:44:30 [INFO] APIVersion project.cattle.io/v3 Kind SourceCodeProviderConfig
2021/04/30 06:44:30 [INFO] Done waiting for CRD tlsprofiles.cis.f5.com to become available
2021/04/30 06:44:30 [INFO] Waiting for CRD externaldnss.cis.f5.com to become available
2021/04/30 06:44:30 [INFO] Watching metadata for cis.f5.com/v1, Kind=TLSProfile
2021/04/30 06:44:30 [INFO] Watching metadata for cis.f5.com/v1, Kind=ExternalDNS
2021/04/30 06:44:30 [INFO] Watching metadata for cis.f5.com/v1, Kind=TransportServer
2021/04/30 06:44:30 [INFO] Watching metadata for cis.f5.com/v1, Kind=VirtualServer
2021/04/30 06:44:31 [INFO] Done waiting for CRD externaldnss.cis.f5.com to become available
2021/04/30 06:44:31 [INFO] Creating CRD prometheuses.monitoring.coreos.com
2021/04/30 06:44:31 [INFO] Creating CRD prometheusrules.monitoring.coreos.com
2021/04/30 06:44:31 [INFO] Creating CRD alertmanagers.monitoring.coreos.com
2021/04/30 06:44:31 [INFO] Refreshing all schemas
2021/04/30 06:44:31 [INFO] Creating CRD servicemonitors.monitoring.coreos.com
2021/04/30 06:44:31 [INFO] kontainerdriver azurekubernetesservice listening on address 127.0.0.1:45927
2021/04/30 06:44:31 [INFO] kontainerdriver azurekubernetesservice stopped
2021/04/30 06:44:31 [INFO] dynamic schema for kontainerdriver azurekubernetesservice updating
2021/04/30 06:44:31 [INFO] Waiting for CRD servicemonitors.monitoring.coreos.com to become available
2021/04/30 06:44:31 [INFO] kontainerdriver amazonelasticcontainerservice listening on address 127.0.0.1:41091
2021/04/30 06:44:31 [INFO] kontainerdriver amazonelasticcontainerservice stopped
2021/04/30 06:44:31 [INFO] dynamic schema for kontainerdriver amazonelasticcontainerservice updating
2021/04/30 06:44:31 [INFO] update kontainerdriver huaweicontainercloudengine
2021/04/30 06:44:31 [INFO] kontainerdriver googlekubernetesengine listening on address 127.0.0.1:39125
2021/04/30 06:44:31 [INFO] kontainerdriver googlekubernetesengine stopped
2021/04/30 06:44:31 [INFO] dynamic schema for kontainerdriver googlekubernetesengine updating
2021/04/30 06:44:31 [INFO] Refreshing all schemas
2021/04/30 06:44:31 [INFO] APIVersion /v1 Kind Binding
2021/04/30 06:44:31 [INFO] APIVersion /v1 Kind ComponentStatus
2021/04/30 06:44:31 [INFO] APIVersion /v1 Kind ConfigMap
2021/04/30 06:44:31 [INFO] APIVersion /v1 Kind Endpoints
2021/04/30 06:44:31 [INFO] APIVersion /v1 Kind Event
2021/04/30 06:44:31 [INFO] APIVersion /v1 Kind LimitRange
2021/04/30 06:44:31 [INFO] APIVersion /v1 Kind Namespace
2021/04/30 06:44:31 [INFO] APIVersion /v1 Kind Node
2021/04/30 06:44:31 [INFO] APIVersion /v1 Kind PersistentVolumeClaim
2021/04/30 06:44:31 [INFO] APIVersion /v1 Kind PersistentVolume
2021/04/30 06:44:31 [INFO] APIVersion /v1 Kind Pod
2021/04/30 06:44:31 [INFO] APIVersion /v1 Kind PodTemplate
2021/04/30 06:44:31 [INFO] APIVersion /v1 Kind ReplicationController
2021/04/30 06:44:31 [INFO] APIVersion /v1 Kind ResourceQuota
2021/04/30 06:44:31 [INFO] APIVersion /v1 Kind Secret
2021/04/30 06:44:31 [INFO] APIVersion /v1 Kind ServiceAccount
2021/04/30 06:44:31 [INFO] APIVersion /v1 Kind Service
2021/04/30 06:44:31 [INFO] APIVersion apiregistration.k8s.io/v1 Kind APIService
2021/04/30 06:44:31 [INFO] APIVersion apiregistration.k8s.io/v1beta1 Kind APIService
2021/04/30 06:44:31 [INFO] APIVersion extensions/v1beta1 Kind Ingress
2021/04/30 06:44:31 [INFO] APIVersion apps/v1 Kind ControllerRevision
2021/04/30 06:44:31 [INFO] APIVersion apps/v1 Kind DaemonSet
2021/04/30 06:44:31 [INFO] APIVersion apps/v1 Kind Deployment
2021/04/30 06:44:31 [INFO] APIVersion apps/v1 Kind ReplicaSet
2021/04/30 06:44:31 [INFO] APIVersion apps/v1 Kind StatefulSet
2021/04/30 06:44:31 [INFO] APIVersion events.k8s.io/v1beta1 Kind Event
2021/04/30 06:44:31 [INFO] APIVersion authentication.k8s.io/v1 Kind TokenReview
2021/04/30 06:44:31 [INFO] APIVersion authentication.k8s.io/v1beta1 Kind TokenReview
2021/04/30 06:44:31 [INFO] APIVersion authorization.k8s.io/v1 Kind LocalSubjectAccessReview
2021/04/30 06:44:31 [INFO] APIVersion authorization.k8s.io/v1 Kind SelfSubjectAccessReview
2021/04/30 06:44:31 [INFO] APIVersion authorization.k8s.io/v1 Kind SelfSubjectRulesReview
2021/04/30 06:44:31 [INFO] APIVersion authorization.k8s.io/v1 Kind SubjectAccessReview
2021/04/30 06:44:31 [INFO] APIVersion authorization.k8s.io/v1beta1 Kind LocalSubjectAccessReview
2021/04/30 06:44:31 [INFO] APIVersion authorization.k8s.io/v1beta1 Kind SelfSubjectAccessReview
2021/04/30 06:44:31 [INFO] APIVersion authorization.k8s.io/v1beta1 Kind SelfSubjectRulesReview
2021/04/30 06:44:31 [INFO] APIVersion authorization.k8s.io/v1beta1 Kind SubjectAccessReview
2021/04/30 06:44:31 [INFO] APIVersion autoscaling/v1 Kind HorizontalPodAutoscaler
2021/04/30 06:44:31 [INFO] APIVersion autoscaling/v2beta1 Kind HorizontalPodAutoscaler
2021/04/30 06:44:31 [INFO] APIVersion autoscaling/v2beta2 Kind HorizontalPodAutoscaler
2021/04/30 06:44:31 [INFO] APIVersion batch/v1 Kind Job
2021/04/30 06:44:31 [INFO] APIVersion batch/v1beta1 Kind CronJob
2021/04/30 06:44:31 [INFO] APIVersion certificates.k8s.io/v1beta1 Kind CertificateSigningRequest
2021/04/30 06:44:31 [INFO] APIVersion networking.k8s.io/v1 Kind NetworkPolicy
2021/04/30 06:44:31 [INFO] APIVersion networking.k8s.io/v1beta1 Kind IngressClass
2021/04/30 06:44:31 [INFO] APIVersion networking.k8s.io/v1beta1 Kind Ingress
2021/04/30 06:44:31 [INFO] APIVersion policy/v1beta1 Kind PodDisruptionBudget
2021/04/30 06:44:31 [INFO] APIVersion policy/v1beta1 Kind PodSecurityPolicy
2021/04/30 06:44:31 [INFO] APIVersion rbac.authorization.k8s.io/v1 Kind ClusterRoleBinding
2021/04/30 06:44:31 [INFO] APIVersion rbac.authorization.k8s.io/v1 Kind ClusterRole
2021/04/30 06:44:31 [INFO] APIVersion rbac.authorization.k8s.io/v1 Kind RoleBinding
2021/04/30 06:44:31 [INFO] APIVersion rbac.authorization.k8s.io/v1 Kind Role
2021/04/30 06:44:31 [INFO] APIVersion rbac.authorization.k8s.io/v1beta1 Kind ClusterRoleBinding
2021/04/30 06:44:31 [INFO] APIVersion rbac.authorization.k8s.io/v1beta1 Kind ClusterRole
2021/04/30 06:44:31 [INFO] APIVersion rbac.authorization.k8s.io/v1beta1 Kind RoleBinding
2021/04/30 06:44:31 [INFO] APIVersion rbac.authorization.k8s.io/v1beta1 Kind Role
2021/04/30 06:44:31 [INFO] APIVersion storage.k8s.io/v1 Kind CSIDriver
2021/04/30 06:44:31 [INFO] APIVersion storage.k8s.io/v1 Kind CSINode
2021/04/30 06:44:31 [INFO] APIVersion storage.k8s.io/v1 Kind StorageClass
2021/04/30 06:44:31 [INFO] APIVersion storage.k8s.io/v1 Kind VolumeAttachment
2021/04/30 06:44:31 [INFO] APIVersion storage.k8s.io/v1beta1 Kind CSIDriver
2021/04/30 06:44:31 [INFO] APIVersion storage.k8s.io/v1beta1 Kind CSINode
2021/04/30 06:44:31 [INFO] APIVersion storage.k8s.io/v1beta1 Kind StorageClass
2021/04/30 06:44:31 [INFO] APIVersion storage.k8s.io/v1beta1 Kind VolumeAttachment
2021/04/30 06:44:31 [INFO] APIVersion admissionregistration.k8s.io/v1 Kind MutatingWebhookConfiguration
2021/04/30 06:44:31 [INFO] APIVersion admissionregistration.k8s.io/v1 Kind ValidatingWebhookConfiguration
2021/04/30 06:44:31 [INFO] APIVersion admissionregistration.k8s.io/v1beta1 Kind MutatingWebhookConfiguration
2021/04/30 06:44:31 [INFO] APIVersion admissionregistration.k8s.io/v1beta1 Kind ValidatingWebhookConfiguration
2021/04/30 06:44:31 [INFO] APIVersion apiextensions.k8s.io/v1 Kind CustomResourceDefinition
2021/04/30 06:44:31 [INFO] APIVersion apiextensions.k8s.io/v1beta1 Kind CustomResourceDefinition
2021/04/30 06:44:31 [INFO] APIVersion scheduling.k8s.io/v1 Kind PriorityClass
2021/04/30 06:44:31 [INFO] APIVersion scheduling.k8s.io/v1beta1 Kind PriorityClass
2021/04/30 06:44:31 [INFO] APIVersion coordination.k8s.io/v1 Kind Lease
2021/04/30 06:44:31 [INFO] APIVersion coordination.k8s.io/v1beta1 Kind Lease
2021/04/30 06:44:31 [INFO] APIVersion node.k8s.io/v1beta1 Kind RuntimeClass
2021/04/30 06:44:31 [INFO] APIVersion discovery.k8s.io/v1beta1 Kind EndpointSlice
2021/04/30 06:44:31 [INFO] APIVersion catalog.cattle.io/v1 Kind ClusterRepo
2021/04/30 06:44:31 [INFO] APIVersion catalog.cattle.io/v1 Kind Operation
2021/04/30 06:44:31 [INFO] APIVersion catalog.cattle.io/v1 Kind App
2021/04/30 06:44:31 [INFO] APIVersion cis.f5.com/v1 Kind ExternalDNS
2021/04/30 06:44:31 [INFO] APIVersion cis.f5.com/v1 Kind TransportServer
2021/04/30 06:44:31 [INFO] APIVersion cis.f5.com/v1 Kind VirtualServer
2021/04/30 06:44:31 [INFO] APIVersion cis.f5.com/v1 Kind TLSProfile
2021/04/30 06:44:31 [INFO] APIVersion helm.cattle.io/v1 Kind HelmChart
2021/04/30 06:44:31 [INFO] APIVersion k3s.cattle.io/v1 Kind Addon
2021/04/30 06:44:31 [INFO] APIVersion monitoring.coreos.com/v1 Kind PrometheusRule
2021/04/30 06:44:31 [INFO] APIVersion monitoring.coreos.com/v1 Kind ServiceMonitor
2021/04/30 06:44:31 [INFO] APIVersion monitoring.coreos.com/v1 Kind Alertmanager
2021/04/30 06:44:31 [INFO] APIVersion monitoring.coreos.com/v1 Kind Prometheus
2021/04/30 06:44:31 [INFO] APIVersion management.cattle.io/v3 Kind CisBenchmarkVersion
2021/04/30 06:44:31 [INFO] APIVersion management.cattle.io/v3 Kind ComposeConfig
2021/04/30 06:44:31 [INFO] APIVersion management.cattle.io/v3 Kind ClusterMonitorGraph
2021/04/30 06:44:31 [INFO] APIVersion management.cattle.io/v3 Kind Project
2021/04/30 06:44:31 [INFO] APIVersion management.cattle.io/v3 Kind Notifier
2021/04/30 06:44:31 [INFO] APIVersion management.cattle.io/v3 Kind RkeK8sSystemImage
2021/04/30 06:44:31 [INFO] APIVersion management.cattle.io/v3 Kind FleetWorkspace
2021/04/30 06:44:31 [INFO] APIVersion management.cattle.io/v3 Kind ClusterScan
2021/04/30 06:44:31 [INFO] APIVersion management.cattle.io/v3 Kind NodeTemplate
2021/04/30 06:44:31 [INFO] APIVersion management.cattle.io/v3 Kind ClusterTemplateRevision
2021/04/30 06:44:31 [INFO] APIVersion management.cattle.io/v3 Kind Template
2021/04/30 06:44:31 [INFO] APIVersion management.cattle.io/v3 Kind Feature
2021/04/30 06:44:31 [INFO] APIVersion management.cattle.io/v3 Kind GroupMember
2021/04/30 06:44:31 [INFO] APIVersion management.cattle.io/v3 Kind User
2021/04/30 06:44:31 [INFO] APIVersion management.cattle.io/v3 Kind GlobalDnsProvider
2021/04/30 06:44:31 [INFO] APIVersion management.cattle.io/v3 Kind GlobalRole
2021/04/30 06:44:31 [INFO] APIVersion management.cattle.io/v3 Kind ProjectAlertRule
2021/04/30 06:44:31 [INFO] APIVersion management.cattle.io/v3 Kind DynamicSchema
2021/04/30 06:44:31 [INFO] APIVersion management.cattle.io/v3 Kind Token
2021/04/30 06:44:31 [INFO] APIVersion management.cattle.io/v3 Kind Group
2021/04/30 06:44:31 [INFO] APIVersion management.cattle.io/v3 Kind ProjectAlertGroup
2021/04/30 06:44:31 [INFO] APIVersion management.cattle.io/v3 Kind MultiClusterAppRevision
2021/04/30 06:44:31 [INFO] APIVersion management.cattle.io/v3 Kind Setting
2021/04/30 06:44:31 [INFO] APIVersion management.cattle.io/v3 Kind CisConfig
2021/04/30 06:44:31 [INFO] APIVersion management.cattle.io/v3 Kind ClusterTemplate
2021/04/30 06:44:31 [INFO] APIVersion management.cattle.io/v3 Kind ProjectAlert
2021/04/30 06:44:31 [INFO] APIVersion management.cattle.io/v3 Kind Node
2021/04/30 06:44:31 [INFO] APIVersion management.cattle.io/v3 Kind ClusterRegistrationToken
2021/04/30 06:44:31 [INFO] APIVersion management.cattle.io/v3 Kind EtcdBackup
2021/04/30 06:44:31 [INFO] APIVersion management.cattle.io/v3 Kind CatalogTemplate
2021/04/30 06:44:31 [INFO] APIVersion management.cattle.io/v3 Kind ClusterCatalog
2021/04/30 06:44:31 [INFO] APIVersion management.cattle.io/v3 Kind GlobalRoleBinding
2021/04/30 06:44:31 [INFO] APIVersion management.cattle.io/v3 Kind ProjectMonitorGraph
2021/04/30 06:44:31 [INFO] APIVersion management.cattle.io/v3 Kind Cluster
2021/04/30 06:44:31 [INFO] APIVersion management.cattle.io/v3 Kind RkeK8sServiceOption
2021/04/30 06:44:31 [INFO] APIVersion management.cattle.io/v3 Kind Catalog
2021/04/30 06:44:31 [INFO] APIVersion management.cattle.io/v3 Kind ClusterAlertRule
2021/04/30 06:44:31 [INFO] APIVersion management.cattle.io/v3 Kind RkeAddon
2021/04/30 06:44:31 [INFO] APIVersion management.cattle.io/v3 Kind SamlToken
2021/04/30 06:44:31 [INFO] APIVersion management.cattle.io/v3 Kind ProjectRoleTemplateBinding
2021/04/30 06:44:31 [INFO] APIVersion management.cattle.io/v3 Kind ProjectCatalog
2021/04/30 06:44:31 [INFO] APIVersion management.cattle.io/v3 Kind TemplateContent
2021/04/30 06:44:31 [INFO] APIVersion management.cattle.io/v3 Kind NodePool
2021/04/30 06:44:31 [INFO] APIVersion management.cattle.io/v3 Kind ProjectLogging
2021/04/30 06:44:31 [INFO] APIVersion management.cattle.io/v3 Kind TemplateVersion
2021/04/30 06:44:31 [INFO] APIVersion management.cattle.io/v3 Kind CatalogTemplateVersion
2021/04/30 06:44:31 [INFO] APIVersion management.cattle.io/v3 Kind NodeDriver
2021/04/30 06:44:31 [INFO] APIVersion management.cattle.io/v3 Kind RoleTemplate
2021/04/30 06:44:31 [INFO] APIVersion management.cattle.io/v3 Kind ClusterAlert
2021/04/30 06:44:31 [INFO] APIVersion management.cattle.io/v3 Kind PodSecurityPolicyTemplateProjectBinding
2021/04/30 06:44:31 [INFO] APIVersion management.cattle.io/v3 Kind ClusterAlertGroup
2021/04/30 06:44:31 [INFO] APIVersion management.cattle.io/v3 Kind UserAttribute
2021/04/30 06:44:31 [INFO] APIVersion management.cattle.io/v3 Kind ClusterLogging
2021/04/30 06:44:31 [INFO] APIVersion management.cattle.io/v3 Kind Preference
2021/04/30 06:44:31 [INFO] APIVersion management.cattle.io/v3 Kind MultiClusterApp
2021/04/30 06:44:31 [INFO] APIVersion management.cattle.io/v3 Kind PodSecurityPolicyTemplate
2021/04/30 06:44:31 [INFO] APIVersion management.cattle.io/v3 Kind MonitorMetric
2021/04/30 06:44:31 [INFO] APIVersion management.cattle.io/v3 Kind GlobalDns
2021/04/30 06:44:31 [INFO] APIVersion management.cattle.io/v3 Kind ProjectNetworkPolicy
2021/04/30 06:44:31 [INFO] APIVersion management.cattle.io/v3 Kind NotificationTemplate
2021/04/30 06:44:31 [INFO] APIVersion management.cattle.io/v3 Kind ClusterRoleTemplateBinding
2021/04/30 06:44:31 [INFO] APIVersion management.cattle.io/v3 Kind KontainerDriver
2021/04/30 06:44:31 [INFO] APIVersion management.cattle.io/v3 Kind AuthConfig
2021/04/30 06:44:31 [INFO] APIVersion mgt.pandaria.io/v3 Kind SensitiveFilter
2021/04/30 06:44:31 [INFO] APIVersion project.cattle.io/v3 Kind PipelineExecution
2021/04/30 06:44:31 [INFO] APIVersion project.cattle.io/v3 Kind PipelineSetting
2021/04/30 06:44:31 [INFO] APIVersion project.cattle.io/v3 Kind SourceCodeRepository
2021/04/30 06:44:31 [INFO] APIVersion project.cattle.io/v3 Kind Pipeline
2021/04/30 06:44:31 [INFO] APIVersion project.cattle.io/v3 Kind SourceCodeCredential
2021/04/30 06:44:31 [INFO] APIVersion project.cattle.io/v3 Kind App
2021/04/30 06:44:31 [INFO] APIVersion project.cattle.io/v3 Kind AppRevision
2021/04/30 06:44:31 [INFO] APIVersion project.cattle.io/v3 Kind SourceCodeProviderConfig
2021/04/30 06:44:31 [INFO] Done waiting for CRD servicemonitors.monitoring.coreos.com to become available
2021/04/30 06:44:31 [INFO] Waiting for CRD prometheusrules.monitoring.coreos.com to become available
2021/04/30 06:44:31 [INFO] Catalog sync done. 0 templates created, 10 templates updated, 0 templates deleted, 0 templates failed
2021/04/30 06:44:32 [INFO] Updating role project-owner in p-bcfr5 because of rules difference with roleTemplate Project Owner (project-owner).
2021/04/30 06:44:32 [INFO] Updating role project-owner in p-bcfr5 because of rules difference with roleTemplate Project Owner (project-owner).
2021/04/30 06:44:32 [INFO] Updating role project-owner in p-bcfr5 because of rules difference with roleTemplate Project Owner (project-owner).
2021/04/30 06:44:32 [INFO] Updating role project-owner in p-bcfr5 because of rules difference with roleTemplate Project Owner (project-owner).
2021/04/30 06:44:32 [INFO] Updating role project-owner in p-bcfr5 because of rules difference with roleTemplate Project Owner (project-owner).
2021/04/30 06:44:32 [INFO] kontainerdriver aliyunkubernetescontainerservice listening on address 127.0.0.1:42813
2021/04/30 06:44:32 [INFO] kontainerdriver aliyunkubernetescontainerservice stopped
2021/04/30 06:44:32 [INFO] dynamic schema for kontainerdriver aliyunkubernetescontainerservice updating
2021/04/30 06:44:32 [INFO] Updating role project-owner in p-n29vj because of rules difference with roleTemplate Project Owner (project-owner).
2021/04/30 06:44:32 [INFO] Updating role project-owner in p-n29vj because of rules difference with roleTemplate Project Owner (project-owner).
2021/04/30 06:44:32 [INFO] Updating role project-owner in p-n29vj because of rules difference with roleTemplate Project Owner (project-owner).
2021/04/30 06:44:32 [INFO] Updating role project-member in p-bcfr5 because of rules difference with roleTemplate Project Member (project-member).
2021/04/30 06:44:32 [INFO] Updating role project-owner in p-n29vj because of rules difference with roleTemplate Project Owner (project-owner).
2021/04/30 06:44:32 [INFO] Updating role project-owner in p-n29vj because of rules difference with roleTemplate Project Owner (project-owner).
2021/04/30 06:44:32 [INFO] Done waiting for CRD prometheusrules.monitoring.coreos.com to become available
2021/04/30 06:44:32 [INFO] Waiting for CRD alertmanagers.monitoring.coreos.com to become available
2021/04/30 06:44:32 [INFO] Updating role project-member in p-n29vj because of rules difference with roleTemplate Project Member (project-member).
2021/04/30 06:44:32 [INFO] Updating role project-member in p-n29vj because of rules difference with roleTemplate Project Member (project-member).
2021/04/30 06:44:32 [INFO] update kontainerdriver aliyunkubernetescontainerservice
2021/04/30 06:44:32 [INFO] Updating role project-member in p-n29vj because of rules difference with roleTemplate Project Member (project-member).
2021/04/30 06:44:32 [INFO] Updating role project-member in p-n29vj because of rules difference with roleTemplate Project Member (project-member).
2021/04/30 06:44:32 [INFO] Updating role project-member in p-n29vj because of rules difference with roleTemplate Project Member (project-member).
2021/04/30 06:44:32 [INFO] Watching metadata for monitoring.coreos.com/v1, Kind=ServiceMonitor
2021/04/30 06:44:32 [INFO] Watching metadata for monitoring.coreos.com/v1, Kind=PrometheusRule
2021/04/30 06:44:32 [INFO] Watching metadata for monitoring.coreos.com/v1, Kind=Alertmanager
2021/04/30 06:44:32 [INFO] Watching metadata for monitoring.coreos.com/v1, Kind=Prometheus
2021/04/30 06:44:32 [INFO] Refreshing all schemas
2021/04/30 06:44:33 [INFO] Done waiting for CRD alertmanagers.monitoring.coreos.com to become available
2021/04/30 06:44:33 [INFO] Registering namespaceHandler for adding labels 
2021/04/30 06:44:33 [INFO] Starting cluster controllers for local
2021/04/30 06:44:33 [INFO] Starting management.cattle.io/v3, Kind=SamlToken controller
2021/04/30 06:44:33 [INFO] kontainerdriver tencentkubernetesengine listening on address 127.0.0.1:45641
2021/04/30 06:44:33 [INFO] Refreshing all schemas
2021/04/30 06:44:33 [INFO] kontainerdriver tencentkubernetesengine stopped
2021/04/30 06:44:33 [INFO] dynamic schema for kontainerdriver tencentkubernetesengine updating
2021/04/30 06:44:33 [INFO] APIVersion /v1 Kind Binding
2021/04/30 06:44:33 [INFO] APIVersion /v1 Kind ComponentStatus
2021/04/30 06:44:33 [INFO] APIVersion /v1 Kind ConfigMap
2021/04/30 06:44:33 [INFO] APIVersion /v1 Kind Endpoints
2021/04/30 06:44:33 [INFO] APIVersion /v1 Kind Event
2021/04/30 06:44:33 [INFO] APIVersion /v1 Kind LimitRange
2021/04/30 06:44:33 [INFO] APIVersion /v1 Kind Namespace
2021/04/30 06:44:33 [INFO] APIVersion /v1 Kind Node
2021/04/30 06:44:33 [INFO] APIVersion /v1 Kind PersistentVolumeClaim
2021/04/30 06:44:33 [INFO] APIVersion /v1 Kind PersistentVolume
2021/04/30 06:44:33 [INFO] APIVersion /v1 Kind Pod
2021/04/30 06:44:33 [INFO] APIVersion /v1 Kind PodTemplate
2021/04/30 06:44:33 [INFO] APIVersion /v1 Kind ReplicationController
2021/04/30 06:44:33 [INFO] APIVersion /v1 Kind ResourceQuota
2021/04/30 06:44:33 [INFO] APIVersion /v1 Kind Secret
2021/04/30 06:44:33 [INFO] APIVersion /v1 Kind ServiceAccount
2021/04/30 06:44:33 [INFO] APIVersion /v1 Kind Service
2021/04/30 06:44:33 [INFO] APIVersion apiregistration.k8s.io/v1 Kind APIService
2021/04/30 06:44:33 [INFO] APIVersion apiregistration.k8s.io/v1beta1 Kind APIService
2021/04/30 06:44:33 [INFO] APIVersion extensions/v1beta1 Kind Ingress
2021/04/30 06:44:33 [INFO] APIVersion apps/v1 Kind ControllerRevision
2021/04/30 06:44:33 [INFO] APIVersion apps/v1 Kind DaemonSet
2021/04/30 06:44:33 [INFO] APIVersion apps/v1 Kind Deployment
2021/04/30 06:44:33 [INFO] APIVersion apps/v1 Kind ReplicaSet
2021/04/30 06:44:33 [INFO] APIVersion apps/v1 Kind StatefulSet
2021/04/30 06:44:33 [INFO] APIVersion events.k8s.io/v1beta1 Kind Event
2021/04/30 06:44:33 [INFO] APIVersion authentication.k8s.io/v1 Kind TokenReview
2021/04/30 06:44:33 [INFO] APIVersion authentication.k8s.io/v1beta1 Kind TokenReview
2021/04/30 06:44:33 [INFO] APIVersion authorization.k8s.io/v1 Kind LocalSubjectAccessReview
2021/04/30 06:44:33 [INFO] APIVersion authorization.k8s.io/v1 Kind SelfSubjectAccessReview
2021/04/30 06:44:33 [INFO] APIVersion authorization.k8s.io/v1 Kind SelfSubjectRulesReview
2021/04/30 06:44:33 [INFO] APIVersion authorization.k8s.io/v1 Kind SubjectAccessReview
2021/04/30 06:44:33 [INFO] APIVersion authorization.k8s.io/v1beta1 Kind LocalSubjectAccessReview
2021/04/30 06:44:33 [INFO] APIVersion authorization.k8s.io/v1beta1 Kind SelfSubjectAccessReview
2021/04/30 06:44:33 [INFO] APIVersion authorization.k8s.io/v1beta1 Kind SelfSubjectRulesReview
2021/04/30 06:44:33 [INFO] APIVersion authorization.k8s.io/v1beta1 Kind SubjectAccessReview
2021/04/30 06:44:33 [INFO] APIVersion autoscaling/v1 Kind HorizontalPodAutoscaler
2021/04/30 06:44:33 [INFO] APIVersion autoscaling/v2beta1 Kind HorizontalPodAutoscaler
2021/04/30 06:44:33 [INFO] APIVersion autoscaling/v2beta2 Kind HorizontalPodAutoscaler
2021/04/30 06:44:33 [INFO] APIVersion batch/v1 Kind Job
2021/04/30 06:44:33 [INFO] APIVersion batch/v1beta1 Kind CronJob
2021/04/30 06:44:33 [INFO] APIVersion certificates.k8s.io/v1beta1 Kind CertificateSigningRequest
2021/04/30 06:44:33 [INFO] APIVersion networking.k8s.io/v1 Kind NetworkPolicy
2021/04/30 06:44:33 [INFO] APIVersion networking.k8s.io/v1beta1 Kind IngressClass
2021/04/30 06:44:33 [INFO] APIVersion networking.k8s.io/v1beta1 Kind Ingress
2021/04/30 06:44:33 [INFO] APIVersion policy/v1beta1 Kind PodDisruptionBudget
2021/04/30 06:44:33 [INFO] APIVersion policy/v1beta1 Kind PodSecurityPolicy
2021/04/30 06:44:33 [INFO] APIVersion rbac.authorization.k8s.io/v1 Kind ClusterRoleBinding
2021/04/30 06:44:33 [INFO] APIVersion rbac.authorization.k8s.io/v1 Kind ClusterRole
2021/04/30 06:44:33 [INFO] APIVersion rbac.authorization.k8s.io/v1 Kind RoleBinding
2021/04/30 06:44:33 [INFO] APIVersion rbac.authorization.k8s.io/v1 Kind Role
2021/04/30 06:44:33 [INFO] APIVersion rbac.authorization.k8s.io/v1beta1 Kind ClusterRoleBinding
2021/04/30 06:44:33 [INFO] APIVersion rbac.authorization.k8s.io/v1beta1 Kind ClusterRole
2021/04/30 06:44:33 [INFO] APIVersion rbac.authorization.k8s.io/v1beta1 Kind RoleBinding
2021/04/30 06:44:33 [INFO] APIVersion rbac.authorization.k8s.io/v1beta1 Kind Role
2021/04/30 06:44:33 [INFO] APIVersion storage.k8s.io/v1 Kind CSIDriver
2021/04/30 06:44:33 [INFO] APIVersion storage.k8s.io/v1 Kind CSINode
2021/04/30 06:44:33 [INFO] APIVersion storage.k8s.io/v1 Kind StorageClass
2021/04/30 06:44:33 [INFO] APIVersion storage.k8s.io/v1 Kind VolumeAttachment
2021/04/30 06:44:33 [INFO] APIVersion storage.k8s.io/v1beta1 Kind CSIDriver
2021/04/30 06:44:33 [INFO] APIVersion storage.k8s.io/v1beta1 Kind CSINode
2021/04/30 06:44:33 [INFO] APIVersion storage.k8s.io/v1beta1 Kind StorageClass
2021/04/30 06:44:33 [INFO] APIVersion storage.k8s.io/v1beta1 Kind VolumeAttachment
2021/04/30 06:44:33 [INFO] APIVersion admissionregistration.k8s.io/v1 Kind MutatingWebhookConfiguration
2021/04/30 06:44:33 [INFO] APIVersion admissionregistration.k8s.io/v1 Kind ValidatingWebhookConfiguration
2021/04/30 06:44:33 [INFO] APIVersion admissionregistration.k8s.io/v1beta1 Kind MutatingWebhookConfiguration
2021/04/30 06:44:33 [INFO] APIVersion admissionregistration.k8s.io/v1beta1 Kind ValidatingWebhookConfiguration
2021/04/30 06:44:33 [INFO] APIVersion apiextensions.k8s.io/v1 Kind CustomResourceDefinition
2021/04/30 06:44:33 [INFO] APIVersion apiextensions.k8s.io/v1beta1 Kind CustomResourceDefinition
2021/04/30 06:44:33 [INFO] APIVersion scheduling.k8s.io/v1 Kind PriorityClass
2021/04/30 06:44:33 [INFO] APIVersion scheduling.k8s.io/v1beta1 Kind PriorityClass
2021/04/30 06:44:33 [INFO] APIVersion coordination.k8s.io/v1 Kind Lease
2021/04/30 06:44:33 [INFO] APIVersion coordination.k8s.io/v1beta1 Kind Lease
2021/04/30 06:44:33 [INFO] APIVersion node.k8s.io/v1beta1 Kind RuntimeClass
2021/04/30 06:44:33 [INFO] APIVersion discovery.k8s.io/v1beta1 Kind EndpointSlice
2021/04/30 06:44:33 [INFO] APIVersion catalog.cattle.io/v1 Kind ClusterRepo
2021/04/30 06:44:33 [INFO] APIVersion catalog.cattle.io/v1 Kind Operation
2021/04/30 06:44:33 [INFO] APIVersion catalog.cattle.io/v1 Kind App
2021/04/30 06:44:33 [INFO] APIVersion cis.f5.com/v1 Kind ExternalDNS
2021/04/30 06:44:33 [INFO] APIVersion cis.f5.com/v1 Kind TransportServer
2021/04/30 06:44:33 [INFO] APIVersion cis.f5.com/v1 Kind VirtualServer
2021/04/30 06:44:33 [INFO] APIVersion cis.f5.com/v1 Kind TLSProfile
2021/04/30 06:44:33 [INFO] APIVersion helm.cattle.io/v1 Kind HelmChart
2021/04/30 06:44:33 [INFO] APIVersion k3s.cattle.io/v1 Kind Addon
2021/04/30 06:44:33 [INFO] APIVersion monitoring.coreos.com/v1 Kind PrometheusRule
2021/04/30 06:44:33 [INFO] APIVersion monitoring.coreos.com/v1 Kind ServiceMonitor
2021/04/30 06:44:33 [INFO] APIVersion monitoring.coreos.com/v1 Kind Alertmanager
2021/04/30 06:44:33 [INFO] APIVersion monitoring.coreos.com/v1 Kind Prometheus
2021/04/30 06:44:33 [INFO] APIVersion management.cattle.io/v3 Kind CisBenchmarkVersion
2021/04/30 06:44:33 [INFO] APIVersion management.cattle.io/v3 Kind ComposeConfig
2021/04/30 06:44:33 [INFO] APIVersion management.cattle.io/v3 Kind ClusterMonitorGraph
2021/04/30 06:44:33 [INFO] APIVersion management.cattle.io/v3 Kind Project
2021/04/30 06:44:33 [INFO] APIVersion management.cattle.io/v3 Kind Notifier
2021/04/30 06:44:33 [INFO] APIVersion management.cattle.io/v3 Kind RkeK8sSystemImage
2021/04/30 06:44:33 [INFO] APIVersion management.cattle.io/v3 Kind FleetWorkspace
2021/04/30 06:44:33 [INFO] APIVersion management.cattle.io/v3 Kind ClusterScan
2021/04/30 06:44:33 [INFO] APIVersion management.cattle.io/v3 Kind NodeTemplate
2021/04/30 06:44:33 [INFO] APIVersion management.cattle.io/v3 Kind ClusterTemplateRevision
2021/04/30 06:44:33 [INFO] APIVersion management.cattle.io/v3 Kind Template
2021/04/30 06:44:33 [INFO] APIVersion management.cattle.io/v3 Kind Feature
2021/04/30 06:44:33 [INFO] APIVersion management.cattle.io/v3 Kind GroupMember
2021/04/30 06:44:33 [INFO] APIVersion management.cattle.io/v3 Kind User
2021/04/30 06:44:33 [INFO] APIVersion management.cattle.io/v3 Kind GlobalDnsProvider
2021/04/30 06:44:33 [INFO] APIVersion management.cattle.io/v3 Kind GlobalRole
2021/04/30 06:44:33 [INFO] APIVersion management.cattle.io/v3 Kind ProjectAlertRule
2021/04/30 06:44:33 [INFO] APIVersion management.cattle.io/v3 Kind DynamicSchema
2021/04/30 06:44:33 [INFO] APIVersion management.cattle.io/v3 Kind Token
2021/04/30 06:44:33 [INFO] APIVersion management.cattle.io/v3 Kind Group
2021/04/30 06:44:33 [INFO] APIVersion management.cattle.io/v3 Kind ProjectAlertGroup
2021/04/30 06:44:33 [INFO] APIVersion management.cattle.io/v3 Kind MultiClusterAppRevision
2021/04/30 06:44:33 [INFO] APIVersion management.cattle.io/v3 Kind Setting
2021/04/30 06:44:33 [INFO] APIVersion management.cattle.io/v3 Kind CisConfig
2021/04/30 06:44:33 [INFO] APIVersion management.cattle.io/v3 Kind ClusterTemplate
2021/04/30 06:44:33 [INFO] APIVersion management.cattle.io/v3 Kind ProjectAlert
2021/04/30 06:44:33 [INFO] APIVersion management.cattle.io/v3 Kind Node
2021/04/30 06:44:33 [INFO] APIVersion management.cattle.io/v3 Kind ClusterRegistrationToken
2021/04/30 06:44:33 [INFO] APIVersion management.cattle.io/v3 Kind EtcdBackup
2021/04/30 06:44:33 [INFO] APIVersion management.cattle.io/v3 Kind CatalogTemplate
2021/04/30 06:44:33 [INFO] APIVersion management.cattle.io/v3 Kind ClusterCatalog
2021/04/30 06:44:33 [INFO] APIVersion management.cattle.io/v3 Kind GlobalRoleBinding
2021/04/30 06:44:33 [INFO] APIVersion management.cattle.io/v3 Kind ProjectMonitorGraph
2021/04/30 06:44:33 [INFO] APIVersion management.cattle.io/v3 Kind Cluster
2021/04/30 06:44:33 [INFO] APIVersion management.cattle.io/v3 Kind RkeK8sServiceOption
2021/04/30 06:44:33 [INFO] APIVersion management.cattle.io/v3 Kind Catalog
2021/04/30 06:44:33 [INFO] APIVersion management.cattle.io/v3 Kind ClusterAlertRule
2021/04/30 06:44:33 [INFO] APIVersion management.cattle.io/v3 Kind RkeAddon
2021/04/30 06:44:33 [INFO] APIVersion management.cattle.io/v3 Kind SamlToken
2021/04/30 06:44:33 [INFO] APIVersion management.cattle.io/v3 Kind ProjectRoleTemplateBinding
2021/04/30 06:44:33 [INFO] APIVersion management.cattle.io/v3 Kind ProjectCatalog
2021/04/30 06:44:33 [INFO] APIVersion management.cattle.io/v3 Kind TemplateContent
2021/04/30 06:44:33 [INFO] APIVersion management.cattle.io/v3 Kind NodePool
2021/04/30 06:44:33 [INFO] APIVersion management.cattle.io/v3 Kind ProjectLogging
2021/04/30 06:44:33 [INFO] APIVersion management.cattle.io/v3 Kind TemplateVersion
2021/04/30 06:44:33 [INFO] APIVersion management.cattle.io/v3 Kind CatalogTemplateVersion
2021/04/30 06:44:33 [INFO] APIVersion management.cattle.io/v3 Kind NodeDriver
2021/04/30 06:44:33 [INFO] APIVersion management.cattle.io/v3 Kind RoleTemplate
2021/04/30 06:44:33 [INFO] APIVersion management.cattle.io/v3 Kind ClusterAlert
2021/04/30 06:44:33 [INFO] APIVersion management.cattle.io/v3 Kind PodSecurityPolicyTemplateProjectBinding
2021/04/30 06:44:33 [INFO] APIVersion management.cattle.io/v3 Kind ClusterAlertGroup
2021/04/30 06:44:33 [INFO] APIVersion management.cattle.io/v3 Kind UserAttribute
2021/04/30 06:44:33 [INFO] APIVersion management.cattle.io/v3 Kind ClusterLogging
2021/04/30 06:44:33 [INFO] APIVersion management.cattle.io/v3 Kind Preference
2021/04/30 06:44:33 [INFO] APIVersion management.cattle.io/v3 Kind MultiClusterApp
2021/04/30 06:44:33 [INFO] APIVersion management.cattle.io/v3 Kind PodSecurityPolicyTemplate
2021/04/30 06:44:33 [INFO] APIVersion management.cattle.io/v3 Kind MonitorMetric
2021/04/30 06:44:33 [INFO] APIVersion management.cattle.io/v3 Kind GlobalDns
2021/04/30 06:44:33 [INFO] APIVersion management.cattle.io/v3 Kind ProjectNetworkPolicy
2021/04/30 06:44:33 [INFO] APIVersion management.cattle.io/v3 Kind NotificationTemplate
2021/04/30 06:44:33 [INFO] APIVersion management.cattle.io/v3 Kind ClusterRoleTemplateBinding
2021/04/30 06:44:33 [INFO] APIVersion management.cattle.io/v3 Kind KontainerDriver
2021/04/30 06:44:33 [INFO] APIVersion management.cattle.io/v3 Kind AuthConfig
2021/04/30 06:44:33 [INFO] APIVersion mgt.pandaria.io/v3 Kind SensitiveFilter
2021/04/30 06:44:33 [INFO] APIVersion project.cattle.io/v3 Kind PipelineExecution
2021/04/30 06:44:33 [INFO] APIVersion project.cattle.io/v3 Kind PipelineSetting
2021/04/30 06:44:33 [INFO] APIVersion project.cattle.io/v3 Kind SourceCodeRepository
2021/04/30 06:44:33 [INFO] APIVersion project.cattle.io/v3 Kind Pipeline
2021/04/30 06:44:33 [INFO] APIVersion project.cattle.io/v3 Kind SourceCodeCredential
2021/04/30 06:44:33 [INFO] APIVersion project.cattle.io/v3 Kind App
2021/04/30 06:44:33 [INFO] APIVersion project.cattle.io/v3 Kind AppRevision
2021/04/30 06:44:33 [INFO] APIVersion project.cattle.io/v3 Kind SourceCodeProviderConfig
2021/04/30 06:44:33 [INFO] Starting cluster agent for local [owner=true]
2021/04/30 06:44:33 [INFO] Starting /v1, Kind=LimitRange controller
2021/04/30 06:44:33 [INFO] Starting policy/v1beta1, Kind=PodSecurityPolicy controller
2021/04/30 06:44:33 [INFO] Starting extensions/v1beta1, Kind=Ingress controller
2021/04/30 06:44:33 [INFO] Starting apiregistration.k8s.io/v1, Kind=APIService controller
2021/04/30 06:44:33 [INFO] Starting networking.k8s.io/v1, Kind=NetworkPolicy controller
2021/04/30 06:44:33 [INFO] Starting rbac.authorization.k8s.io/v1, Kind=RoleBinding controller
2021/04/30 06:44:33 [INFO] Starting /v1, Kind=Namespace controller
2021/04/30 06:44:33 [INFO] Starting batch/v1beta1, Kind=CronJob controller
2021/04/30 06:44:33 [INFO] Starting cis.f5.com/v1, Kind=VirtualServer controller
2021/04/30 06:44:33 [INFO] Starting /v1, Kind=Node controller
2021/04/30 06:44:33 [INFO] Starting /v1, Kind=ConfigMap controller
2021/04/30 06:44:33 [INFO] Starting /v1, Kind=ServiceAccount controller
2021/04/30 06:44:33 [INFO] Starting rbac.authorization.k8s.io/v1, Kind=ClusterRoleBinding controller
2021/04/30 06:44:33 [INFO] Starting apps/v1, Kind=StatefulSet controller
2021/04/30 06:44:33 [INFO] [mgmt-auth-prtb-controller] Updating role project-owner in namespace p-n29vj
2021/04/30 06:44:33 [INFO] Starting /v1, Kind=Endpoints controller
2021/04/30 06:44:33 [INFO] Starting monitoring.coreos.com/v1, Kind=ServiceMonitor controller
2021/04/30 06:44:33 [INFO] Starting rbac.authorization.k8s.io/v1, Kind=Role controller
2021/04/30 06:44:33 [INFO] Creating clusterRole for roleTemplate Cluster Owner (cluster-owner).
2021/04/30 06:44:33 [INFO] Starting /v1, Kind=ResourceQuota controller
2021/04/30 06:44:33 [INFO] Starting apps/v1, Kind=Deployment controller
2021/04/30 06:44:33 [INFO] Starting apps/v1, Kind=ReplicaSet controller
2021/04/30 06:44:33 [INFO] Starting apps/v1, Kind=DaemonSet controller
2021/04/30 06:44:33 [INFO] Starting batch/v1, Kind=Job controller
2021/04/30 06:44:33 [INFO] Starting /v1, Kind=Pod controller
2021/04/30 06:44:33 [INFO] Starting cis.f5.com/v1, Kind=TransportServer controller
2021/04/30 06:44:33 [INFO] Starting /v1, Kind=Event controller
2021/04/30 06:44:33 [INFO] Starting /v1, Kind=Secret controller
2021/04/30 06:44:33 [INFO] Starting /v1, Kind=Service controller
2021/04/30 06:44:33 [INFO] Starting rbac.authorization.k8s.io/v1, Kind=ClusterRole controller
2021/04/30 06:44:33 [INFO] Starting /v1, Kind=ReplicationController controller
2021/04/30 06:44:33 [INFO] [mgmt-auth-prtb-controller] Updating role project-owner in namespace p-bcfr5
2021/04/30 06:44:33 [INFO] [mgmt-auth-prtb-controller] Updating role project-member in namespace p-bcfr5
2021/04/30 06:44:33 [INFO] Creating clusterRole for roleTemplate Project Owner (project-owner).
2021/04/30 06:44:33 [INFO] update kontainerdriver tencentkubernetesengine
2021/04/30 06:44:33 [INFO] Creating clusterRole for roleTemplate Cluster Owner (cluster-owner).
2021/04/30 06:44:33 [INFO] Creating clusterRole for roleTemplate Project Owner (project-owner).
2021/04/30 06:44:34 [ERROR] error syncing 'system-default-registry': handler copy-settings: the server could not find the requested resource, requeuing
2021/04/30 06:44:34 [ERROR] error syncing 'install-uuid': handler copy-settings: the server could not find the requested resource, requeuing
2021/04/30 06:44:34 [INFO] [mgmt-auth-prtb-controller] Updating role project-member in namespace p-n29vj
2021/04/30 06:44:34 [INFO] Updating role project-owner in p-n9f2p because of rules difference with roleTemplate Project Owner (project-owner).
2021/04/30 06:44:34 [INFO] Creating roleBinding User user-2slhp Role cluster-owner
2021/04/30 06:44:34 [INFO] Updating role project-owner in p-n9f2p because of rules difference with roleTemplate Project Owner (project-owner).
2021/04/30 06:44:34 [INFO] [mgmt-auth-prtb-controller] Updating role project-member in namespace p-bcfr5
2021/04/30 06:44:34 [INFO] [mgmt-auth-prtb-controller] Updating role project-owner in namespace p-n29vj
2021/04/30 06:44:34 [INFO] Refreshing driverMetadata in 1440 minutes
2021/04/30 06:44:34 [INFO] driverMetadata: refreshing data from upstream https://releases.rancher.com/kontainer-driver-metadata/release-v2.5/data.json
2021/04/30 06:44:34 [INFO] Retrieve data.json from local path /var/lib/rancher-data/driver-metadata/data.json
2021/04/30 06:44:35 [INFO] Updating role project-owner in p-bcfr5 because of rules difference with roleTemplate Project Owner (project-owner).
2021/04/30 06:44:35 [INFO] Updating role project-owner in p-bcfr5 because of rules difference with roleTemplate Project Owner (project-owner).
2021/04/30 06:44:35 [INFO] Updating role project-owner in p-mhl9j because of rules difference with roleTemplate Project Owner (project-owner).
2021/04/30 06:44:35 [INFO] Updating role project-owner in p-bcfr5 because of rules difference with roleTemplate Project Owner (project-owner).
2021/04/30 06:44:35 [INFO] Updating role project-member in p-bcfr5 because of rules difference with roleTemplate Project Member (project-member).
2021/04/30 06:44:35 [INFO] Updating role project-owner in p-bcfr5 because of rules difference with roleTemplate Project Owner (project-owner).
2021/04/30 06:44:35 [INFO] Created machine for node [local-node]
2021/04/30 06:44:35 [INFO] Updating role project-owner in p-mhl9j because of rules difference with roleTemplate Project Owner (project-owner).
2021/04/30 06:44:35 [INFO] Updating role project-member in p-bcfr5 because of rules difference with roleTemplate Project Member (project-member).
2021/04/30 06:44:35 [INFO] Updating role project-member in p-n29vj because of rules difference with roleTemplate Project Member (project-member).
2021/04/30 06:44:35 [INFO] Updating role project-owner in p-n29vj because of rules difference with roleTemplate Project Owner (project-owner).
2021/04/30 06:44:35 [INFO] Creating clusterRole project-owner-promoted for project access to global resource.
2021/04/30 06:44:35 [INFO] Updating role project-owner in p-bcfr5 because of rules difference with roleTemplate Project Owner (project-owner).
2021/04/30 06:44:36 [INFO] Creating clusterRole project-owner-promoted for project access to global resource.
2021/04/30 06:44:36 [INFO] [mgmt-auth-prtb-controller] Updating role project-owner in namespace p-bcfr5
2021/04/30 06:44:36 [INFO] Updating clusterRole project-owner-promoted for project access to global resource.
2021/04/30 06:44:36 [INFO] kontainerdriver huaweicontainercloudengine listening on address 127.0.0.1:32903
2021/04/30 06:44:36 [INFO] kontainerdriver huaweicontainercloudengine stopped
2021/04/30 06:44:36 [INFO] dynamic schema for kontainerdriver huaweicontainercloudengine updating
2021/04/30 06:44:36 [INFO] Creating user for principal system://local
2021/04/30 06:44:36 [INFO] Updating clusterRole project-owner-promoted for project access to global resource.
2021/04/30 06:44:36 [INFO] [mgmt-auth-prtb-controller] Updating role project-owner in namespace p-n29vj
2021/04/30 06:44:36 [INFO] [mgmt-auth-prtb-controller] Updating role project-owner in namespace p-mhl9j
2021/04/30 06:44:36 [INFO] Updating clusterRole project-owner-promoted for project access to global resource.
2021/04/30 06:44:37 [INFO] Creating roleBinding User user-2slhp Role project-owner
2021/04/30 06:44:37 [INFO] Updating clusterRole project-owner-promoted for project access to global resource.
2021/04/30 06:44:37 [INFO] [mgmt-auth-prtb-controller] Updating role project-member in namespace p-bcfr5
2021/04/30 06:44:37 [INFO] Updating role project-owner in p-bcfr5 because of rules difference with roleTemplate Project Owner (project-owner).
2021/04/30 06:44:38 [INFO] Updating clusterRole project-owner-promoted for project access to global resource.
2021/04/30 06:44:38 [INFO] update kontainerdriver huaweicontainercloudengine
2021/04/30 06:44:38 [INFO] Creating globalRoleBindings for u-b4qkhsnliz
2021/04/30 06:44:38 [INFO] [mgmt-auth-prtb-controller] Updating role project-owner in namespace p-n9f2p
2021/04/30 06:44:38 [INFO] Updating role project-owner in p-n29vj because of rules difference with roleTemplate Project Owner (project-owner).
2021/04/30 06:44:39 [INFO] Creating roleBinding User user-2slhp Role admin
2021/04/30 06:44:39 [INFO] Updating role project-owner in p-mhl9j because of rules difference with roleTemplate Project Owner (project-owner).
2021/04/30 06:44:39 [INFO] Updating role project-owner in p-mhl9j because of rules difference with roleTemplate Project Owner (project-owner).
2021/04/30 06:44:39 [INFO] Updating role project-owner in p-n29vj because of rules difference with roleTemplate Project Owner (project-owner).
2021/04/30 06:44:39 [INFO] Updating role project-owner in p-n29vj because of rules difference with roleTemplate Project Owner (project-owner).
2021/04/30 06:44:39 [INFO] Creating new GlobalRoleBinding for GlobalRoleBinding grb-s4b45
2021/04/30 06:44:39 [INFO] [mgmt-auth-grb-controller] Creating clusterRoleBinding for globalRoleBinding grb-s4b45 for user u-b4qkhsnliz with role cattle-globalrole-user
2021/04/30 06:44:39 [INFO] Creating roleBinding User user-2slhp Role project-owner
2021/04/30 06:44:39 [INFO] Updating role project-owner in p-mhl9j because of rules difference with roleTemplate Project Owner (project-owner).
2021/04/30 06:44:39 [INFO] Updating role project-owner in p-n9f2p because of rules difference with roleTemplate Project Owner (project-owner).
2021/04/30 06:44:39 [INFO] Creating roleBinding User user-2slhp Role project-owner
2021/04/30 06:44:39 [INFO] [mgmt-auth-prtb-controller] Updating role project-owner in namespace p-n29vj
2021/04/30 06:44:39 [INFO] [mgmt-auth-prtb-controller] Updating role project-owner in namespace p-bcfr5
2021/04/30 06:44:39 [INFO] Updating clusterRole project-owner-promoted for project access to global resource.
2021/04/30 06:44:39 [INFO] Creating roleBinding User user-2slhp Role project-owner
2021/04/30 06:44:39 [INFO] Creating roleBinding User user-2slhp Role admin
2021/04/30 06:44:39 [INFO] Creating roleBinding User user-2slhp Role project-owner
2021/04/30 06:44:39 [INFO] Updating clusterRole project-owner-promoted for project access to global resource.
2021/04/30 06:44:39 [INFO] Creating roleBinding User user-2slhp Role project-owner
2021/04/30 06:44:39 [INFO] Creating roleBinding User user-2slhp Role admin
2021/04/30 06:44:39 [WARNING] error updating ns p-bcfr5 status: Operation cannot be fulfilled on namespaces "p-bcfr5": the object has been modified; please apply your changes to the latest version and try again
2021/04/30 06:44:39 [INFO] Creating roleBinding User user-2slhp Role admin
2021/04/30 06:44:39 [INFO] Creating roleBinding User user-2slhp Role admin
2021/04/30 06:44:39 [INFO] Updating clusterRole project-owner-promoted for project access to global resource.
2021/04/30 06:44:39 [INFO] Updating clusterRole project-owner-promoted for project access to global resource.
2021/04/30 06:44:40 [INFO] Creating roleBinding User user-2slhp Role admin
2021/04/30 06:44:40 [INFO] Updating clusterRole project-owner-promoted for project access to global resource.
2021/04/30 06:44:40 [INFO] Creating roleBinding User user-2slhp Role project-owner
2021/04/30 06:44:40 [INFO] [mgmt-auth-crtb-controller] Creating clusterRoleBinding for membership in cluster local for subject u-b4qkhsnliz
2021/04/30 06:44:40 [INFO] Creating roleBinding User user-2slhp Role admin
2021/04/30 06:44:40 [INFO] Updating role project-owner in p-bcfr5 because of rules difference with roleTemplate Project Owner (project-owner).
2021/04/30 06:44:40 [INFO] [mgmt-auth-crtb-controller] Creating roleBinding for subject u-b4qkhsnliz with role cluster-owner in namespace 
2021/04/30 06:44:40 [INFO] [mgmt-auth-prtb-controller] Updating clusterRoleBinding clusterrolebinding-qvvlt for cluster membership in cluster local for subject user-2slhp
2021/04/30 06:44:40 [INFO] Updating role project-owner in p-n29vj because of rules difference with roleTemplate Project Owner (project-owner).
2021/04/30 06:44:40 [INFO] [mgmt-auth-prtb-controller] Updating role project-owner in namespace p-n9f2p
2021/04/30 06:44:40 [INFO] Creating user for principal system://p-mhl9j
2021/04/30 06:44:40 [INFO] Creating user for principal system://p-n9f2p
2021/04/30 06:44:40 [INFO] Updating role project-owner in p-n9f2p because of rules difference with roleTemplate Project Owner (project-owner).
2021/04/30 06:44:40 [INFO] Updating clusterRole project-owner-promoted for project access to global resource.
2021/04/30 06:44:40 [INFO] [mgmt-auth-crtb-controller] Creating roleBinding for subject u-b4qkhsnliz with role cluster-owner in namespace 
2021/04/30 06:44:40 [INFO] harborClearUserAnnotationsController: clean harbor config
2021/04/30 06:44:40 [INFO] [mgmt-auth-crtb-controller] Creating roleBinding for subject u-b4qkhsnliz with role cluster-owner in namespace 
2021/04/30 06:44:40 [INFO] Creating clusterRole for roleTemplate Create Namespaces (create-ns).
2021/04/30 06:44:40 [INFO] Updating clusterRole project-owner-promoted for project access to global resource.
2021/04/30 06:44:40 [INFO] Updating role project-owner in p-n9f2p because of rules difference with roleTemplate Project Owner (project-owner).
2021/04/30 06:44:40 [INFO] Updating role project-owner in p-n29vj because of rules difference with roleTemplate Project Owner (project-owner).
2021/04/30 06:44:40 [INFO] Updating role project-owner in p-n29vj because of rules difference with roleTemplate Project Owner (project-owner).
2021/04/30 06:44:41 [INFO] Creating clusterRoleBinding for project access to global resource for subject user-2slhp role p-mhl9j-namespaces-edit.
2021/04/30 06:44:41 [ERROR] error parsing azure-group-cache-size, skipping update strconv.Atoi: parsing "": invalid syntax
2021/04/30 06:44:41 [INFO] Creating globalRoleBindings for u-ponfkk5fzz
2021/04/30 06:44:41 [INFO] Creating clusterRoleBinding for project access to global resource for subject user-2slhp role project-owner-promoted.
2021/04/30 06:44:41 [INFO] Creating globalRoleBindings for u-q7l6butbra
2021/04/30 06:44:41 [INFO] [mgmt-auth-prtb-controller] Updating role project-owner in namespace p-n9f2p
2021/04/30 06:44:41 [INFO] Creating clusterRoleBinding for project access to global resource for subject user-2slhp role project-owner-promoted.
2021/04/30 06:44:41 [INFO] [mgmt-auth-prtb-controller] Updating role project-owner in namespace p-bcfr5
2021/04/30 06:44:41 [INFO] Updating role project-owner in p-n9f2p because of rules difference with roleTemplate Project Owner (project-owner).
2021/04/30 06:44:41 [INFO] [mgmt-auth-prtb-controller] Updating role project-owner in namespace p-n29vj
2021/04/30 06:44:41 [INFO] Creating clusterRoleBinding for project access to global resource for subject user-2slhp role p-n9f2p-namespaces-edit.
2021/04/30 06:44:41 [INFO] Creating clusterRoleBinding for project access to global resource for subject user-2slhp role create-ns.
2021/04/30 06:44:42 [INFO] Updating clusterRoleBinding clusterrolebinding-vffk9 for project access to global resource for subject user-2slhp role project-owner-promoted.
2021/04/30 06:44:42 [INFO] Creating clusterRoleBinding for project access to global resource for subject user-2slhp role create-ns.
2021/04/30 06:44:42 [INFO] Updating clusterRoleBinding clusterrolebinding-74hxl for project access to global resource for subject user-2slhp role project-owner-promoted.
2021/04/30 06:44:42 [WARNING] error updating ns rancher-operator-system status: Operation cannot be fulfilled on namespaces "rancher-operator-system": the object has been modified; please apply your changes to the latest version and try again
2021/04/30 06:44:42 [INFO] Creating new GlobalRoleBinding for GlobalRoleBinding grb-cw4ml
2021/04/30 06:44:42 [INFO] [mgmt-auth-grb-controller] Creating clusterRoleBinding for globalRoleBinding grb-cw4ml for user u-q7l6butbra with role cattle-globalrole-user
2021/04/30 06:44:42 [INFO] Creating new GlobalRoleBinding for GlobalRoleBinding grb-n9krz
2021/04/30 06:44:42 [INFO] [mgmt-auth-grb-controller] Creating clusterRoleBinding for globalRoleBinding grb-n9krz for user u-ponfkk5fzz with role cattle-globalrole-user
2021/04/30 06:44:42 [INFO] namespaceHandler: addProjectIDLabelToNamespace: adding label field.cattle.io/projectId=p-mhl9j to namespace=kube-public
2021/04/30 06:44:42 [INFO] Updating clusterRoleBinding clusterrolebinding-74hxl for project access to global resource for subject user-2slhp role project-owner-promoted.
2021/04/30 06:44:42 [INFO] [mgmt-auth-prtb-controller] Updating role project-owner in namespace p-mhl9j
2021/04/30 06:44:43 [INFO] [mgmt-auth-prtb-controller] Creating role/clusterRole p-n9f2p-projectmember
2021/04/30 06:44:43 [INFO] Updating role project-owner in p-mhl9j because of rules difference with roleTemplate Project Owner (project-owner).
2021/04/30 06:44:43 [INFO] Updating role project-owner in p-mhl9j because of rules difference with roleTemplate Project Owner (project-owner).
2021/04/30 06:44:43 [INFO] [mgmt-auth-prtb-controller] Updating role project-owner in namespace p-n9f2p
2021/04/30 06:44:43 [ERROR] namespaceHandler: Sync: error adding project id label to namespace err=Operation cannot be fulfilled on namespaces "kube-public": the object has been modified; please apply your changes to the latest version and try again
2021/04/30 06:44:43 [INFO] Updating role project-owner in p-mhl9j because of rules difference with roleTemplate Project Owner (project-owner).
2021/04/30 06:44:43 [INFO] Deleting roleBinding clusterrolebinding-6wkrr
2021/04/30 06:44:43 [INFO] [mgmt-auth-prtb-controller] Creating roleBinding for membership in project p-n9f2p for subject u-ponfkk5fzz
2021/04/30 06:44:43 [INFO] Updating role project-owner in p-mhl9j because of rules difference with roleTemplate Project Owner (project-owner).
2021/04/30 06:44:43 [INFO] [mgmt-auth-prtb-controller] Creating clusterRoleBinding for membership in cluster local for subject u-ponfkk5fzz
2021/04/30 06:44:43 [WARNING] error updating ns user-2slhp status: Operation cannot be fulfilled on namespaces "user-2slhp": the object has been modified; please apply your changes to the latest version and try again
2021/04/30 06:44:43 [INFO] Updating clusterRoleBinding clusterrolebinding-krrk8 for project access to global resource for subject user-2slhp role create-ns.
2021/04/30 06:44:43 [INFO] [mgmt-auth-prtb-controller] Creating role project-member in namespace local
2021/04/30 06:44:43 [INFO] [mgmt-auth-prtb-controller] Creating role/clusterRole p-mhl9j-projectmember
2021/04/30 06:44:43 [INFO] Creating roleBinding User u-b4qkhsnliz Role cluster-owner
2021/04/30 06:44:43 [INFO] namespaceHandler: addProjectIDLabelToNamespace: adding label field.cattle.io/projectId=p-n9f2p to namespace=default
2021/04/30 06:44:43 [INFO] Deleting roleBinding clusterrolebinding-z9sfl
2021/04/30 06:44:43 [INFO] [mgmt-auth-prtb-controller] Creating roleBinding for subject u-ponfkk5fzz with role project-member in namespace 
2021/04/30 06:44:43 [INFO] Creating clusterRole for roleTemplate Project Member (project-member).
2021/04/30 06:44:43 [ERROR] namespaceHandler: Sync: error adding project id label to namespace err=Operation cannot be fulfilled on namespaces "default": the object has been modified; please apply your changes to the latest version and try again
2021/04/30 06:44:43 [INFO] Updating role project-owner in p-n9f2p because of rules difference with roleTemplate Project Owner (project-owner).
2021/04/30 06:44:43 [INFO] [mgmt-auth-prtb-controller] Creating roleBinding for membership in project p-mhl9j for subject u-q7l6butbra
2021/04/30 06:44:43 [INFO] Creating roleBinding User user-2slhp Role project-owner
2021/04/30 06:44:43 [INFO] Updating role project-owner in p-n9f2p because of rules difference with roleTemplate Project Owner (project-owner).
2021/04/30 06:44:43 [INFO] [mgmt-auth-prtb-controller] Creating role project-member in namespace p-n9f2p
2021/04/30 06:44:43 [INFO] [mgmt-auth-prtb-controller] Creating clusterRoleBinding for membership in cluster local for subject u-q7l6butbra
2021/04/30 06:44:44 [INFO] Creating roleBinding User u-q7l6butbra Role project-member
2021/04/30 06:44:44 [INFO] [mgmt-auth-prtb-controller] Creating roleBinding for subject u-q7l6butbra with role project-member in namespace 
2021/04/30 06:44:44 [INFO] Creating roleBinding User user-2slhp Role admin
2021/04/30 06:44:44 [INFO] [mgmt-auth-prtb-controller] Updating role project-owner in namespace p-n9f2p
2021/04/30 06:44:44 [INFO] Creating roleBinding User u-q7l6butbra Role edit
2021/04/30 06:44:44 [INFO] Creating roleBinding User user-2slhp Role project-owner
2021/04/30 06:44:44 [INFO] [mgmt-auth-prtb-controller] Creating role edit in namespace p-n9f2p
2021/04/30 06:44:44 [INFO] [mgmt-auth-prtb-controller] Creating role project-member in namespace p-mhl9j
2021/04/30 06:44:44 [INFO] Updating role project-owner in p-n9f2p because of rules difference with roleTemplate Project Owner (project-owner).
2021/04/30 06:44:44 [INFO] [mgmt-auth-prtb-controller] Creating roleBinding for subject u-ponfkk5fzz with role project-member in namespace 
2021/04/30 06:44:44 [INFO] [mgmt-auth-prtb-controller] Creating role edit in namespace p-mhl9j
2021/04/30 06:44:44 [INFO] harborClearUserAnnotationsController: clean harbor config
2021/04/30 06:44:44 [INFO] namespaceHandler: addProjectIDLabelToNamespace: adding label field.cattle.io/projectId=p-mhl9j to namespace=cattle-global-nt
2021/04/30 06:44:44 [INFO] Creating roleBinding User user-2slhp Role admin
2021/04/30 06:44:44 [INFO] Creating roleBinding User user-2slhp Role project-owner
2021/04/30 06:44:44 [INFO] Creating roleBinding User user-2slhp Role admin
2021/04/30 06:44:44 [INFO] Updating role project-member in p-n9f2p because of rules difference with roleTemplate Project Member (project-member).
2021/04/30 06:44:44 [INFO] [mgmt-auth-prtb-controller] Creating roleBinding for subject u-ponfkk5fzz with role edit in namespace 
2021/04/30 06:44:44 [INFO] Updating role project-member in p-mhl9j because of rules difference with roleTemplate Project Member (project-member).
2021/04/30 06:44:44 [INFO] [mgmt-auth-prtb-controller] Updating role project-owner in namespace p-n9f2p
2021/04/30 06:44:44 [INFO] [mgmt-auth-prtb-controller] Creating roleBinding for subject u-q7l6butbra with role project-member in namespace 
2021/04/30 06:44:44 [INFO] [mgmt-auth-prtb-controller] Creating roleBinding for subject u-q7l6butbra with role edit in namespace 
2021/04/30 06:44:44 [INFO] Creating roleBinding User u-q7l6butbra Role project-member
2021/04/30 06:44:44 [INFO] [mgmt-auth-prtb-controller] Updating role project-owner in namespace p-mhl9j
2021/04/30 06:44:44 [INFO] Creating roleBinding User u-q7l6butbra Role edit
2021/04/30 06:44:44 [INFO] namespaceHandler: addProjectIDLabelToNamespace: adding label field.cattle.io/projectId=p-mhl9j to namespace=cattle-global-data
2021/04/30 06:44:44 [WARNING] error updating ns p-n9f2p status: Operation cannot be fulfilled on namespaces "p-n9f2p": the object has been modified; please apply your changes to the latest version and try again
2021/04/30 06:44:44 [INFO] Updating role project-owner in p-n9f2p because of rules difference with roleTemplate Project Owner (project-owner).
2021/04/30 06:44:44 [INFO] Updating role project-owner in p-n9f2p because of rules difference with roleTemplate Project Owner (project-owner).
2021/04/30 06:44:45 [INFO] [mgmt-auth-prtb-controller] Updating role project-member in namespace p-n9f2p
2021/04/30 06:44:45 [INFO] Updating role project-owner in p-n9f2p because of rules difference with roleTemplate Project Owner (project-owner).
2021/04/30 06:44:45 [INFO] Updating role project-owner in p-mhl9j because of rules difference with roleTemplate Project Owner (project-owner).
2021/04/30 06:44:45 [INFO] [mgmt-auth-prtb-controller] Updating role project-owner in namespace p-n9f2p
2021/04/30 06:44:46 [INFO] Updating role project-member in p-n9f2p because of rules difference with roleTemplate Project Member (project-member).
2021/04/30 06:44:46 [INFO] Deleting roleBinding clusterrolebinding-zpdtn
2021/04/30 06:44:46 [INFO] Creating roleBinding User u-q7l6butbra Role edit
2021/04/30 06:44:47 [INFO] Handling backend connection request [c-vrw5v]
2021/04/30 06:44:47 [INFO] Updating role project-owner in p-n9f2p because of rules difference with roleTemplate Project Owner (project-owner).
2021/04/30 06:44:47 [INFO] Creating roleBinding User u-q7l6butbra Role project-member
2021/04/30 06:44:47 [INFO] Creating roleBinding User u-ponfkk5fzz Role edit
2021/04/30 06:44:47 [INFO] [mgmt-auth-prtb-controller] Updating role project-member in namespace p-mhl9j
2021/04/30 06:44:47 [INFO] Creating roleBinding User u-ponfkk5fzz Role edit
2021/04/30 06:44:47 [INFO] Creating roleBinding User u-ponfkk5fzz Role project-member
2021/04/30 06:44:47 [INFO] namespaceHandler: addProjectIDLabelToNamespace: adding label field.cattle.io/projectId=p-mhl9j to namespace=kube-node-lease
2021/04/30 06:44:47 [INFO] Active TLS secret serving-cert (ver=7872) (count 6): map[field.cattle.io/projectId:local:p-mhl9j listener.cattle.io/cn-127.0.0.1:127.0.0.1 listener.cattle.io/cn-172.17.0.2:172.17.0.2 listener.cattle.io/cn-3.34.192.9:3.34.192.9 listener.cattle.io/cn-localhost:localhost listener.cattle.io/cn-rancher.cattle-system:rancher.cattle-system listener.cattle.io/hash:6ac7eb6d2e5447f3cf80510947150aba4a4c524b468927cadfeb3d9058afa248]
2021/04/30 06:44:47 [INFO] Deleting roleBinding clusterrolebinding-dpzxv
2021/04/30 06:44:47 [INFO] namespaceHandler: addProjectIDLabelToNamespace: adding label field.cattle.io/projectId=p-mhl9j to namespace=cattle-system
2021/04/30 06:44:47 [INFO] Creating roleBinding User u-ponfkk5fzz Role project-member
2021/04/30 06:44:47 [INFO] Creating clusterRole project-member-promoted for project access to global resource.
2021/04/30 06:44:47 [INFO] Updating role project-member in p-mhl9j because of rules difference with roleTemplate Project Member (project-member).
2021/04/30 06:44:47 [INFO] Updating role project-member in p-mhl9j because of rules difference with roleTemplate Project Member (project-member).
2021/04/30 06:44:47 [INFO] namespaceHandler: addProjectIDLabelToNamespace: adding label field.cattle.io/projectId=p-mhl9j to namespace=kube-system
2021/04/30 06:44:47 [INFO] Updating role project-member in p-mhl9j because of rules difference with roleTemplate Project Member (project-member).
2021/04/30 06:44:47 [ERROR] namespaceHandler: Sync: error adding project id label to namespace err=Operation cannot be fulfilled on namespaces "kube-system": the object has been modified; please apply your changes to the latest version and try again
2021/04/30 06:44:47 [INFO] Deleting roleBinding clusterrolebinding-vk5db
2021/04/30 06:44:47 [INFO] Creating roleBinding User u-q7l6butbra Role project-member
2021/04/30 06:44:47 [INFO] Creating clusterRole project-member-promoted for project access to global resource.
2021/04/30 06:44:47 [INFO] Creating roleBinding User u-q7l6butbra Role edit
2021/04/30 06:44:47 [INFO] Deleting roleBinding clusterrolebinding-vk5db
2021/04/30 06:44:47 [INFO] namespaceHandler: addProjectIDLabelToNamespace: adding label field.cattle.io/projectId=p-mhl9j to namespace=kube-public
2021/04/30 06:44:47 [INFO] Creating roleBinding User u-q7l6butbra Role project-member
2021/04/30 06:44:47 [INFO] Updating clusterRole project-member-promoted for project access to global resource.
2021/04/30 06:44:47 [INFO] Deleting roleBinding clusterrolebinding-9x2tb
2021/04/30 06:44:47 [ERROR] namespaceHandler: Sync: error adding project id label to namespace err=Operation cannot be fulfilled on namespaces "kube-public": the object has been modified; please apply your changes to the latest version and try again
2021/04/30 06:44:47 [INFO] Creating roleBinding User u-q7l6butbra Role project-member
2021/04/30 06:44:47 [INFO] Updating clusterRole project-member-promoted for project access to global resource.
2021/04/30 06:44:47 [INFO] Creating roleBinding User u-q7l6butbra Role edit
2021/04/30 06:44:47 [INFO] Deleting roleBinding clusterrolebinding-9x2tb
2021/04/30 06:44:47 [INFO] Creating roleBinding User u-q7l6butbra Role edit
2021/04/30 06:44:47 [INFO] Creating roleBinding User u-q7l6butbra Role project-member
2021/04/30 06:44:47 [INFO] Creating roleBinding User u-q7l6butbra Role project-member
2021/04/30 06:44:47 [INFO] Creating roleBinding User u-q7l6butbra Role edit
2021/04/30 06:44:47 [INFO] [mgmt-auth-prtb-controller] Updating role project-member in namespace p-n9f2p
2021/04/30 06:44:47 [INFO] Creating roleBinding User u-q7l6butbra Role edit
2021/04/30 06:44:47 [INFO] namespaceHandler: addProjectIDLabelToNamespace: adding label field.cattle.io/projectId=p-n9f2p to namespace=default
2021/04/30 06:44:47 [INFO] Deleting roleBinding clusterrolebinding-gfx66
2021/04/30 06:44:47 [INFO] [mgmt-auth-prtb-controller] Updating role project-owner in namespace p-mhl9j
2021/04/30 06:44:47 [INFO] Deleting roleBinding clusterrolebinding-mfc76
2021/04/30 06:44:47 [ERROR] namespaceHandler: Sync: error adding project id label to namespace err=Operation cannot be fulfilled on namespaces "default": the object has been modified; please apply your changes to the latest version and try again
2021/04/30 06:44:47 [INFO] Updating role project-member in p-n9f2p because of rules difference with roleTemplate Project Member (project-member).
2021/04/30 06:44:47 [INFO] Updating clusterRole project-member-promoted for project access to global resource.
2021/04/30 06:44:47 [INFO] Deleting roleBinding clusterrolebinding-4h445
2021/04/30 06:44:47 [INFO] Updating clusterRole project-member-promoted for project access to global resource.
2021/04/30 06:44:47 [INFO] Deleting roleBinding clusterrolebinding-nqwfz
2021/04/30 06:44:47 [INFO] Deleting roleBinding clusterrolebinding-4h445
2021/04/30 06:44:47 [INFO] namespaceHandler: addProjectIDLabelToNamespace: adding label field.cattle.io/projectId=p-mhl9j to namespace=kube-public
2021/04/30 06:44:47 [INFO] Updating role project-owner in p-mhl9j because of rules difference with roleTemplate Project Owner (project-owner).
2021/04/30 06:44:47 [INFO] Updating clusterRole project-member-promoted for project access to global resource.
2021/04/30 06:44:47 [INFO] Deleting roleBinding clusterrolebinding-szngm
2021/04/30 06:44:47 [INFO] Updating role project-owner in p-mhl9j because of rules difference with roleTemplate Project Owner (project-owner).
2021/04/30 06:44:47 [INFO] [mgmt-auth-prtb-controller] Updating role project-member in namespace p-mhl9j
2021/04/30 06:44:47 [INFO] Creating roleBinding User user-2slhp Role project-owner
2021/04/30 06:44:47 [INFO] Updating clusterRole project-member-promoted for project access to global resource.
2021/04/30 06:44:47 [INFO] Deleting roleBinding clusterrolebinding-szngm
2021/04/30 06:44:47 [INFO] Updating role project-member in p-mhl9j because of rules difference with roleTemplate Project Member (project-member).
2021/04/30 06:44:47 [INFO] Deleting roleBinding clusterrolebinding-zbs2r
2021/04/30 06:44:47 [INFO] [mgmt-auth-prtb-controller] Updating role project-member in namespace p-n9f2p
2021/04/30 06:44:48 [INFO] namespaceHandler: addProjectIDLabelToNamespace: adding label field.cattle.io/projectId=p-n9f2p to namespace=default
2021/04/30 06:44:48 [INFO] Updating clusterRole project-member-promoted for project access to global resource.
2021/04/30 06:44:48 [INFO] Updating role project-member in p-n9f2p because of rules difference with roleTemplate Project Member (project-member).
2021/04/30 06:44:48 [INFO] Updating role project-member in p-n9f2p because of rules difference with roleTemplate Project Member (project-member).
2021/04/30 06:44:48 [INFO] Updating clusterRole project-member-promoted for project access to global resource.
2021/04/30 06:44:48 [INFO] Updating role project-member in p-n9f2p because of rules difference with roleTemplate Project Member (project-member).
2021/04/30 06:44:48 [INFO] Deleting roleBinding clusterrolebinding-r6zx8
2021/04/30 06:44:48 [INFO] Updating clusterRole project-member-promoted for project access to global resource.
2021/04/30 06:44:48 [INFO] [mgmt-auth-prtb-controller] Updating role project-member in namespace p-n9f2p
2021/04/30 06:44:48 [INFO] Updating clusterRole project-member-promoted for project access to global resource.
2021/04/30 06:44:48 [INFO] Updating clusterRole project-member-promoted for project access to global resource.
2021/04/30 06:44:48 [INFO] Creating clusterRoleBinding for project access to global resource for subject u-q7l6butbra role p-mhl9j-namespaces-edit.
2021/04/30 06:44:48 [INFO] Creating clusterRoleBinding for project access to global resource for subject u-q7l6butbra role project-member-promoted.
2021/04/30 06:44:48 [INFO] Updating role project-member in p-n9f2p because of rules difference with roleTemplate Project Member (project-member).
2021/04/30 06:44:48 [INFO] Creating clusterRoleBinding for project access to global resource for subject u-ponfkk5fzz role p-n9f2p-namespaces-edit.
2021/04/30 06:44:48 [INFO] Creating clusterRoleBinding for project access to global resource for subject u-q7l6butbra role create-ns.
2021/04/30 06:44:48 [INFO] Creating clusterRoleBinding for project access to global resource for subject u-ponfkk5fzz role project-member-promoted.
2021/04/30 06:44:48 [INFO] Creating clusterRoleBinding for project access to global resource for subject u-ponfkk5fzz role project-member-promoted.
2021/04/30 06:44:48 [INFO] [mgmt-auth-prtb-controller] Updating role project-member in namespace p-mhl9j
2021/04/30 06:44:48 [INFO] Creating clusterRoleBinding for project access to global resource for subject u-ponfkk5fzz role create-ns.
2021/04/30 06:44:48 [INFO] [mgmt-auth-prtb-controller] Updating role project-member in namespace p-n9f2p
2021/04/30 06:44:48 [INFO] Updating role project-member in p-n9f2p because of rules difference with roleTemplate Project Member (project-member).
2021/04/30 06:44:48 [INFO] Updating role project-member in p-n9f2p because of rules difference with roleTemplate Project Member (project-member).
2021/04/30 06:44:48 [INFO] Updating role project-member in p-mhl9j because of rules difference with roleTemplate Project Member (project-member).
2021/04/30 06:44:48 [INFO] Updating role project-member in p-mhl9j because of rules difference with roleTemplate Project Member (project-member).
2021/04/30 06:44:48 [INFO] [mgmt-auth-prtb-controller] Updating role project-member in namespace p-n9f2p
2021/04/30 06:44:48 [INFO] Updating role project-member in p-n9f2p because of rules difference with roleTemplate Project Member (project-member).
2021/04/30 06:44:48 [INFO] Updating role project-member in p-n9f2p because of rules difference with roleTemplate Project Member (project-member).
2021/04/30 06:44:48 [INFO] Updating role project-member in p-n9f2p because of rules difference with roleTemplate Project Member (project-member).
2021/04/30 06:44:48 [INFO] Updating role project-member in p-n9f2p because of rules difference with roleTemplate Project Member (project-member).
2021/04/30 06:44:49 [INFO] namespaceHandler: addProjectIDLabelToNamespace: adding label field.cattle.io/projectId=p-mhl9j to namespace=kube-system
2021/04/30 06:44:49 [INFO] namespaceHandler: addProjectIDLabelToNamespace: adding label field.cattle.io/projectId=p-mhl9j to namespace=kube-system
2021/04/30 06:44:49 [ERROR] namespaceHandler: Sync: error adding project id label to namespace err=Operation cannot be fulfilled on namespaces "kube-system": the object has been modified; please apply your changes to the latest version and try again
2021/04/30 06:44:54 [INFO] Provisioning cluster [c-vrw5v]
2021/04/30 06:44:54 [INFO] Updating cluster [c-vrw5v]
2021/04/30 06:44:56 [INFO] error in remotedialer server [400]: websocket: close 1006 (abnormal closure): unexpected EOF
2021/04/30 06:44:58 [INFO] Handling backend connection request [c-vrw5v:m-77cbj]
2021/04/30 06:44:58 [INFO] error in remotedialer server [400]: websocket: close 1006 (abnormal closure): unexpected EOF
2021/04/30 06:44:59 [INFO] kontainerdriver rancherkubernetesengine listening on address 127.0.0.1:46153
2021/04/30 06:44:59 [INFO] cluster [c-vrw5v] provisioning: Initiating Kubernetes cluster
2021/04/30 06:44:59 [INFO] [certificates] GenerateServingCertificate is disabled, checking if there are unused kubelet certificates
2021/04/30 06:44:59 [INFO] [certificates] Generating admin certificates and kubeconfig
2021/04/30 06:44:59 [INFO] cluster [c-vrw5v] provisioning: Successfully Deployed state file at [management-state/rke/rke-529716343/cluster.rkestate]
2021/04/30 06:44:59 [INFO] Checking if container [cert-deployer] is running on host [3.36.93.217], try #1
2021/04/30 06:44:59 [INFO] Checking if container [cert-deployer] is running on host [13.125.81.176], try #1
2021/04/30 06:44:59 [INFO] cluster [c-vrw5v] provisioning: Building Kubernetes cluster
2021/04/30 06:44:59 [INFO] Image [rancher/rke-tools:v0.1.72] exists on host [3.36.93.217]
2021/04/30 06:44:59 [INFO] Image [rancher/rke-tools:v0.1.72] exists on host [13.125.81.176]
2021/04/30 06:44:59 [INFO] cluster [c-vrw5v] provisioning: [dialer] Setup tunnel for host [13.125.76.50]
2021/04/30 06:44:59 [INFO] cluster [c-vrw5v] provisioning: [dialer] Setup tunnel for host [3.36.93.217]
2021/04/30 06:44:59 [INFO] cluster [c-vrw5v] provisioning: [dialer] Setup tunnel for host [13.125.81.176]
2021/04/30 06:44:59 [ERROR] cluster [c-vrw5v] provisioning: Failed to set up SSH tunneling for host [13.125.76.50]: Can't retrieve Docker Info: error during connect: Get "http://%!F(MISSING)var%!F(MISSING)run%!F(MISSING)docker.sock/v1.24/info": can not build dialer to [c-vrw5v:m-svmcg]
2021/04/30 06:44:59 [ERROR] cluster [c-vrw5v] provisioning: Removing host [13.125.76.50] from node lists
2021/04/30 06:44:59 [INFO] cluster [c-vrw5v] provisioning: [network] No hosts added existing cluster, skipping port check
2021/04/30 06:44:59 [INFO] cluster [c-vrw5v] provisioning: [certificates] Deploying kubernetes certificates to Cluster nodes
2021/04/30 06:44:59 [INFO] Starting container [cert-deployer] on host [13.125.81.176], try #1
2021/04/30 06:44:59 [INFO] Starting container [cert-deployer] on host [3.36.93.217], try #1
2021/04/30 06:45:00 [INFO] Checking if container [cert-deployer] is running on host [13.125.81.176], try #1
2021/04/30 06:45:00 [INFO] Checking if container [cert-deployer] is running on host [3.36.93.217], try #1
2021/04/30 06:45:01 [INFO] error in remotedialer server [400]: websocket: close 1006 (abnormal closure): unexpected EOF
2021/04/30 06:45:01 [INFO] Handling backend connection request [c-vrw5v:m-svmcg]
2021/04/30 06:45:05 [INFO] Checking if container [cert-deployer] is running on host [13.125.81.176], try #1
2021/04/30 06:45:05 [WARNING] Error checking if container [cert-deployer] is running on host [13.125.81.176]: error during connect: Get "http://%!F(MISSING)var%!F(MISSING)run%!F(MISSING)docker.sock/v1.24/containers/json?limit=0": can not build dialer to [c-vrw5v:m-8n6wt]
2021/04/30 06:45:05 [INFO] Checking if container [cert-deployer] is running on host [13.125.81.176], try #2
2021/04/30 06:45:05 [WARNING] Error checking if container [cert-deployer] is running on host [13.125.81.176]: error during connect: Get "http://%!F(MISSING)var%!F(MISSING)run%!F(MISSING)docker.sock/v1.24/containers/json?limit=0": can not build dialer to [c-vrw5v:m-8n6wt]
2021/04/30 06:45:05 [INFO] Checking if container [cert-deployer] is running on host [13.125.81.176], try #3
2021/04/30 06:45:05 [WARNING] Error checking if container [cert-deployer] is running on host [13.125.81.176]: error during connect: Get "http://%!F(MISSING)var%!F(MISSING)run%!F(MISSING)docker.sock/v1.24/containers/json?limit=0": can not build dialer to [c-vrw5v:m-8n6wt]
2021/04/30 06:45:05 [INFO] Checking if container [cert-deployer] is running on host [3.36.93.217], try #1
2021/04/30 06:45:05 [INFO] Removing container [cert-deployer] on host [3.36.93.217], try #1
2021/04/30 06:45:05 [INFO] kontainerdriver rancherkubernetesengine stopped
2021/04/30 06:45:05 [ERROR] error syncing 'c-vrw5v': handler cluster-provisioner-controller: [Error checking if container [cert-deployer] is running on host [13.125.81.176]: error during connect: Get "http://%!F(MISSING)var%!F(MISSING)run%!F(MISSING)docker.sock/v1.24/containers/json?limit=0": can not build dialer to [c-vrw5v:m-8n6wt]], requeuing
2021/04/30 06:45:09 [ERROR] error syncing 'rancher-operator-system/helm-operation-q5zbh': handler helm-operation: an error on the server ("container not found (\"proxy\")") has prevented the request from succeeding (get pods helm-operation-q5zbh), requeuing
2021/04/30 06:45:09 [ERROR] error syncing 'rancher-operator-system/helm-operation-q5zbh': handler helm-operation: an error on the server ("container not found (\"proxy\")") has prevented the request from succeeding (get pods helm-operation-q5zbh), requeuing
2021/04/30 06:45:09 [ERROR] error syncing 'rancher-operator-system/helm-operation-q5zbh': handler helm-operation: an error on the server ("container not found (\"proxy\")") has prevented the request from succeeding (get pods helm-operation-q5zbh), requeuing
2021/04/30 06:45:09 [ERROR] error syncing 'rancher-operator-system/helm-operation-q5zbh': handler helm-operation: an error on the server ("container not found (\"proxy\")") has prevented the request from succeeding (get pods helm-operation-q5zbh), requeuing
2021/04/30 06:45:09 [ERROR] error syncing 'rancher-operator-system/helm-operation-q5zbh': handler helm-operation: an error on the server ("container not found (\"proxy\")") has prevented the request from succeeding (get pods helm-operation-q5zbh), requeuing
2021/04/30 06:45:10 [ERROR] error syncing 'rancher-operator-system/helm-operation-q5zbh': handler helm-operation: an error on the server ("container not found (\"proxy\")") has prevented the request from succeeding (get pods helm-operation-q5zbh), requeuing
2021/04/30 06:45:10 [ERROR] error syncing 'rancher-operator-system/helm-operation-q5zbh': handler helm-operation: an error on the server ("container not found (\"proxy\")") has prevented the request from succeeding (get pods helm-operation-q5zbh), requeuing
2021/04/30 06:45:10 [ERROR] error syncing 'rancher-operator-system/helm-operation-q5zbh': handler helm-operation: an error on the server ("container not found (\"proxy\")") has prevented the request from succeeding (get pods helm-operation-q5zbh), requeuing
2021/04/30 06:45:20 [INFO] Handling backend connection request [c-vrw5v:m-8n6wt]
2021/04/30 06:45:21 [ERROR] error syncing 'cattle-system/helm-operation-8wqtc': handler helm-operation: an error on the server ("container not found (\"proxy\")") has prevented the request from succeeding (get pods helm-operation-8wqtc), requeuing
2021/04/30 06:45:21 [ERROR] error syncing 'cattle-system/helm-operation-8wqtc': handler helm-operation: an error on the server ("container not found (\"proxy\")") has prevented the request from succeeding (get pods helm-operation-8wqtc), requeuing
2021/04/30 06:45:21 [ERROR] error syncing 'cattle-system/helm-operation-8wqtc': handler helm-operation: an error on the server ("container not found (\"proxy\")") has prevented the request from succeeding (get pods helm-operation-8wqtc), requeuing
2021/04/30 06:45:21 [ERROR] error syncing 'cattle-system/helm-operation-8wqtc': handler helm-operation: an error on the server ("container not found (\"proxy\")") has prevented the request from succeeding (get pods helm-operation-8wqtc), requeuing
2021/04/30 06:45:21 [ERROR] error syncing 'cattle-system/helm-operation-8wqtc': handler helm-operation: an error on the server ("container not found (\"proxy\")") has prevented the request from succeeding (get pods helm-operation-8wqtc), requeuing
2021/04/30 06:45:22 [ERROR] error syncing 'cattle-system/helm-operation-8wqtc': handler helm-operation: an error on the server ("container not found (\"proxy\")") has prevented the request from succeeding (get pods helm-operation-8wqtc), requeuing
2021/04/30 06:45:22 [ERROR] error syncing 'cattle-system/helm-operation-8wqtc': handler helm-operation: an error on the server ("container not found (\"proxy\")") has prevented the request from succeeding (get pods helm-operation-8wqtc), requeuing
2021/04/30 06:45:22 [ERROR] error syncing 'cattle-system/helm-operation-8wqtc': handler helm-operation: an error on the server ("container not found (\"proxy\")") has prevented the request from succeeding (get pods helm-operation-8wqtc), requeuing
2021/04/30 06:45:25 [INFO] Refreshing all schemas
2021/04/30 06:45:25 [INFO] Refreshing all schemas
2021/04/30 06:45:25 [INFO] APIVersion /v1 Kind Binding
2021/04/30 06:45:25 [INFO] APIVersion /v1 Kind ComponentStatus
2021/04/30 06:45:25 [INFO] APIVersion /v1 Kind ConfigMap
2021/04/30 06:45:25 [INFO] APIVersion /v1 Kind Endpoints
2021/04/30 06:45:25 [INFO] APIVersion /v1 Kind Event
2021/04/30 06:45:25 [INFO] APIVersion /v1 Kind LimitRange
2021/04/30 06:45:25 [INFO] APIVersion /v1 Kind Namespace
2021/04/30 06:45:25 [INFO] APIVersion /v1 Kind Node
2021/04/30 06:45:25 [INFO] APIVersion /v1 Kind PersistentVolumeClaim
2021/04/30 06:45:25 [INFO] APIVersion /v1 Kind PersistentVolume
2021/04/30 06:45:25 [INFO] APIVersion /v1 Kind Pod
2021/04/30 06:45:25 [INFO] APIVersion /v1 Kind PodTemplate
2021/04/30 06:45:25 [INFO] APIVersion /v1 Kind ReplicationController
2021/04/30 06:45:25 [INFO] APIVersion /v1 Kind ResourceQuota
2021/04/30 06:45:25 [INFO] APIVersion /v1 Kind Secret
2021/04/30 06:45:25 [INFO] APIVersion /v1 Kind ServiceAccount
2021/04/30 06:45:25 [INFO] APIVersion /v1 Kind Service
2021/04/30 06:45:25 [INFO] APIVersion apiregistration.k8s.io/v1 Kind APIService
2021/04/30 06:45:25 [INFO] APIVersion apiregistration.k8s.io/v1beta1 Kind APIService
2021/04/30 06:45:25 [INFO] APIVersion extensions/v1beta1 Kind Ingress
2021/04/30 06:45:25 [INFO] APIVersion apps/v1 Kind ControllerRevision
2021/04/30 06:45:25 [INFO] APIVersion apps/v1 Kind DaemonSet
2021/04/30 06:45:25 [INFO] APIVersion apps/v1 Kind Deployment
2021/04/30 06:45:25 [INFO] APIVersion apps/v1 Kind ReplicaSet
2021/04/30 06:45:25 [INFO] APIVersion apps/v1 Kind StatefulSet
2021/04/30 06:45:25 [INFO] APIVersion events.k8s.io/v1beta1 Kind Event
2021/04/30 06:45:25 [INFO] APIVersion authentication.k8s.io/v1 Kind TokenReview
2021/04/30 06:45:25 [INFO] APIVersion authentication.k8s.io/v1beta1 Kind TokenReview
2021/04/30 06:45:25 [INFO] APIVersion authorization.k8s.io/v1 Kind LocalSubjectAccessReview
2021/04/30 06:45:25 [INFO] APIVersion authorization.k8s.io/v1 Kind SelfSubjectAccessReview
2021/04/30 06:45:25 [INFO] APIVersion authorization.k8s.io/v1 Kind SelfSubjectRulesReview
2021/04/30 06:45:25 [INFO] APIVersion authorization.k8s.io/v1 Kind SubjectAccessReview
2021/04/30 06:45:25 [INFO] APIVersion authorization.k8s.io/v1beta1 Kind LocalSubjectAccessReview
2021/04/30 06:45:25 [INFO] APIVersion authorization.k8s.io/v1beta1 Kind SelfSubjectAccessReview
2021/04/30 06:45:25 [INFO] APIVersion authorization.k8s.io/v1beta1 Kind SelfSubjectRulesReview
2021/04/30 06:45:25 [INFO] APIVersion authorization.k8s.io/v1beta1 Kind SubjectAccessReview
2021/04/30 06:45:25 [INFO] APIVersion autoscaling/v1 Kind HorizontalPodAutoscaler
2021/04/30 06:45:25 [INFO] APIVersion autoscaling/v2beta1 Kind HorizontalPodAutoscaler
2021/04/30 06:45:25 [INFO] APIVersion autoscaling/v2beta2 Kind HorizontalPodAutoscaler
2021/04/30 06:45:25 [INFO] APIVersion batch/v1 Kind Job
2021/04/30 06:45:25 [INFO] APIVersion batch/v1beta1 Kind CronJob
2021/04/30 06:45:25 [INFO] APIVersion certificates.k8s.io/v1beta1 Kind CertificateSigningRequest
2021/04/30 06:45:25 [INFO] APIVersion networking.k8s.io/v1 Kind NetworkPolicy
2021/04/30 06:45:25 [INFO] APIVersion networking.k8s.io/v1beta1 Kind IngressClass
2021/04/30 06:45:25 [INFO] APIVersion networking.k8s.io/v1beta1 Kind Ingress
2021/04/30 06:45:25 [INFO] APIVersion policy/v1beta1 Kind PodDisruptionBudget
2021/04/30 06:45:25 [INFO] APIVersion policy/v1beta1 Kind PodSecurityPolicy
2021/04/30 06:45:25 [INFO] APIVersion rbac.authorization.k8s.io/v1 Kind ClusterRoleBinding
2021/04/30 06:45:25 [INFO] APIVersion rbac.authorization.k8s.io/v1 Kind ClusterRole
2021/04/30 06:45:25 [INFO] APIVersion rbac.authorization.k8s.io/v1 Kind RoleBinding
2021/04/30 06:45:25 [INFO] APIVersion rbac.authorization.k8s.io/v1 Kind Role
2021/04/30 06:45:25 [INFO] APIVersion rbac.authorization.k8s.io/v1beta1 Kind ClusterRoleBinding
2021/04/30 06:45:25 [INFO] APIVersion rbac.authorization.k8s.io/v1beta1 Kind ClusterRole
2021/04/30 06:45:25 [INFO] APIVersion rbac.authorization.k8s.io/v1beta1 Kind RoleBinding
2021/04/30 06:45:25 [INFO] APIVersion rbac.authorization.k8s.io/v1beta1 Kind Role
2021/04/30 06:45:25 [INFO] APIVersion storage.k8s.io/v1 Kind CSIDriver
2021/04/30 06:45:25 [INFO] APIVersion storage.k8s.io/v1 Kind CSINode
2021/04/30 06:45:25 [INFO] APIVersion storage.k8s.io/v1 Kind StorageClass
2021/04/30 06:45:25 [INFO] APIVersion storage.k8s.io/v1 Kind VolumeAttachment
2021/04/30 06:45:25 [INFO] APIVersion storage.k8s.io/v1beta1 Kind CSIDriver
2021/04/30 06:45:25 [INFO] APIVersion storage.k8s.io/v1beta1 Kind CSINode
2021/04/30 06:45:25 [INFO] APIVersion storage.k8s.io/v1beta1 Kind StorageClass
2021/04/30 06:45:25 [INFO] APIVersion storage.k8s.io/v1beta1 Kind VolumeAttachment
2021/04/30 06:45:25 [INFO] APIVersion admissionregistration.k8s.io/v1 Kind MutatingWebhookConfiguration
2021/04/30 06:45:25 [INFO] APIVersion admissionregistration.k8s.io/v1 Kind ValidatingWebhookConfiguration
2021/04/30 06:45:25 [INFO] APIVersion admissionregistration.k8s.io/v1beta1 Kind MutatingWebhookConfiguration
2021/04/30 06:45:25 [INFO] APIVersion admissionregistration.k8s.io/v1beta1 Kind ValidatingWebhookConfiguration
2021/04/30 06:45:25 [INFO] APIVersion apiextensions.k8s.io/v1 Kind CustomResourceDefinition
2021/04/30 06:45:25 [INFO] APIVersion apiextensions.k8s.io/v1beta1 Kind CustomResourceDefinition
2021/04/30 06:45:25 [INFO] APIVersion scheduling.k8s.io/v1 Kind PriorityClass
2021/04/30 06:45:25 [INFO] APIVersion scheduling.k8s.io/v1beta1 Kind PriorityClass
2021/04/30 06:45:25 [INFO] APIVersion coordination.k8s.io/v1 Kind Lease
2021/04/30 06:45:25 [INFO] APIVersion coordination.k8s.io/v1beta1 Kind Lease
2021/04/30 06:45:25 [INFO] APIVersion node.k8s.io/v1beta1 Kind RuntimeClass
2021/04/30 06:45:25 [INFO] APIVersion discovery.k8s.io/v1beta1 Kind EndpointSlice
2021/04/30 06:45:25 [INFO] APIVersion catalog.cattle.io/v1 Kind ClusterRepo
2021/04/30 06:45:25 [INFO] APIVersion catalog.cattle.io/v1 Kind Operation
2021/04/30 06:45:25 [INFO] APIVersion catalog.cattle.io/v1 Kind App
2021/04/30 06:45:25 [INFO] APIVersion cis.f5.com/v1 Kind ExternalDNS
2021/04/30 06:45:25 [INFO] APIVersion cis.f5.com/v1 Kind TransportServer
2021/04/30 06:45:25 [INFO] APIVersion cis.f5.com/v1 Kind VirtualServer
2021/04/30 06:45:25 [INFO] APIVersion cis.f5.com/v1 Kind TLSProfile
2021/04/30 06:45:25 [INFO] APIVersion helm.cattle.io/v1 Kind HelmChart
2021/04/30 06:45:25 [INFO] APIVersion k3s.cattle.io/v1 Kind Addon
2021/04/30 06:45:25 [INFO] APIVersion monitoring.coreos.com/v1 Kind PrometheusRule
2021/04/30 06:45:25 [INFO] APIVersion monitoring.coreos.com/v1 Kind ServiceMonitor
2021/04/30 06:45:25 [INFO] APIVersion monitoring.coreos.com/v1 Kind Alertmanager
2021/04/30 06:45:25 [INFO] APIVersion monitoring.coreos.com/v1 Kind Prometheus
2021/04/30 06:45:25 [INFO] APIVersion rancher.cattle.io/v1 Kind RoleTemplateBinding
2021/04/30 06:45:25 [INFO] APIVersion rancher.cattle.io/v1 Kind Project
2021/04/30 06:45:25 [INFO] APIVersion rancher.cattle.io/v1 Kind RoleTemplate
2021/04/30 06:45:25 [INFO] APIVersion management.cattle.io/v3 Kind CisBenchmarkVersion
2021/04/30 06:45:25 [INFO] APIVersion management.cattle.io/v3 Kind ComposeConfig
2021/04/30 06:45:25 [INFO] APIVersion management.cattle.io/v3 Kind ClusterMonitorGraph
2021/04/30 06:45:25 [INFO] APIVersion management.cattle.io/v3 Kind Project
2021/04/30 06:45:25 [INFO] APIVersion management.cattle.io/v3 Kind Notifier
2021/04/30 06:45:25 [INFO] APIVersion management.cattle.io/v3 Kind RkeK8sSystemImage
2021/04/30 06:45:25 [INFO] APIVersion management.cattle.io/v3 Kind FleetWorkspace
2021/04/30 06:45:25 [INFO] APIVersion management.cattle.io/v3 Kind ClusterScan
2021/04/30 06:45:25 [INFO] APIVersion management.cattle.io/v3 Kind NodeTemplate
2021/04/30 06:45:25 [INFO] APIVersion management.cattle.io/v3 Kind ClusterTemplateRevision
2021/04/30 06:45:25 [INFO] APIVersion management.cattle.io/v3 Kind Template
2021/04/30 06:45:25 [INFO] APIVersion management.cattle.io/v3 Kind Feature
2021/04/30 06:45:25 [INFO] APIVersion management.cattle.io/v3 Kind GroupMember
2021/04/30 06:45:25 [INFO] APIVersion management.cattle.io/v3 Kind User
2021/04/30 06:45:25 [INFO] APIVersion management.cattle.io/v3 Kind GlobalDnsProvider
2021/04/30 06:45:25 [INFO] APIVersion management.cattle.io/v3 Kind GlobalRole
2021/04/30 06:45:25 [INFO] APIVersion management.cattle.io/v3 Kind ProjectAlertRule
2021/04/30 06:45:25 [INFO] APIVersion management.cattle.io/v3 Kind DynamicSchema
2021/04/30 06:45:25 [INFO] APIVersion management.cattle.io/v3 Kind Token
2021/04/30 06:45:25 [INFO] APIVersion management.cattle.io/v3 Kind Group
2021/04/30 06:45:25 [INFO] APIVersion management.cattle.io/v3 Kind ProjectAlertGroup
2021/04/30 06:45:25 [INFO] APIVersion management.cattle.io/v3 Kind MultiClusterAppRevision
2021/04/30 06:45:25 [INFO] APIVersion management.cattle.io/v3 Kind Setting
2021/04/30 06:45:25 [INFO] APIVersion management.cattle.io/v3 Kind CisConfig
2021/04/30 06:45:25 [INFO] APIVersion management.cattle.io/v3 Kind ClusterTemplate
2021/04/30 06:45:25 [INFO] APIVersion management.cattle.io/v3 Kind ProjectAlert
2021/04/30 06:45:25 [INFO] APIVersion management.cattle.io/v3 Kind Node
2021/04/30 06:45:25 [INFO] APIVersion management.cattle.io/v3 Kind ClusterRegistrationToken
2021/04/30 06:45:25 [INFO] APIVersion management.cattle.io/v3 Kind EtcdBackup
2021/04/30 06:45:25 [INFO] APIVersion management.cattle.io/v3 Kind CatalogTemplate
2021/04/30 06:45:25 [INFO] APIVersion management.cattle.io/v3 Kind ClusterCatalog
2021/04/30 06:45:25 [INFO] APIVersion management.cattle.io/v3 Kind GlobalRoleBinding
2021/04/30 06:45:25 [INFO] APIVersion management.cattle.io/v3 Kind ProjectMonitorGraph
2021/04/30 06:45:25 [INFO] APIVersion management.cattle.io/v3 Kind Cluster
2021/04/30 06:45:25 [INFO] APIVersion management.cattle.io/v3 Kind RkeK8sServiceOption
2021/04/30 06:45:25 [INFO] APIVersion management.cattle.io/v3 Kind Catalog
2021/04/30 06:45:25 [INFO] APIVersion management.cattle.io/v3 Kind ClusterAlertRule
2021/04/30 06:45:25 [INFO] APIVersion management.cattle.io/v3 Kind RkeAddon
2021/04/30 06:45:25 [INFO] APIVersion management.cattle.io/v3 Kind SamlToken
2021/04/30 06:45:25 [INFO] APIVersion management.cattle.io/v3 Kind ProjectRoleTemplateBinding
2021/04/30 06:45:25 [INFO] APIVersion management.cattle.io/v3 Kind ProjectCatalog
2021/04/30 06:45:25 [INFO] APIVersion management.cattle.io/v3 Kind TemplateContent
2021/04/30 06:45:25 [INFO] APIVersion management.cattle.io/v3 Kind NodePool
2021/04/30 06:45:25 [INFO] APIVersion management.cattle.io/v3 Kind ProjectLogging
2021/04/30 06:45:25 [INFO] APIVersion management.cattle.io/v3 Kind TemplateVersion
2021/04/30 06:45:25 [INFO] APIVersion management.cattle.io/v3 Kind CatalogTemplateVersion
2021/04/30 06:45:25 [INFO] APIVersion management.cattle.io/v3 Kind NodeDriver
2021/04/30 06:45:25 [INFO] APIVersion management.cattle.io/v3 Kind RoleTemplate
2021/04/30 06:45:25 [INFO] APIVersion management.cattle.io/v3 Kind ClusterAlert
2021/04/30 06:45:25 [INFO] APIVersion management.cattle.io/v3 Kind PodSecurityPolicyTemplateProjectBinding
2021/04/30 06:45:25 [INFO] APIVersion management.cattle.io/v3 Kind ClusterAlertGroup
2021/04/30 06:45:25 [INFO] APIVersion management.cattle.io/v3 Kind UserAttribute
2021/04/30 06:45:25 [INFO] APIVersion management.cattle.io/v3 Kind ClusterLogging
2021/04/30 06:45:25 [INFO] APIVersion management.cattle.io/v3 Kind Preference
2021/04/30 06:45:25 [INFO] APIVersion management.cattle.io/v3 Kind MultiClusterApp
2021/04/30 06:45:25 [INFO] APIVersion management.cattle.io/v3 Kind PodSecurityPolicyTemplate
2021/04/30 06:45:25 [INFO] APIVersion management.cattle.io/v3 Kind MonitorMetric
2021/04/30 06:45:25 [INFO] APIVersion management.cattle.io/v3 Kind GlobalDns
2021/04/30 06:45:25 [INFO] APIVersion management.cattle.io/v3 Kind ProjectNetworkPolicy
2021/04/30 06:45:25 [INFO] APIVersion management.cattle.io/v3 Kind NotificationTemplate
2021/04/30 06:45:25 [INFO] APIVersion management.cattle.io/v3 Kind ClusterRoleTemplateBinding
2021/04/30 06:45:25 [INFO] APIVersion management.cattle.io/v3 Kind KontainerDriver
2021/04/30 06:45:25 [INFO] APIVersion management.cattle.io/v3 Kind AuthConfig
2021/04/30 06:45:25 [INFO] APIVersion mgt.pandaria.io/v3 Kind SensitiveFilter
2021/04/30 06:45:25 [INFO] APIVersion project.cattle.io/v3 Kind PipelineExecution
2021/04/30 06:45:25 [INFO] APIVersion project.cattle.io/v3 Kind PipelineSetting
2021/04/30 06:45:25 [INFO] APIVersion project.cattle.io/v3 Kind SourceCodeRepository
2021/04/30 06:45:25 [INFO] APIVersion project.cattle.io/v3 Kind Pipeline
2021/04/30 06:45:25 [INFO] APIVersion project.cattle.io/v3 Kind SourceCodeCredential
2021/04/30 06:45:25 [INFO] APIVersion project.cattle.io/v3 Kind App
2021/04/30 06:45:25 [INFO] APIVersion project.cattle.io/v3 Kind AppRevision
2021/04/30 06:45:25 [INFO] APIVersion project.cattle.io/v3 Kind SourceCodeProviderConfig
2021/04/30 06:45:25 [INFO] Watching metadata for rancher.cattle.io/v1, Kind=RoleTemplate
2021/04/30 06:45:25 [INFO] Watching metadata for rancher.cattle.io/v1, Kind=Project
2021/04/30 06:45:25 [INFO] Watching metadata for rancher.cattle.io/v1, Kind=RoleTemplateBinding
2021/04/30 06:45:26 [INFO] Refreshing all schemas
2021/04/30 06:45:26 [INFO] Refreshing all schemas
2021/04/30 06:45:26 [INFO] APIVersion /v1 Kind Binding
2021/04/30 06:45:26 [INFO] APIVersion /v1 Kind ComponentStatus
2021/04/30 06:45:26 [INFO] APIVersion /v1 Kind ConfigMap
2021/04/30 06:45:26 [INFO] APIVersion /v1 Kind Endpoints
2021/04/30 06:45:26 [INFO] APIVersion /v1 Kind Event
2021/04/30 06:45:26 [INFO] APIVersion /v1 Kind LimitRange
2021/04/30 06:45:26 [INFO] APIVersion /v1 Kind Namespace
2021/04/30 06:45:26 [INFO] APIVersion /v1 Kind Node
2021/04/30 06:45:26 [INFO] APIVersion /v1 Kind PersistentVolumeClaim
2021/04/30 06:45:26 [INFO] APIVersion /v1 Kind PersistentVolume
2021/04/30 06:45:26 [INFO] APIVersion /v1 Kind Pod
2021/04/30 06:45:26 [INFO] APIVersion /v1 Kind PodTemplate
2021/04/30 06:45:26 [INFO] APIVersion /v1 Kind ReplicationController
2021/04/30 06:45:26 [INFO] APIVersion /v1 Kind ResourceQuota
2021/04/30 06:45:26 [INFO] APIVersion /v1 Kind Secret
2021/04/30 06:45:26 [INFO] APIVersion /v1 Kind ServiceAccount
2021/04/30 06:45:26 [INFO] APIVersion /v1 Kind Service
2021/04/30 06:45:26 [INFO] APIVersion apiregistration.k8s.io/v1 Kind APIService
2021/04/30 06:45:26 [INFO] APIVersion apiregistration.k8s.io/v1beta1 Kind APIService
2021/04/30 06:45:26 [INFO] APIVersion extensions/v1beta1 Kind Ingress
2021/04/30 06:45:26 [INFO] APIVersion apps/v1 Kind ControllerRevision
2021/04/30 06:45:26 [INFO] APIVersion apps/v1 Kind DaemonSet
2021/04/30 06:45:26 [INFO] APIVersion apps/v1 Kind Deployment
2021/04/30 06:45:26 [INFO] APIVersion apps/v1 Kind ReplicaSet
2021/04/30 06:45:26 [INFO] APIVersion apps/v1 Kind StatefulSet
2021/04/30 06:45:26 [INFO] APIVersion events.k8s.io/v1beta1 Kind Event
2021/04/30 06:45:26 [INFO] APIVersion authentication.k8s.io/v1 Kind TokenReview
2021/04/30 06:45:26 [INFO] APIVersion authentication.k8s.io/v1beta1 Kind TokenReview
2021/04/30 06:45:26 [INFO] APIVersion authorization.k8s.io/v1 Kind LocalSubjectAccessReview
2021/04/30 06:45:26 [INFO] APIVersion authorization.k8s.io/v1 Kind SelfSubjectAccessReview
2021/04/30 06:45:26 [INFO] APIVersion authorization.k8s.io/v1 Kind SelfSubjectRulesReview
2021/04/30 06:45:26 [INFO] APIVersion authorization.k8s.io/v1 Kind SubjectAccessReview
2021/04/30 06:45:26 [INFO] APIVersion authorization.k8s.io/v1beta1 Kind LocalSubjectAccessReview
2021/04/30 06:45:26 [INFO] APIVersion authorization.k8s.io/v1beta1 Kind SelfSubjectAccessReview
2021/04/30 06:45:26 [INFO] APIVersion authorization.k8s.io/v1beta1 Kind SelfSubjectRulesReview
2021/04/30 06:45:26 [INFO] APIVersion authorization.k8s.io/v1beta1 Kind SubjectAccessReview
2021/04/30 06:45:26 [INFO] APIVersion autoscaling/v1 Kind HorizontalPodAutoscaler
2021/04/30 06:45:26 [INFO] APIVersion autoscaling/v2beta1 Kind HorizontalPodAutoscaler
2021/04/30 06:45:26 [INFO] APIVersion autoscaling/v2beta2 Kind HorizontalPodAutoscaler
2021/04/30 06:45:26 [INFO] APIVersion batch/v1 Kind Job
2021/04/30 06:45:26 [INFO] APIVersion batch/v1beta1 Kind CronJob
2021/04/30 06:45:26 [INFO] APIVersion certificates.k8s.io/v1beta1 Kind CertificateSigningRequest
2021/04/30 06:45:26 [INFO] APIVersion networking.k8s.io/v1 Kind NetworkPolicy
2021/04/30 06:45:26 [INFO] APIVersion networking.k8s.io/v1beta1 Kind IngressClass
2021/04/30 06:45:26 [INFO] APIVersion networking.k8s.io/v1beta1 Kind Ingress
2021/04/30 06:45:26 [INFO] APIVersion policy/v1beta1 Kind PodDisruptionBudget
2021/04/30 06:45:26 [INFO] APIVersion policy/v1beta1 Kind PodSecurityPolicy
2021/04/30 06:45:26 [INFO] APIVersion rbac.authorization.k8s.io/v1 Kind ClusterRoleBinding
2021/04/30 06:45:26 [INFO] APIVersion rbac.authorization.k8s.io/v1 Kind ClusterRole
2021/04/30 06:45:26 [INFO] APIVersion rbac.authorization.k8s.io/v1 Kind RoleBinding
2021/04/30 06:45:26 [INFO] APIVersion rbac.authorization.k8s.io/v1 Kind Role
2021/04/30 06:45:26 [INFO] APIVersion rbac.authorization.k8s.io/v1beta1 Kind ClusterRoleBinding
2021/04/30 06:45:26 [INFO] APIVersion rbac.authorization.k8s.io/v1beta1 Kind ClusterRole
2021/04/30 06:45:26 [INFO] APIVersion rbac.authorization.k8s.io/v1beta1 Kind RoleBinding
2021/04/30 06:45:26 [INFO] APIVersion rbac.authorization.k8s.io/v1beta1 Kind Role
2021/04/30 06:45:26 [INFO] APIVersion storage.k8s.io/v1 Kind CSIDriver
2021/04/30 06:45:26 [INFO] APIVersion storage.k8s.io/v1 Kind CSINode
2021/04/30 06:45:26 [INFO] APIVersion storage.k8s.io/v1 Kind StorageClass
2021/04/30 06:45:26 [INFO] APIVersion storage.k8s.io/v1 Kind VolumeAttachment
2021/04/30 06:45:26 [INFO] APIVersion storage.k8s.io/v1beta1 Kind CSIDriver
2021/04/30 06:45:26 [INFO] APIVersion storage.k8s.io/v1beta1 Kind CSINode
2021/04/30 06:45:26 [INFO] APIVersion storage.k8s.io/v1beta1 Kind StorageClass
2021/04/30 06:45:26 [INFO] APIVersion storage.k8s.io/v1beta1 Kind VolumeAttachment
2021/04/30 06:45:26 [INFO] APIVersion admissionregistration.k8s.io/v1 Kind MutatingWebhookConfiguration
2021/04/30 06:45:26 [INFO] APIVersion admissionregistration.k8s.io/v1 Kind ValidatingWebhookConfiguration
2021/04/30 06:45:26 [INFO] APIVersion admissionregistration.k8s.io/v1beta1 Kind MutatingWebhookConfiguration
2021/04/30 06:45:26 [INFO] APIVersion admissionregistration.k8s.io/v1beta1 Kind ValidatingWebhookConfiguration
2021/04/30 06:45:26 [INFO] APIVersion apiextensions.k8s.io/v1 Kind CustomResourceDefinition
2021/04/30 06:45:26 [INFO] APIVersion apiextensions.k8s.io/v1beta1 Kind CustomResourceDefinition
2021/04/30 06:45:26 [INFO] APIVersion scheduling.k8s.io/v1 Kind PriorityClass
2021/04/30 06:45:26 [INFO] APIVersion scheduling.k8s.io/v1beta1 Kind PriorityClass
2021/04/30 06:45:26 [INFO] APIVersion coordination.k8s.io/v1 Kind Lease
2021/04/30 06:45:26 [INFO] APIVersion coordination.k8s.io/v1beta1 Kind Lease
2021/04/30 06:45:26 [INFO] APIVersion node.k8s.io/v1beta1 Kind RuntimeClass
2021/04/30 06:45:26 [INFO] APIVersion discovery.k8s.io/v1beta1 Kind EndpointSlice
2021/04/30 06:45:26 [INFO] APIVersion catalog.cattle.io/v1 Kind ClusterRepo
2021/04/30 06:45:26 [INFO] APIVersion catalog.cattle.io/v1 Kind Operation
2021/04/30 06:45:26 [INFO] APIVersion catalog.cattle.io/v1 Kind App
2021/04/30 06:45:26 [INFO] APIVersion cis.f5.com/v1 Kind ExternalDNS
2021/04/30 06:45:26 [INFO] APIVersion cis.f5.com/v1 Kind TransportServer
2021/04/30 06:45:26 [INFO] APIVersion cis.f5.com/v1 Kind VirtualServer
2021/04/30 06:45:26 [INFO] APIVersion cis.f5.com/v1 Kind TLSProfile
2021/04/30 06:45:26 [INFO] APIVersion helm.cattle.io/v1 Kind HelmChart
2021/04/30 06:45:26 [INFO] APIVersion k3s.cattle.io/v1 Kind Addon
2021/04/30 06:45:26 [INFO] APIVersion monitoring.coreos.com/v1 Kind PrometheusRule
2021/04/30 06:45:26 [INFO] APIVersion monitoring.coreos.com/v1 Kind ServiceMonitor
2021/04/30 06:45:26 [INFO] APIVersion monitoring.coreos.com/v1 Kind Alertmanager
2021/04/30 06:45:26 [INFO] APIVersion monitoring.coreos.com/v1 Kind Prometheus
2021/04/30 06:45:26 [INFO] APIVersion rancher.cattle.io/v1 Kind RoleTemplateBinding
2021/04/30 06:45:26 [INFO] APIVersion rancher.cattle.io/v1 Kind Cluster
2021/04/30 06:45:26 [INFO] APIVersion rancher.cattle.io/v1 Kind Project
2021/04/30 06:45:26 [INFO] APIVersion rancher.cattle.io/v1 Kind RoleTemplate
2021/04/30 06:45:26 [INFO] APIVersion management.cattle.io/v3 Kind CisBenchmarkVersion
2021/04/30 06:45:26 [INFO] APIVersion management.cattle.io/v3 Kind ComposeConfig
2021/04/30 06:45:26 [INFO] APIVersion management.cattle.io/v3 Kind ClusterMonitorGraph
2021/04/30 06:45:26 [INFO] APIVersion management.cattle.io/v3 Kind Project
2021/04/30 06:45:26 [INFO] APIVersion management.cattle.io/v3 Kind Notifier
2021/04/30 06:45:26 [INFO] APIVersion management.cattle.io/v3 Kind RkeK8sSystemImage
2021/04/30 06:45:26 [INFO] APIVersion management.cattle.io/v3 Kind FleetWorkspace
2021/04/30 06:45:26 [INFO] APIVersion management.cattle.io/v3 Kind ClusterScan
2021/04/30 06:45:26 [INFO] APIVersion management.cattle.io/v3 Kind NodeTemplate
2021/04/30 06:45:26 [INFO] APIVersion management.cattle.io/v3 Kind ClusterTemplateRevision
2021/04/30 06:45:26 [INFO] APIVersion management.cattle.io/v3 Kind Template
2021/04/30 06:45:26 [INFO] APIVersion management.cattle.io/v3 Kind Feature
2021/04/30 06:45:26 [INFO] APIVersion management.cattle.io/v3 Kind GroupMember
2021/04/30 06:45:26 [INFO] APIVersion management.cattle.io/v3 Kind User
2021/04/30 06:45:26 [INFO] APIVersion management.cattle.io/v3 Kind GlobalDnsProvider
2021/04/30 06:45:26 [INFO] APIVersion management.cattle.io/v3 Kind GlobalRole
2021/04/30 06:45:26 [INFO] APIVersion management.cattle.io/v3 Kind ProjectAlertRule
2021/04/30 06:45:26 [INFO] APIVersion management.cattle.io/v3 Kind DynamicSchema
2021/04/30 06:45:26 [INFO] APIVersion management.cattle.io/v3 Kind Token
2021/04/30 06:45:26 [INFO] APIVersion management.cattle.io/v3 Kind Group
2021/04/30 06:45:26 [INFO] APIVersion management.cattle.io/v3 Kind ProjectAlertGroup
2021/04/30 06:45:26 [INFO] APIVersion management.cattle.io/v3 Kind MultiClusterAppRevision
2021/04/30 06:45:26 [INFO] APIVersion management.cattle.io/v3 Kind Setting
2021/04/30 06:45:26 [INFO] APIVersion management.cattle.io/v3 Kind CisConfig
2021/04/30 06:45:26 [INFO] APIVersion management.cattle.io/v3 Kind ClusterTemplate
2021/04/30 06:45:26 [INFO] APIVersion management.cattle.io/v3 Kind ProjectAlert
2021/04/30 06:45:26 [INFO] APIVersion management.cattle.io/v3 Kind Node
2021/04/30 06:45:26 [INFO] APIVersion management.cattle.io/v3 Kind ClusterRegistrationToken
2021/04/30 06:45:26 [INFO] APIVersion management.cattle.io/v3 Kind EtcdBackup
2021/04/30 06:45:26 [INFO] APIVersion management.cattle.io/v3 Kind CatalogTemplate
2021/04/30 06:45:26 [INFO] APIVersion management.cattle.io/v3 Kind ClusterCatalog
2021/04/30 06:45:26 [INFO] APIVersion management.cattle.io/v3 Kind GlobalRoleBinding
2021/04/30 06:45:26 [INFO] APIVersion management.cattle.io/v3 Kind ProjectMonitorGraph
2021/04/30 06:45:26 [INFO] APIVersion management.cattle.io/v3 Kind Cluster
2021/04/30 06:45:26 [INFO] APIVersion management.cattle.io/v3 Kind RkeK8sServiceOption
2021/04/30 06:45:26 [INFO] APIVersion management.cattle.io/v3 Kind Catalog
2021/04/30 06:45:26 [INFO] APIVersion management.cattle.io/v3 Kind ClusterAlertRule
2021/04/30 06:45:26 [INFO] APIVersion management.cattle.io/v3 Kind RkeAddon
2021/04/30 06:45:26 [INFO] APIVersion management.cattle.io/v3 Kind SamlToken
2021/04/30 06:45:26 [INFO] APIVersion management.cattle.io/v3 Kind ProjectRoleTemplateBinding
2021/04/30 06:45:26 [INFO] APIVersion management.cattle.io/v3 Kind ProjectCatalog
2021/04/30 06:45:26 [INFO] APIVersion management.cattle.io/v3 Kind TemplateContent
2021/04/30 06:45:26 [INFO] APIVersion management.cattle.io/v3 Kind NodePool
2021/04/30 06:45:26 [INFO] APIVersion management.cattle.io/v3 Kind ProjectLogging
2021/04/30 06:45:26 [INFO] APIVersion management.cattle.io/v3 Kind TemplateVersion
2021/04/30 06:45:26 [INFO] APIVersion management.cattle.io/v3 Kind CatalogTemplateVersion
2021/04/30 06:45:26 [INFO] APIVersion management.cattle.io/v3 Kind NodeDriver
2021/04/30 06:45:26 [INFO] APIVersion management.cattle.io/v3 Kind RoleTemplate
2021/04/30 06:45:26 [INFO] APIVersion management.cattle.io/v3 Kind ClusterAlert
2021/04/30 06:45:26 [INFO] APIVersion management.cattle.io/v3 Kind PodSecurityPolicyTemplateProjectBinding
2021/04/30 06:45:26 [INFO] APIVersion management.cattle.io/v3 Kind ClusterAlertGroup
2021/04/30 06:45:26 [INFO] APIVersion management.cattle.io/v3 Kind UserAttribute
2021/04/30 06:45:26 [INFO] APIVersion management.cattle.io/v3 Kind ClusterLogging
2021/04/30 06:45:26 [INFO] APIVersion management.cattle.io/v3 Kind Preference
2021/04/30 06:45:26 [INFO] APIVersion management.cattle.io/v3 Kind MultiClusterApp
2021/04/30 06:45:26 [INFO] APIVersion management.cattle.io/v3 Kind PodSecurityPolicyTemplate
2021/04/30 06:45:26 [INFO] APIVersion management.cattle.io/v3 Kind MonitorMetric
2021/04/30 06:45:26 [INFO] APIVersion management.cattle.io/v3 Kind GlobalDns
2021/04/30 06:45:26 [INFO] APIVersion management.cattle.io/v3 Kind ProjectNetworkPolicy
2021/04/30 06:45:26 [INFO] APIVersion management.cattle.io/v3 Kind NotificationTemplate
2021/04/30 06:45:26 [INFO] APIVersion management.cattle.io/v3 Kind ClusterRoleTemplateBinding
2021/04/30 06:45:26 [INFO] APIVersion management.cattle.io/v3 Kind KontainerDriver
2021/04/30 06:45:26 [INFO] APIVersion management.cattle.io/v3 Kind AuthConfig
2021/04/30 06:45:26 [INFO] APIVersion mgt.pandaria.io/v3 Kind SensitiveFilter
2021/04/30 06:45:26 [INFO] APIVersion project.cattle.io/v3 Kind PipelineExecution
2021/04/30 06:45:26 [INFO] APIVersion project.cattle.io/v3 Kind PipelineSetting
2021/04/30 06:45:26 [INFO] APIVersion project.cattle.io/v3 Kind SourceCodeRepository
2021/04/30 06:45:26 [INFO] APIVersion project.cattle.io/v3 Kind Pipeline
2021/04/30 06:45:26 [INFO] APIVersion project.cattle.io/v3 Kind SourceCodeCredential
2021/04/30 06:45:26 [INFO] APIVersion project.cattle.io/v3 Kind App
2021/04/30 06:45:26 [INFO] APIVersion project.cattle.io/v3 Kind AppRevision
2021/04/30 06:45:26 [INFO] APIVersion project.cattle.io/v3 Kind SourceCodeProviderConfig
2021/04/30 06:45:27 [INFO] Watching metadata for rancher.cattle.io/v1, Kind=Cluster
2021/04/30 06:45:35 [INFO] Provisioning cluster [c-vrw5v]
2021/04/30 06:45:35 [INFO] Updating cluster [c-vrw5v]
2021/04/30 06:45:39 [INFO] Catalog-cache removed 2 entries from disk
2021/04/30 06:45:40 [INFO] kontainerdriver rancherkubernetesengine listening on address 127.0.0.1:32993
2021/04/30 06:45:40 [INFO] cluster [c-vrw5v] provisioning: Initiating Kubernetes cluster
2021/04/30 06:45:40 [INFO] [certificates] GenerateServingCertificate is disabled, checking if there are unused kubelet certificates
2021/04/30 06:45:40 [INFO] [certificates] Generating admin certificates and kubeconfig
2021/04/30 06:45:40 [INFO] cluster [c-vrw5v] provisioning: Successfully Deployed state file at [management-state/rke/rke-223139178/cluster.rkestate]
2021/04/30 06:45:40 [INFO] Checking if container [cert-deployer] is running on host [3.36.93.217], try #1
2021/04/30 06:45:40 [INFO] Checking if container [cert-deployer] is running on host [13.125.81.176], try #1
2021/04/30 06:45:40 [INFO] Checking if container [cert-deployer] is running on host [13.125.76.50], try #1
2021/04/30 06:45:40 [INFO] cluster [c-vrw5v] provisioning: Building Kubernetes cluster
2021/04/30 06:45:40 [INFO] Image [rancher/rke-tools:v0.1.72] exists on host [3.36.93.217]
2021/04/30 06:45:40 [INFO] Removing container [cert-deployer] on host [13.125.81.176], try #1
2021/04/30 06:45:40 [INFO] Image [rancher/rke-tools:v0.1.72] exists on host [13.125.76.50]
2021/04/30 06:45:40 [INFO] cluster [c-vrw5v] provisioning: [dialer] Setup tunnel for host [13.125.76.50]
2021/04/30 06:45:40 [INFO] Image [rancher/rke-tools:v0.1.72] exists on host [13.125.81.176]
2021/04/30 06:45:40 [INFO] cluster [c-vrw5v] provisioning: [dialer] Setup tunnel for host [3.36.93.217]
2021/04/30 06:45:40 [INFO] cluster [c-vrw5v] provisioning: [dialer] Setup tunnel for host [13.125.81.176]
2021/04/30 06:45:40 [INFO] cluster [c-vrw5v] provisioning: [network] No hosts added existing cluster, skipping port check
2021/04/30 06:45:40 [INFO] Starting container [cert-deployer] on host [3.36.93.217], try #1
2021/04/30 06:45:40 [INFO] cluster [c-vrw5v] provisioning: [certificates] Deploying kubernetes certificates to Cluster nodes
2021/04/30 06:45:41 [INFO] Updating role project-owner in p-n29vj because of rules difference with roleTemplate Project Owner (project-owner).
2021/04/30 06:45:41 [INFO] Updating role project-owner in p-bcfr5 because of rules difference with roleTemplate Project Owner (project-owner).
2021/04/30 06:45:41 [INFO] Updating role project-member in p-bcfr5 because of rules difference with roleTemplate Project Member (project-member).
2021/04/30 06:45:41 [INFO] Updating role project-member in p-bcfr5 because of rules difference with roleTemplate Project Member (project-member).
2021/04/30 06:45:41 [INFO] Updating role project-owner in p-bcfr5 because of rules difference with roleTemplate Project Owner (project-owner).
2021/04/30 06:45:41 [INFO] Updating role project-owner in p-bcfr5 because of rules difference with roleTemplate Project Owner (project-owner).
2021/04/30 06:45:41 [INFO] Updating role project-owner in p-bcfr5 because of rules difference with roleTemplate Project Owner (project-owner).
2021/04/30 06:45:41 [INFO] Updating role project-owner in p-bcfr5 because of rules difference with roleTemplate Project Owner (project-owner).
2021/04/30 06:45:41 [INFO] Updating role project-member in p-bcfr5 because of rules difference with roleTemplate Project Member (project-member).
2021/04/30 06:45:41 [INFO] Starting container [cert-deployer] on host [13.125.76.50], try #1
2021/04/30 06:45:41 [INFO] Starting container [cert-deployer] on host [13.125.81.176], try #1
2021/04/30 06:45:41 [INFO] Checking if container [cert-deployer] is running on host [3.36.93.217], try #1
2021/04/30 06:45:41 [INFO] Checking if container [cert-deployer] is running on host [13.125.76.50], try #1
2021/04/30 06:45:41 [INFO] Checking if container [cert-deployer] is running on host [13.125.81.176], try #1
2021/04/30 06:45:46 [INFO] Checking if container [cert-deployer] is running on host [3.36.93.217], try #1
2021/04/30 06:45:46 [INFO] Removing container [cert-deployer] on host [3.36.93.217], try #1
2021/04/30 06:45:46 [INFO] Checking if container [cert-deployer] is running on host [13.125.76.50], try #1
2021/04/30 06:45:46 [INFO] Removing container [cert-deployer] on host [13.125.76.50], try #1
2021/04/30 06:45:46 [INFO] Checking if container [cert-deployer] is running on host [13.125.81.176], try #1
2021/04/30 06:45:46 [INFO] Removing container [cert-deployer] on host [13.125.81.176], try #1
2021/04/30 06:45:47 [INFO] cluster [c-vrw5v] provisioning: [reconcile] Rebuilding and updating local kube config
2021/04/30 06:45:47 [INFO] cluster [c-vrw5v] provisioning: Successfully Deployed local admin kubeconfig at [management-state/rke/rke-223139178/kube_config_cluster.yml]
2021/04/30 06:45:47 [INFO] cluster [c-vrw5v] provisioning: [reconcile] host [3.36.93.217] is a control plane node with reachable Kubernetes API endpoint in the cluster
2021/04/30 06:45:47 [INFO] Image [rancher/rke-tools:v0.1.72] exists on host [3.36.93.217]
2021/04/30 06:45:47 [INFO] cluster [c-vrw5v] provisioning: [certificates] Successfully deployed kubernetes certificates to Cluster nodes
2021/04/30 06:45:47 [INFO] cluster [c-vrw5v] provisioning: [file-deploy] Deploying file [/etc/kubernetes/kube-api-authn-webhook.yaml] to node [3.36.93.217]
2021/04/30 06:45:47 [INFO] Starting container [file-deployer] on host [3.36.93.217], try #1
2021/04/30 06:45:48 [INFO] cluster [c-vrw5v] provisioning: Successfully started [file-deployer] container on host [3.36.93.217]
2021/04/30 06:45:48 [INFO] cluster [c-vrw5v] provisioning: Waiting for [file-deployer] container to exit on host [3.36.93.217]
2021/04/30 06:45:48 [INFO] cluster [c-vrw5v] provisioning: Waiting for [file-deployer] container to exit on host [3.36.93.217]
2021/04/30 06:45:48 [INFO] cluster [c-vrw5v] provisioning: Container [file-deployer] is still running on host [3.36.93.217]: stderr: [], stdout: []
2021/04/30 06:45:49 [INFO] cluster [c-vrw5v] provisioning: Waiting for [file-deployer] container to exit on host [3.36.93.217]
2021/04/30 06:45:49 [INFO] Removing container [file-deployer] on host [3.36.93.217], try #1
2021/04/30 06:45:49 [INFO] cluster [c-vrw5v] provisioning: [remove/file-deployer] Successfully removed container on host [3.36.93.217]
2021/04/30 06:45:49 [INFO] Image [rancher/rke-tools:v0.1.72] exists on host [13.125.81.176]
2021/04/30 06:45:49 [INFO] cluster [c-vrw5v] provisioning: [file-deploy] Deploying file [/etc/kubernetes/kube-api-authn-webhook.yaml] to node [13.125.81.176]
2021/04/30 06:45:49 [INFO] Starting container [file-deployer] on host [13.125.81.176], try #1
2021/04/30 06:45:49 [INFO] cluster [c-vrw5v] provisioning: Successfully started [file-deployer] container on host [13.125.81.176]
2021/04/30 06:45:49 [INFO] cluster [c-vrw5v] provisioning: Waiting for [file-deployer] container to exit on host [13.125.81.176]
2021/04/30 06:45:49 [INFO] cluster [c-vrw5v] provisioning: Waiting for [file-deployer] container to exit on host [13.125.81.176]
2021/04/30 06:45:49 [INFO] cluster [c-vrw5v] provisioning: Container [file-deployer] is still running on host [13.125.81.176]: stderr: [], stdout: []
2021/04/30 06:45:50 [INFO] cluster [c-vrw5v] provisioning: Waiting for [file-deployer] container to exit on host [13.125.81.176]
2021/04/30 06:45:50 [INFO] Removing container [file-deployer] on host [13.125.81.176], try #1
2021/04/30 06:45:50 [INFO] cluster [c-vrw5v] provisioning: [remove/file-deployer] Successfully removed container on host [13.125.81.176]
2021/04/30 06:45:50 [INFO] Image [rancher/rke-tools:v0.1.72] exists on host [13.125.76.50]
2021/04/30 06:45:50 [INFO] cluster [c-vrw5v] provisioning: [file-deploy] Deploying file [/etc/kubernetes/kube-api-authn-webhook.yaml] to node [13.125.76.50]
2021/04/30 06:45:50 [INFO] Starting container [file-deployer] on host [13.125.76.50], try #1
2021/04/30 06:45:51 [INFO] cluster [c-vrw5v] provisioning: Successfully started [file-deployer] container on host [13.125.76.50]
2021/04/30 06:45:51 [INFO] cluster [c-vrw5v] provisioning: Waiting for [file-deployer] container to exit on host [13.125.76.50]
2021/04/30 06:45:51 [INFO] cluster [c-vrw5v] provisioning: Waiting for [file-deployer] container to exit on host [13.125.76.50]
2021/04/30 06:45:51 [INFO] cluster [c-vrw5v] provisioning: Container [file-deployer] is still running on host [13.125.76.50]: stderr: [], stdout: []
2021/04/30 06:45:52 [INFO] cluster [c-vrw5v] provisioning: Waiting for [file-deployer] container to exit on host [13.125.76.50]
2021/04/30 06:45:52 [INFO] Removing container [file-deployer] on host [13.125.76.50], try #1
2021/04/30 06:45:52 [INFO] cluster [c-vrw5v] provisioning: [remove/file-deployer] Successfully removed container on host [13.125.76.50]
2021/04/30 06:45:52 [INFO] Image [rancher/rke-tools:v0.1.72] exists on host [3.36.93.217]
2021/04/30 06:45:52 [INFO] cluster [c-vrw5v] provisioning: [/etc/kubernetes/kube-api-authn-webhook.yaml] Successfully deployed authentication webhook config Cluster nodes
2021/04/30 06:45:52 [INFO] cluster [c-vrw5v] provisioning: [file-deploy] Deploying file [/etc/kubernetes/audit-policy.yaml] to node [3.36.93.217]
2021/04/30 06:45:52 [INFO] Starting container [file-deployer] on host [3.36.93.217], try #1
2021/04/30 06:45:52 [INFO] cluster [c-vrw5v] provisioning: Successfully started [file-deployer] container on host [3.36.93.217]
2021/04/30 06:45:52 [INFO] cluster [c-vrw5v] provisioning: Waiting for [file-deployer] container to exit on host [3.36.93.217]
2021/04/30 06:45:52 [INFO] cluster [c-vrw5v] provisioning: Waiting for [file-deployer] container to exit on host [3.36.93.217]
2021/04/30 06:45:52 [INFO] cluster [c-vrw5v] provisioning: Container [file-deployer] is still running on host [3.36.93.217]: stderr: [], stdout: []
2021/04/30 06:45:53 [INFO] cluster [c-vrw5v] provisioning: Waiting for [file-deployer] container to exit on host [3.36.93.217]
2021/04/30 06:45:53 [INFO] Removing container [file-deployer] on host [3.36.93.217], try #1
2021/04/30 06:45:53 [INFO] cluster [c-vrw5v] provisioning: [remove/file-deployer] Successfully removed container on host [3.36.93.217]
2021/04/30 06:45:53 [INFO] Image [rancher/rke-tools:v0.1.72] exists on host [13.125.81.176]
2021/04/30 06:45:53 [INFO] cluster [c-vrw5v] provisioning: [file-deploy] Deploying file [/etc/kubernetes/audit-policy.yaml] to node [13.125.81.176]
2021/04/30 06:45:53 [INFO] Starting container [file-deployer] on host [13.125.81.176], try #1
2021/04/30 06:45:54 [INFO] cluster [c-vrw5v] provisioning: Successfully started [file-deployer] container on host [13.125.81.176]
2021/04/30 06:45:54 [INFO] cluster [c-vrw5v] provisioning: Waiting for [file-deployer] container to exit on host [13.125.81.176]
2021/04/30 06:45:54 [INFO] cluster [c-vrw5v] provisioning: Waiting for [file-deployer] container to exit on host [13.125.81.176]
2021/04/30 06:45:54 [INFO] cluster [c-vrw5v] provisioning: Container [file-deployer] is still running on host [13.125.81.176]: stderr: [], stdout: []
2021/04/30 06:45:55 [INFO] cluster [c-vrw5v] provisioning: Waiting for [file-deployer] container to exit on host [13.125.81.176]
2021/04/30 06:45:55 [INFO] Removing container [file-deployer] on host [13.125.81.176], try #1
2021/04/30 06:45:55 [INFO] cluster [c-vrw5v] provisioning: [remove/file-deployer] Successfully removed container on host [13.125.81.176]
2021/04/30 06:45:55 [INFO] Image [rancher/rke-tools:v0.1.72] exists on host [13.125.76.50]
2021/04/30 06:45:55 [INFO] Starting container [file-deployer] on host [13.125.76.50], try #1
2021/04/30 06:45:55 [INFO] cluster [c-vrw5v] provisioning: [file-deploy] Deploying file [/etc/kubernetes/audit-policy.yaml] to node [13.125.76.50]
2021/04/30 06:45:55 [INFO] cluster [c-vrw5v] provisioning: Successfully started [file-deployer] container on host [13.125.76.50]
2021/04/30 06:45:55 [INFO] cluster [c-vrw5v] provisioning: Waiting for [file-deployer] container to exit on host [13.125.76.50]
2021/04/30 06:45:55 [INFO] cluster [c-vrw5v] provisioning: Waiting for [file-deployer] container to exit on host [13.125.76.50]
2021/04/30 06:45:55 [INFO] cluster [c-vrw5v] provisioning: Container [file-deployer] is still running on host [13.125.76.50]: stderr: [], stdout: []
2021/04/30 06:45:56 [INFO] cluster [c-vrw5v] provisioning: Waiting for [file-deployer] container to exit on host [13.125.76.50]
2021/04/30 06:45:56 [INFO] Removing container [file-deployer] on host [13.125.76.50], try #1
2021/04/30 06:45:56 [INFO] max_unavailable_worker got rounded down to 0, resetting to 1
2021/04/30 06:45:56 [INFO] Setting maxUnavailable for worker nodes to: 1
2021/04/30 06:45:56 [INFO] Setting maxUnavailable for controlplane nodes to: 1
2021/04/30 06:45:56 [INFO] cluster [c-vrw5v] provisioning: [remove/file-deployer] Successfully removed container on host [13.125.76.50]
2021/04/30 06:45:56 [INFO] Image [rancher/hyperkube:v1.18.17-rancher1] exists on host [13.125.81.176]
2021/04/30 06:45:56 [INFO] Image [rancher/hyperkube:v1.18.17-rancher1] exists on host [13.125.76.50]
2021/04/30 06:45:56 [INFO] Image [rancher/hyperkube:v1.18.17-rancher1] exists on host [3.36.93.217]
2021/04/30 06:45:56 [INFO] Image [rancher/rke-tools:v0.1.72] exists on host [3.36.93.217]
2021/04/30 06:45:56 [INFO] cluster [c-vrw5v] provisioning: [/etc/kubernetes/audit-policy.yaml] Successfully deployed audit policy file to Cluster control nodes
2021/04/30 06:45:56 [INFO] cluster [c-vrw5v] provisioning: [reconcile] Reconciling cluster state
2021/04/30 06:45:56 [INFO] cluster [c-vrw5v] provisioning: [reconcile] Check etcd hosts to be deleted
2021/04/30 06:45:56 [INFO] Starting container [etcd-fix-perm] on host [3.36.93.217], try #1
2021/04/30 06:45:56 [INFO] cluster [c-vrw5v] provisioning: [reconcile] Check etcd hosts to be added
2021/04/30 06:45:56 [INFO] cluster [c-vrw5v] provisioning: [reconcile] Rebuilding and updating local kube config
2021/04/30 06:45:56 [INFO] cluster [c-vrw5v] provisioning: Successfully Deployed local admin kubeconfig at [management-state/rke/rke-223139178/kube_config_cluster.yml]
2021/04/30 06:45:56 [INFO] cluster [c-vrw5v] provisioning: [reconcile] host [3.36.93.217] is a control plane node with reachable Kubernetes API endpoint in the cluster
2021/04/30 06:45:56 [INFO] cluster [c-vrw5v] provisioning: [reconcile] Reconciled cluster state successfully
2021/04/30 06:45:56 [INFO] cluster [c-vrw5v] provisioning: Pre-pulling kubernetes images
2021/04/30 06:45:56 [INFO] cluster [c-vrw5v] provisioning: Kubernetes images pulled successfully
2021/04/30 06:45:57 [INFO] cluster [c-vrw5v] provisioning: [etcd] Building up etcd plane..
2021/04/30 06:45:57 [INFO] cluster [c-vrw5v] provisioning: Successfully started [etcd-fix-perm] container on host [3.36.93.217]
2021/04/30 06:45:57 [INFO] cluster [c-vrw5v] provisioning: Waiting for [etcd-fix-perm] container to exit on host [3.36.93.217]
2021/04/30 06:45:57 [INFO] cluster [c-vrw5v] provisioning: Waiting for [etcd-fix-perm] container to exit on host [3.36.93.217]
2021/04/30 06:45:57 [INFO] cluster [c-vrw5v] provisioning: Container [etcd-fix-perm] is still running on host [3.36.93.217]: stderr: [], stdout: []
2021/04/30 06:45:58 [INFO] cluster [c-vrw5v] provisioning: Waiting for [etcd-fix-perm] container to exit on host [3.36.93.217]
2021/04/30 06:45:58 [INFO] Removing container [etcd-fix-perm] on host [3.36.93.217], try #1
2021/04/30 06:45:58 [INFO] cluster [c-vrw5v] provisioning: [remove/etcd-fix-perm] Successfully removed container on host [3.36.93.217]
2021/04/30 06:45:58 [INFO] Image [rancher/rke-tools:v0.1.72] exists on host [3.36.93.217]
2021/04/30 06:45:58 [INFO] Starting container [rke-log-linker] on host [3.36.93.217], try #1
2021/04/30 06:45:58 [INFO] cluster [c-vrw5v] provisioning: [etcd] Successfully started [rke-log-linker] container on host [3.36.93.217]
2021/04/30 06:45:58 [INFO] Removing container [rke-log-linker] on host [3.36.93.217], try #1
2021/04/30 06:45:58 [ERROR] Error during subscribe websocket: close sent
2021/04/30 06:45:58 [INFO] cluster [c-vrw5v] provisioning: [remove/rke-log-linker] Successfully removed container on host [3.36.93.217]
2021/04/30 06:45:58 [INFO] Image [rancher/rke-tools:v0.1.72] exists on host [13.125.81.176]
2021/04/30 06:45:58 [INFO] Starting container [etcd-fix-perm] on host [13.125.81.176], try #1
2021/04/30 06:45:59 [INFO] cluster [c-vrw5v] provisioning: Successfully started [etcd-fix-perm] container on host [13.125.81.176]
2021/04/30 06:45:59 [INFO] cluster [c-vrw5v] provisioning: Waiting for [etcd-fix-perm] container to exit on host [13.125.81.176]
2021/04/30 06:45:59 [INFO] cluster [c-vrw5v] provisioning: Waiting for [etcd-fix-perm] container to exit on host [13.125.81.176]
2021/04/30 06:45:59 [INFO] cluster [c-vrw5v] provisioning: Container [etcd-fix-perm] is still running on host [13.125.81.176]: stderr: [], stdout: []
2021/04/30 06:46:00 [INFO] cluster [c-vrw5v] provisioning: Waiting for [etcd-fix-perm] container to exit on host [13.125.81.176]
2021/04/30 06:46:00 [INFO] Removing container [etcd-fix-perm] on host [13.125.81.176], try #1
2021/04/30 06:46:00 [INFO] cluster [c-vrw5v] provisioning: [remove/etcd-fix-perm] Successfully removed container on host [13.125.81.176]
2021/04/30 06:46:00 [INFO] Image [rancher/rke-tools:v0.1.72] exists on host [13.125.81.176]
2021/04/30 06:46:00 [INFO] Starting container [rke-log-linker] on host [13.125.81.176], try #1
2021/04/30 06:46:00 [INFO] cluster [c-vrw5v] provisioning: [etcd] Successfully started [rke-log-linker] container on host [13.125.81.176]
2021/04/30 06:46:00 [INFO] Removing container [rke-log-linker] on host [13.125.81.176], try #1
2021/04/30 06:46:00 [INFO] cluster [c-vrw5v] provisioning: [remove/rke-log-linker] Successfully removed container on host [13.125.81.176]
2021/04/30 06:46:00 [INFO] Image [rancher/rke-tools:v0.1.72] exists on host [13.125.76.50]
2021/04/30 06:46:00 [INFO] Starting container [etcd-fix-perm] on host [13.125.76.50], try #1
2021/04/30 06:46:01 [INFO] cluster [c-vrw5v] provisioning: Successfully started [etcd-fix-perm] container on host [13.125.76.50]
2021/04/30 06:46:01 [INFO] cluster [c-vrw5v] provisioning: Waiting for [etcd-fix-perm] container to exit on host [13.125.76.50]
2021/04/30 06:46:01 [INFO] cluster [c-vrw5v] provisioning: Waiting for [etcd-fix-perm] container to exit on host [13.125.76.50]
2021/04/30 06:46:01 [INFO] cluster [c-vrw5v] provisioning: Container [etcd-fix-perm] is still running on host [13.125.76.50]: stderr: [], stdout: []
2021/04/30 06:46:02 [INFO] cluster [c-vrw5v] provisioning: Waiting for [etcd-fix-perm] container to exit on host [13.125.76.50]
2021/04/30 06:46:02 [INFO] Removing container [etcd-fix-perm] on host [13.125.76.50], try #1
2021/04/30 06:46:02 [INFO] cluster [c-vrw5v] provisioning: [remove/etcd-fix-perm] Successfully removed container on host [13.125.76.50]
2021/04/30 06:46:02 [INFO] Image [rancher/rke-tools:v0.1.72] exists on host [13.125.76.50]
2021/04/30 06:46:02 [INFO] Starting container [rke-log-linker] on host [13.125.76.50], try #1
2021/04/30 06:46:02 [INFO] cluster [c-vrw5v] provisioning: [etcd] Successfully started [rke-log-linker] container on host [13.125.76.50]
2021/04/30 06:46:02 [INFO] Removing container [rke-log-linker] on host [13.125.76.50], try #1
2021/04/30 06:46:02 [INFO] cluster [c-vrw5v] provisioning: [remove/rke-log-linker] Successfully removed container on host [13.125.76.50]
2021/04/30 06:46:02 [INFO] [etcd] etcd host [3.36.93.217] reported healthy=true
2021/04/30 06:46:02 [INFO] [controlplane] Now checking status of node jiandao-3, try #1
2021/04/30 06:46:02 [INFO] cluster [c-vrw5v] provisioning: [etcd] Successfully started etcd plane.. Checking etcd cluster health
2021/04/30 06:46:02 [INFO] [controlplane] Now checking status of node jiandao-4, try #1
2021/04/30 06:46:02 [INFO] [controlplane] Now checking status of node jiandao-2, try #1
2021/04/30 06:46:02 [INFO] [controlplane] Now checking status of node jiandao-3, try #1
2021/04/30 06:46:02 [INFO] cluster [c-vrw5v] provisioning: [controlplane] Processing controlplane hosts for upgrade 1 at a time
2021/04/30 06:46:02 [INFO] [controlplane] Getting list of nodes for upgrade
2021/04/30 06:46:02 [INFO] cluster [c-vrw5v] provisioning: Processing controlplane host jiandao-3
2021/04/30 06:46:03 [INFO] cluster [c-vrw5v] provisioning: Upgrading controlplane components for control host jiandao-3
2021/04/30 06:46:03 [INFO] Checking if container [service-sidekick] is running on host [3.36.93.217], try #1
2021/04/30 06:46:03 [INFO] Checking if container [kube-apiserver] is running on host [3.36.93.217], try #1
2021/04/30 06:46:03 [INFO] cluster [c-vrw5v] provisioning: [sidekick] Sidekick container already created on host [3.36.93.217]
2021/04/30 06:46:03 [INFO] Image [rancher/hyperkube:v1.18.17-rancher1] exists on host [3.36.93.217]
2021/04/30 06:46:03 [INFO] Checking if container [old-kube-apiserver] is running on host [3.36.93.217], try #1
2021/04/30 06:46:03 [INFO] Stopping container [kube-apiserver] on host [3.36.93.217] with stopTimeoutDuration [5s], try #1
2021/04/30 06:46:03 [INFO] cluster [c-vrw5v] provisioning: Waiting for [kube-apiserver] container to exit on host [3.36.93.217]
2021/04/30 06:46:03 [INFO] Renaming container [kube-apiserver] to [old-kube-apiserver] on host [3.36.93.217], try #1
2021/04/30 06:46:03 [INFO] Starting container [kube-apiserver] on host [3.36.93.217], try #1
2021/04/30 06:46:03 [INFO] Removing container [old-kube-apiserver] on host [3.36.93.217], try #1
2021/04/30 06:46:03 [INFO] cluster [c-vrw5v] provisioning: [controlplane] Successfully updated [kube-apiserver] container on host [3.36.93.217]
2021/04/30 06:46:03 [INFO] cluster [c-vrw5v] provisioning: [healthcheck] Start Healthcheck on service [kube-apiserver] on host [3.36.93.217]
2021/04/30 06:46:13 [INFO] cluster [c-vrw5v] provisioning: [healthcheck] service [kube-apiserver] on host [3.36.93.217] is healthy
2021/04/30 06:46:13 [INFO] Image [rancher/rke-tools:v0.1.72] exists on host [3.36.93.217]
2021/04/30 06:46:13 [INFO] Starting container [rke-log-linker] on host [3.36.93.217], try #1
2021/04/30 06:46:13 [INFO] cluster [c-vrw5v] provisioning: [controlplane] Successfully started [rke-log-linker] container on host [3.36.93.217]
2021/04/30 06:46:13 [INFO] Removing container [rke-log-linker] on host [3.36.93.217], try #1
2021/04/30 06:46:14 [INFO] cluster [c-vrw5v] provisioning: [remove/rke-log-linker] Successfully removed container on host [3.36.93.217]
2021/04/30 06:46:14 [INFO] Image [rancher/rke-tools:v0.1.72] exists on host [3.36.93.217]
2021/04/30 06:46:14 [INFO] cluster [c-vrw5v] provisioning: [healthcheck] Start Healthcheck on service [kube-controller-manager] on host [3.36.93.217]
2021/04/30 06:46:14 [INFO] cluster [c-vrw5v] provisioning: [healthcheck] service [kube-controller-manager] on host [3.36.93.217] is healthy
2021/04/30 06:46:14 [INFO] Starting container [rke-log-linker] on host [3.36.93.217], try #1
2021/04/30 06:46:14 [INFO] cluster [c-vrw5v] provisioning: [controlplane] Successfully started [rke-log-linker] container on host [3.36.93.217]
2021/04/30 06:46:14 [INFO] Removing container [rke-log-linker] on host [3.36.93.217], try #1
2021/04/30 06:46:14 [INFO] cluster [c-vrw5v] provisioning: [remove/rke-log-linker] Successfully removed container on host [3.36.93.217]
2021/04/30 06:46:14 [INFO] cluster [c-vrw5v] provisioning: [healthcheck] Start Healthcheck on service [kube-scheduler] on host [3.36.93.217]
2021/04/30 06:46:14 [INFO] Image [rancher/rke-tools:v0.1.72] exists on host [3.36.93.217]
2021/04/30 06:46:14 [INFO] cluster [c-vrw5v] provisioning: [healthcheck] service [kube-scheduler] on host [3.36.93.217] is healthy
2021/04/30 06:46:14 [INFO] Starting container [rke-log-linker] on host [3.36.93.217], try #1
2021/04/30 06:46:15 [INFO] cluster [c-vrw5v] provisioning: [controlplane] Successfully started [rke-log-linker] container on host [3.36.93.217]
2021/04/30 06:46:15 [INFO] Removing container [rke-log-linker] on host [3.36.93.217], try #1
2021/04/30 06:46:15 [INFO] [controlplane] Now checking status of node jiandao-3, try #1
2021/04/30 06:46:15 [INFO] cluster [c-vrw5v] provisioning: [remove/rke-log-linker] Successfully removed container on host [3.36.93.217]
2021/04/30 06:46:15 [INFO] [controlplane] Now checking status of node jiandao-4, try #1
2021/04/30 06:46:15 [INFO] cluster [c-vrw5v] provisioning: Processing controlplane host jiandao-4
2021/04/30 06:46:15 [INFO] [controlplane] Getting list of nodes for upgrade
2021/04/30 06:46:15 [INFO] cluster [c-vrw5v] provisioning: Upgrading controlplane components for control host jiandao-4
2021/04/30 06:46:15 [INFO] Checking if container [service-sidekick] is running on host [13.125.81.176], try #1
2021/04/30 06:46:15 [INFO] cluster [c-vrw5v] provisioning: [sidekick] Sidekick container already created on host [13.125.81.176]
2021/04/30 06:46:15 [INFO] Checking if container [kube-apiserver] is running on host [13.125.81.176], try #1
2021/04/30 06:46:15 [INFO] Image [rancher/hyperkube:v1.18.17-rancher1] exists on host [13.125.81.176]
2021/04/30 06:46:15 [INFO] Checking if container [old-kube-apiserver] is running on host [13.125.81.176], try #1
2021/04/30 06:46:15 [INFO] Stopping container [kube-apiserver] on host [13.125.81.176] with stopTimeoutDuration [5s], try #1
2021/04/30 06:46:15 [INFO] cluster [c-vrw5v] provisioning: Waiting for [kube-apiserver] container to exit on host [13.125.81.176]
2021/04/30 06:46:15 [INFO] Renaming container [kube-apiserver] to [old-kube-apiserver] on host [13.125.81.176], try #1
2021/04/30 06:46:15 [INFO] Starting container [kube-apiserver] on host [13.125.81.176], try #1
2021/04/30 06:46:16 [INFO] Removing container [old-kube-apiserver] on host [13.125.81.176], try #1
2021/04/30 06:46:16 [INFO] cluster [c-vrw5v] provisioning: [controlplane] Successfully updated [kube-apiserver] container on host [13.125.81.176]
2021/04/30 06:46:16 [INFO] cluster [c-vrw5v] provisioning: [healthcheck] Start Healthcheck on service [kube-apiserver] on host [13.125.81.176]
2021/04/30 06:46:26 [INFO] cluster [c-vrw5v] provisioning: [healthcheck] service [kube-apiserver] on host [13.125.81.176] is healthy
2021/04/30 06:46:26 [INFO] Image [rancher/rke-tools:v0.1.72] exists on host [13.125.81.176]
2021/04/30 06:46:26 [INFO] Starting container [rke-log-linker] on host [13.125.81.176], try #1
2021/04/30 06:46:26 [INFO] cluster [c-vrw5v] provisioning: [controlplane] Successfully started [rke-log-linker] container on host [13.125.81.176]
2021/04/30 06:46:26 [INFO] Removing container [rke-log-linker] on host [13.125.81.176], try #1
2021/04/30 06:46:27 [INFO] cluster [c-vrw5v] provisioning: [remove/rke-log-linker] Successfully removed container on host [13.125.81.176]
2021/04/30 06:46:27 [INFO] Image [rancher/rke-tools:v0.1.72] exists on host [13.125.81.176]
2021/04/30 06:46:27 [INFO] cluster [c-vrw5v] provisioning: [healthcheck] Start Healthcheck on service [kube-controller-manager] on host [13.125.81.176]
2021/04/30 06:46:27 [INFO] cluster [c-vrw5v] provisioning: [healthcheck] service [kube-controller-manager] on host [13.125.81.176] is healthy
2021/04/30 06:46:27 [INFO] Starting container [rke-log-linker] on host [13.125.81.176], try #1
2021/04/30 06:46:27 [INFO] cluster [c-vrw5v] provisioning: [controlplane] Successfully started [rke-log-linker] container on host [13.125.81.176]
2021/04/30 06:46:27 [INFO] Removing container [rke-log-linker] on host [13.125.81.176], try #1
2021/04/30 06:46:27 [INFO] cluster [c-vrw5v] provisioning: [remove/rke-log-linker] Successfully removed container on host [13.125.81.176]
2021/04/30 06:46:27 [INFO] cluster [c-vrw5v] provisioning: [healthcheck] Start Healthcheck on service [kube-scheduler] on host [13.125.81.176]
2021/04/30 06:46:27 [INFO] Image [rancher/rke-tools:v0.1.72] exists on host [13.125.81.176]
2021/04/30 06:46:27 [INFO] cluster [c-vrw5v] provisioning: [healthcheck] service [kube-scheduler] on host [13.125.81.176] is healthy
2021/04/30 06:46:27 [INFO] Starting container [rke-log-linker] on host [13.125.81.176], try #1
2021/04/30 06:46:28 [INFO] cluster [c-vrw5v] provisioning: [controlplane] Successfully started [rke-log-linker] container on host [13.125.81.176]
2021/04/30 06:46:28 [INFO] Removing container [rke-log-linker] on host [13.125.81.176], try #1
2021/04/30 06:46:28 [INFO] [controlplane] Now checking status of node jiandao-4, try #1
2021/04/30 06:46:28 [INFO] cluster [c-vrw5v] provisioning: [remove/rke-log-linker] Successfully removed container on host [13.125.81.176]
2021/04/30 06:46:28 [INFO] [controlplane] Now checking status of node jiandao-2, try #1
2021/04/30 06:46:28 [INFO] cluster [c-vrw5v] provisioning: Processing controlplane host jiandao-2
2021/04/30 06:46:28 [INFO] [controlplane] Getting list of nodes for upgrade
2021/04/30 06:46:28 [INFO] cluster [c-vrw5v] provisioning: Upgrading controlplane components for control host jiandao-2
2021/04/30 06:46:28 [INFO] Checking if container [service-sidekick] is running on host [13.125.76.50], try #1
2021/04/30 06:46:28 [INFO] cluster [c-vrw5v] provisioning: [sidekick] Sidekick container already created on host [13.125.76.50]
2021/04/30 06:46:28 [INFO] Checking if container [kube-apiserver] is running on host [13.125.76.50], try #1
2021/04/30 06:46:28 [INFO] Image [rancher/hyperkube:v1.18.17-rancher1] exists on host [13.125.76.50]
2021/04/30 06:46:28 [INFO] Checking if container [old-kube-apiserver] is running on host [13.125.76.50], try #1
2021/04/30 06:46:28 [INFO] Stopping container [kube-apiserver] on host [13.125.76.50] with stopTimeoutDuration [5s], try #1
2021/04/30 06:46:28 [INFO] cluster [c-vrw5v] provisioning: Waiting for [kube-apiserver] container to exit on host [13.125.76.50]
2021/04/30 06:46:28 [INFO] Renaming container [kube-apiserver] to [old-kube-apiserver] on host [13.125.76.50], try #1
2021/04/30 06:46:28 [INFO] Starting container [kube-apiserver] on host [13.125.76.50], try #1
2021/04/30 06:46:29 [INFO] Removing container [old-kube-apiserver] on host [13.125.76.50], try #1
2021/04/30 06:46:29 [INFO] cluster [c-vrw5v] provisioning: [controlplane] Successfully updated [kube-apiserver] container on host [13.125.76.50]
2021/04/30 06:46:29 [INFO] cluster [c-vrw5v] provisioning: [healthcheck] Start Healthcheck on service [kube-apiserver] on host [13.125.76.50]
2021/04/30 06:46:39 [INFO] cluster [c-vrw5v] provisioning: [healthcheck] service [kube-apiserver] on host [13.125.76.50] is healthy
2021/04/30 06:46:39 [INFO] Image [rancher/rke-tools:v0.1.72] exists on host [13.125.76.50]
2021/04/30 06:46:39 [INFO] Starting container [rke-log-linker] on host [13.125.76.50], try #1
2021/04/30 06:46:40 [INFO] cluster [c-vrw5v] provisioning: [controlplane] Successfully started [rke-log-linker] container on host [13.125.76.50]
2021/04/30 06:46:40 [INFO] Removing container [rke-log-linker] on host [13.125.76.50], try #1
2021/04/30 06:46:40 [INFO] cluster [c-vrw5v] provisioning: [remove/rke-log-linker] Successfully removed container on host [13.125.76.50]
2021/04/30 06:46:40 [INFO] cluster [c-vrw5v] provisioning: [healthcheck] Start Healthcheck on service [kube-controller-manager] on host [13.125.76.50]
2021/04/30 06:46:40 [INFO] Image [rancher/rke-tools:v0.1.72] exists on host [13.125.76.50]
2021/04/30 06:46:40 [INFO] cluster [c-vrw5v] provisioning: [healthcheck] service [kube-controller-manager] on host [13.125.76.50] is healthy
2021/04/30 06:46:40 [INFO] Starting container [rke-log-linker] on host [13.125.76.50], try #1
2021/04/30 06:46:40 [INFO] cluster [c-vrw5v] provisioning: [controlplane] Successfully started [rke-log-linker] container on host [13.125.76.50]
2021/04/30 06:46:40 [INFO] Removing container [rke-log-linker] on host [13.125.76.50], try #1
2021/04/30 06:46:41 [INFO] cluster [c-vrw5v] provisioning: [remove/rke-log-linker] Successfully removed container on host [13.125.76.50]
2021/04/30 06:46:41 [INFO] cluster [c-vrw5v] provisioning: [healthcheck] Start Healthcheck on service [kube-scheduler] on host [13.125.76.50]
2021/04/30 06:46:41 [INFO] Image [rancher/rke-tools:v0.1.72] exists on host [13.125.76.50]
2021/04/30 06:46:41 [INFO] cluster [c-vrw5v] provisioning: [healthcheck] service [kube-scheduler] on host [13.125.76.50] is healthy
2021/04/30 06:46:41 [INFO] Starting container [rke-log-linker] on host [13.125.76.50], try #1
2021/04/30 06:46:41 [INFO] cluster [c-vrw5v] provisioning: [controlplane] Successfully started [rke-log-linker] container on host [13.125.76.50]
2021/04/30 06:46:41 [INFO] Removing container [rke-log-linker] on host [13.125.76.50], try #1
2021/04/30 06:46:41 [INFO] [controlplane] Now checking status of node jiandao-2, try #1
2021/04/30 06:46:41 [INFO] cluster [c-vrw5v] provisioning: [remove/rke-log-linker] Successfully removed container on host [13.125.76.50]
2021/04/30 06:46:41 [INFO] cluster [c-vrw5v] provisioning: [controlplane] Successfully upgraded Controller Plane..
2021/04/30 06:46:42 [INFO] cluster [c-vrw5v] provisioning: [authz] Creating rke-job-deployer ServiceAccount
2021/04/30 06:46:42 [INFO] Image [rancher/rke-tools:v0.1.72] exists on host [3.36.93.217]
2021/04/30 06:46:42 [INFO] Image [rancher/rke-tools:v0.1.72] exists on host [13.125.81.176]
2021/04/30 06:46:42 [INFO] Image [rancher/rke-tools:v0.1.72] exists on host [13.125.76.50]
2021/04/30 06:46:42 [INFO] cluster [c-vrw5v] provisioning: [authz] rke-job-deployer ServiceAccount created successfully
2021/04/30 06:46:42 [INFO] Starting container [rke-log-cleaner] on host [3.36.93.217], try #1
2021/04/30 06:46:42 [INFO] Starting container [rke-log-cleaner] on host [13.125.76.50], try #1
2021/04/30 06:46:42 [INFO] cluster [c-vrw5v] provisioning: [authz] Creating system:node ClusterRoleBinding
2021/04/30 06:46:42 [INFO] cluster [c-vrw5v] provisioning: [authz] system:node ClusterRoleBinding created successfully
2021/04/30 06:46:42 [INFO] Starting container [rke-log-cleaner] on host [13.125.81.176], try #1
2021/04/30 06:46:42 [INFO] cluster [c-vrw5v] provisioning: [authz] Creating kube-apiserver proxy ClusterRole and ClusterRoleBinding
2021/04/30 06:46:42 [INFO] cluster [c-vrw5v] provisioning: [authz] kube-apiserver proxy ClusterRole and ClusterRoleBinding created successfully
2021/04/30 06:46:42 [INFO] cluster [c-vrw5v] provisioning: Successfully Deployed state file at [management-state/rke/rke-223139178/cluster.rkestate]
2021/04/30 06:46:42 [INFO] cluster [c-vrw5v] provisioning: [state] Saving full cluster state to Kubernetes
2021/04/30 06:46:42 [INFO] Removing container [rke-log-cleaner] on host [3.36.93.217], try #1
2021/04/30 06:46:42 [INFO] cluster [c-vrw5v] provisioning: [state] Successfully Saved full cluster state to Kubernetes ConfigMap: full-cluster-state
2021/04/30 06:46:42 [INFO] cluster [c-vrw5v] provisioning: [worker] Upgrading Worker Plane..
2021/04/30 06:46:42 [INFO] cluster [c-vrw5v] provisioning: [worker] Successfully upgraded Worker Plane..
2021/04/30 06:46:42 [INFO] cluster [c-vrw5v] provisioning: [cleanup] Successfully started [rke-log-cleaner] container on host [3.36.93.217]
2021/04/30 06:46:42 [INFO] cluster [c-vrw5v] provisioning: [cleanup] Successfully started [rke-log-cleaner] container on host [13.125.81.176]
2021/04/30 06:46:42 [INFO] Removing container [rke-log-cleaner] on host [13.125.81.176], try #1
2021/04/30 06:46:42 [INFO] cluster [c-vrw5v] provisioning: [remove/rke-log-cleaner] Successfully removed container on host [3.36.93.217]
2021/04/30 06:46:42 [INFO] cluster [c-vrw5v] provisioning: [cleanup] Successfully started [rke-log-cleaner] container on host [13.125.76.50]
2021/04/30 06:46:42 [INFO] Removing container [rke-log-cleaner] on host [13.125.76.50], try #1
2021/04/30 06:46:42 [INFO] cluster [c-vrw5v] provisioning: [remove/rke-log-cleaner] Successfully removed container on host [13.125.81.176]
2021/04/30 06:46:42 [INFO] cluster [c-vrw5v] provisioning: [remove/rke-log-cleaner] Successfully removed container on host [13.125.76.50]
2021/04/30 06:46:42 [INFO] cluster [c-vrw5v] provisioning: [sync] Syncing nodes Labels and Taints
2021/04/30 06:46:42 [INFO] cluster [c-vrw5v] provisioning: [sync] Successfully synced nodes Labels and Taints
2021/04/30 06:46:42 [INFO] cluster [c-vrw5v] provisioning: [network] Setting up network plugin: canal
2021/04/30 06:46:43 [INFO] cluster [c-vrw5v] provisioning: [addons] Saving ConfigMap for addon rke-network-plugin to Kubernetes
2021/04/30 06:46:43 [INFO] cluster [c-vrw5v] provisioning: [addons] Successfully saved ConfigMap for addon rke-network-plugin to Kubernetes
2021/04/30 06:46:43 [INFO] cluster [c-vrw5v] provisioning: [addons] Executing deploy job rke-network-plugin
2021/04/30 06:46:53 [INFO] cluster [c-vrw5v] provisioning: [addons] Setting up coredns
2021/04/30 06:46:53 [INFO] cluster [c-vrw5v] provisioning: [addons] Saving ConfigMap for addon rke-coredns-addon to Kubernetes
2021/04/30 06:46:53 [INFO] cluster [c-vrw5v] provisioning: [addons] Successfully saved ConfigMap for addon rke-coredns-addon to Kubernetes
2021/04/30 06:46:53 [INFO] cluster [c-vrw5v] provisioning: [addons] Executing deploy job rke-coredns-addon
2021/04/30 06:47:03 [INFO] cluster [c-vrw5v] provisioning: [addons] CoreDNS deployed successfully
2021/04/30 06:47:03 [INFO] cluster [c-vrw5v] provisioning: [dns] DNS provider coredns deployed successfully
2021/04/30 06:47:03 [INFO] cluster [c-vrw5v] provisioning: [addons] Setting up Metrics Server
2021/04/30 06:47:03 [INFO] cluster [c-vrw5v] provisioning: [addons] Saving ConfigMap for addon rke-metrics-addon to Kubernetes
2021/04/30 06:47:03 [INFO] cluster [c-vrw5v] provisioning: [addons] Successfully saved ConfigMap for addon rke-metrics-addon to Kubernetes
2021/04/30 06:47:03 [INFO] cluster [c-vrw5v] provisioning: [addons] Executing deploy job rke-metrics-addon
2021/04/30 06:47:13 [INFO] cluster [c-vrw5v] provisioning: [addons] Metrics Server deployed successfully
2021/04/30 06:47:13 [INFO] cluster [c-vrw5v] provisioning: [ingress] Setting up nginx ingress controller
2021/04/30 06:47:13 [INFO] cluster [c-vrw5v] provisioning: [addons] Saving ConfigMap for addon rke-ingress-controller to Kubernetes
2021/04/30 06:47:13 [INFO] cluster [c-vrw5v] provisioning: [addons] Successfully saved ConfigMap for addon rke-ingress-controller to Kubernetes
2021/04/30 06:47:13 [INFO] cluster [c-vrw5v] provisioning: [addons] Executing deploy job rke-ingress-controller
2021/04/30 06:47:23 [INFO] cluster [c-vrw5v] provisioning: [ingress] ingress controller nginx deployed successfully
2021/04/30 06:47:23 [INFO] cluster [c-vrw5v] provisioning: [addons] Setting up user addons
2021/04/30 06:47:23 [INFO] cluster [c-vrw5v] provisioning: [addons] no user addons defined
2021/04/30 06:47:23 [INFO] cluster [c-vrw5v] provisioning: Finished building Kubernetes cluster successfully
2021/04/30 06:47:23 [INFO] kontainerdriver rancherkubernetesengine stopped
2021/04/30 06:47:28 [INFO] kontainerdriver rancherkubernetesengine listening on address 127.0.0.1:36551
2021/04/30 06:47:28 [INFO] kontainerdriver rancherkubernetesengine stopped
2021/04/30 06:47:28 [INFO] Updated cluster [c-vrw5v] with node version [1]
2021/04/30 06:47:28 [INFO] Provisioned cluster [c-vrw5v]
2021/04/30 06:47:29 [INFO] checking cluster [c-vrw5v] for worker nodes upgrade
2021/04/30 06:48:13 [ERROR] Error during subscribe websocket: close sent
jiandao value : [--set operator.nameOverride=prometheus-operator,operator.resources.limits.memory=500Mi,apiGroup=monitoring.coreos.com,enabled=true,nameOverride=prometheus-operator,operator-init.enabled=true,operator.apiGroup=monitoring.coreos.com,global.projectName=p-n29vj,global.clusterName=c-vrw5v]
2021/04/30 06:49:16 [INFO] Installing chart using helm version: rancher-helm
jiandao commands : [upgrade --install --namespace cattle-prometheus monitoring-operator --timeout 0 --set operator.nameOverride=prometheus-operator,operator.resources.limits.memory=500Mi,apiGroup=monitoring.coreos.com,enabled=true,nameOverride=prometheus-operator,operator-init.enabled=true,operator.apiGroup=monitoring.coreos.com,global.projectName=p-n29vj,global.clusterName=c-vrw5v /rancher-monitoring]
jiandao value : [--set exporter-kube-state.apiGroup=monitoring.coreos.com,exporter-node.apiGroup=monitoring.coreos.com,grafana.persistence.storageClass=default,exporter-gpu-node.enabled=false,prometheus.enabled=true,prometheus.resources.core.limits.cpu=1000m,prometheus.ruleSelector.matchExpressions[0].values[0]=rancher-alert,exporter-kube-scheduler.endpoints[2]=172.31.9.15,exporter-fluentd.enabled=true,exporter-kube-etcd.endpoints[0]=172.31.10.38,exporter-kube-scheduler.apiGroup=monitoring.coreos.com,exporter-kubelets.apiGroup=monitoring.coreos.com,exporter-node.resources.limits.memory=200Mi,prometheus.persistence.storageClass=default,exporter-fluentd.apiGroup=monitoring.coreos.com,exporter-kube-etcd.endpoints[1]=172.31.6.204,exporter-kube-etcd.keyFile=/etc/prometheus/secrets/exporter-etcd-cert/kube-etcd-172-31-10-38-key.pem,exporter-kubernetes.enabled=true,prometheus.persistence.enabled=false,exporter-kube-etcd.apiGroup=monitoring.coreos.com,operator.resources.limits.memory=500Mi,prometheus.serviceAccountNameOverride=cluster-monitoring,grafana.persistence.size=10Gi,exporter-kube-scheduler.endpoints[1]=172.31.6.204,exporter-kubelets.enabled=true,grafana.persistence.enabled=false,prometheus.additionalAlertManagerConfigs[0].relabel_configs[0].action=keep,prometheus.resources.core.requests.cpu=750m,exporter-kube-controller-manager.endpoints[2]=172.31.9.15,prometheus.additionalAlertManagerConfigs[0].relabel_configs[0].source_labels[0]=__meta_kubernetes_namespace,exporter-kube-etcd.ports.metrics.port=2379,prometheus.persistence.size=50Gi,prometheus.resources.core.requests.memory=750Mi,exporter-node.resources.limits.cpu=200m,exporter-kube-dns.apiGroup=monitoring.coreos.com,operator-init.enabled=true,prometheus.externalLabels.prometheus_from=dede,exporter-coredns.apiGroup=monitoring.coreos.com,exporter-node.ports.metrics.port=9796,grafana.apiGroup=monitoring.coreos.com,enabled=false,exporter-kube-etcd.enabled=true,grafana.enabled=true,prometheus.apiGroup=monitoring.coreos.com,prometheus.persistent.useReleaseName=true,exporter-kube-controller-manager.endpoints[0]=172.31.10.38,grafana.serviceAccountName=cluster-monitoring,prometheus.resources.core.limits.memory=1000Mi,exporter-kubelets.https=true,exporter-kube-scheduler.enabled=true,exporter-kube-scheduler.endpoints[0]=172.31.10.38,prometheus.additionalAlertManagerConfigs[0].relabel_configs[0].source_labels[1]=__meta_kubernetes_endpoints_name,prometheus.ruleSelector.matchExpressions[0].operator=In,exporter-kube-controller-manager.apiGroup=monitoring.coreos.com,exporter-kube-etcd.certFile=/etc/prometheus/secrets/exporter-etcd-cert/kube-etcd-172-31-10-38.pem,exporter-kube-etcd.endpoints[2]=172.31.9.15,exporter-kube-state.enabled=true,exporter-node.enabled=true,prometheus.retention=12h,exporter-kube-controller-manager.enabled=true,prometheus.secrets[0]=exporter-etcd-cert,prometheus.ruleSelector.matchExpressions[0].key=source,exporter-kubernetes.apiGroup=monitoring.coreos.com,prometheus.additionalAlertManagerConfigs[0].kubernetes_sd_configs[0].role=endpoints,prometheus.additionalAlertManagerConfigs[0].relabel_configs[0].regex=cattle-prometheus;access-alertmanager,prometheus.ruleSelector.matchExpressions[0].values[1]=rancher-monitoring,exporter-kube-controller-manager.endpoints[1]=172.31.6.204,global.clusterName=c-vrw5v,global.projectName=p-n29vj]
2021/04/30 06:49:16 [INFO] Installing chart using helm version: rancher-helm
jiandao commands : [upgrade --install --namespace cattle-prometheus cluster-monitoring --timeout 0 --set exporter-kube-state.apiGroup=monitoring.coreos.com,exporter-node.apiGroup=monitoring.coreos.com,grafana.persistence.storageClass=default,exporter-gpu-node.enabled=false,prometheus.enabled=true,prometheus.resources.core.limits.cpu=1000m,prometheus.ruleSelector.matchExpressions[0].values[0]=rancher-alert,exporter-kube-scheduler.endpoints[2]=172.31.9.15,exporter-fluentd.enabled=true,exporter-kube-etcd.endpoints[0]=172.31.10.38,exporter-kube-scheduler.apiGroup=monitoring.coreos.com,exporter-kubelets.apiGroup=monitoring.coreos.com,exporter-node.resources.limits.memory=200Mi,prometheus.persistence.storageClass=default,exporter-fluentd.apiGroup=monitoring.coreos.com,exporter-kube-etcd.endpoints[1]=172.31.6.204,exporter-kube-etcd.keyFile=/etc/prometheus/secrets/exporter-etcd-cert/kube-etcd-172-31-10-38-key.pem,exporter-kubernetes.enabled=true,prometheus.persistence.enabled=false,exporter-kube-etcd.apiGroup=monitoring.coreos.com,operator.resources.limits.memory=500Mi,prometheus.serviceAccountNameOverride=cluster-monitoring,grafana.persistence.size=10Gi,exporter-kube-scheduler.endpoints[1]=172.31.6.204,exporter-kubelets.enabled=true,grafana.persistence.enabled=false,prometheus.additionalAlertManagerConfigs[0].relabel_configs[0].action=keep,prometheus.resources.core.requests.cpu=750m,exporter-kube-controller-manager.endpoints[2]=172.31.9.15,prometheus.additionalAlertManagerConfigs[0].relabel_configs[0].source_labels[0]=__meta_kubernetes_namespace,exporter-kube-etcd.ports.metrics.port=2379,prometheus.persistence.size=50Gi,prometheus.resources.core.requests.memory=750Mi,exporter-node.resources.limits.cpu=200m,exporter-kube-dns.apiGroup=monitoring.coreos.com,operator-init.enabled=true,prometheus.externalLabels.prometheus_from=dede,exporter-coredns.apiGroup=monitoring.coreos.com,exporter-node.ports.metrics.port=9796,grafana.apiGroup=monitoring.coreos.com,enabled=false,exporter-kube-etcd.enabled=true,grafana.enabled=true,prometheus.apiGroup=monitoring.coreos.com,prometheus.persistent.useReleaseName=true,exporter-kube-controller-manager.endpoints[0]=172.31.10.38,grafana.serviceAccountName=cluster-monitoring,prometheus.resources.core.limits.memory=1000Mi,exporter-kubelets.https=true,exporter-kube-scheduler.enabled=true,exporter-kube-scheduler.endpoints[0]=172.31.10.38,prometheus.additionalAlertManagerConfigs[0].relabel_configs[0].source_labels[1]=__meta_kubernetes_endpoints_name,prometheus.ruleSelector.matchExpressions[0].operator=In,exporter-kube-controller-manager.apiGroup=monitoring.coreos.com,exporter-kube-etcd.certFile=/etc/prometheus/secrets/exporter-etcd-cert/kube-etcd-172-31-10-38.pem,exporter-kube-etcd.endpoints[2]=172.31.9.15,exporter-kube-state.enabled=true,exporter-node.enabled=true,prometheus.retention=12h,exporter-kube-controller-manager.enabled=true,prometheus.secrets[0]=exporter-etcd-cert,prometheus.ruleSelector.matchExpressions[0].key=source,exporter-kubernetes.apiGroup=monitoring.coreos.com,prometheus.additionalAlertManagerConfigs[0].kubernetes_sd_configs[0].role=endpoints,prometheus.additionalAlertManagerConfigs[0].relabel_configs[0].regex=cattle-prometheus;access-alertmanager,prometheus.ruleSelector.matchExpressions[0].values[1]=rancher-monitoring,exporter-kube-controller-manager.endpoints[1]=172.31.6.204,global.clusterName=c-vrw5v,global.projectName=p-n29vj /rancher-monitoring]
Release "monitoring-operator" has been upgraded.
LAST DEPLOYED: Fri Apr 30 06:49:18 2021
NAMESPACE: cattle-prometheus
STATUS: DEPLOYED

RESOURCES:
==> v1/ClusterRole
NAME                                     CREATED AT
operator-init-monitoring-operator        2021-04-30T06:37:09Z
prometheus-operator-monitoring-operator  2021-04-30T06:37:09Z

==> v1/ClusterRoleBinding
NAME                                     ROLE                                                 AGE
operator-init-monitoring-operator        ClusterRole/operator-init-monitoring-operator        12m
prometheus-operator-monitoring-operator  ClusterRole/prometheus-operator-monitoring-operator  12m

==> v1/ConfigMap
NAME                               DATA  AGE
operator-init-monitoring-operator  6     12m

==> v1/Deployment
NAME                                     READY  UP-TO-DATE  AVAILABLE  AGE
prometheus-operator-monitoring-operator  1/1    1           1          12m

==> v1/Pod(related)
NAME                                                      READY  STATUS   RESTARTS  AGE
prometheus-operator-monitoring-operator-5f8bbdc5b6-skts2  1/1    Running  0         13s

==> v1/Service
NAME                     TYPE       CLUSTER-IP  EXTERNAL-IP  PORT(S)                       AGE
expose-kubelets-metrics  ClusterIP  None        <none>       10250/TCP,10255/TCP,4194/TCP  12m
expose-operator-metrics  ClusterIP  None        <none>       47323/TCP                     12m

==> v1/ServiceAccount
NAME                                     SECRETS  AGE
operator-init-monitoring-operator        1        12m
prometheus-operator-monitoring-operator  1        12m

==> v1/ServiceMonitor
NAME                                     AGE
prometheus-operator-monitoring-operator  12m


UPGRADE FAILED
Error: Job failed: BackoffLimitExceeded
2021/04/30 06:50:42 [ERROR] error syncing 'p-n29vj/cluster-monitoring': handler helm-controller: failed to install app cluster-monitoring. Error: UPGRADE FAILED: Job failed: BackoffLimitExceeded
, handler globalmonitoring-app-handler: object missing name, requeuing
jiandao value : [--set prometheus.additionalAlertManagerConfigs[0].kubernetes_sd_configs[0].role=endpoints,prometheus.additionalAlertManagerConfigs[0].relabel_configs[0].source_labels[0]=__meta_kubernetes_namespace,prometheus.resources.core.requests.cpu=750m,prometheus.additionalAlertManagerConfigs[0].relabel_configs[0].source_labels[1]=__meta_kubernetes_endpoints_name,exporter-kube-controller-manager.enabled=true,exporter-kubernetes.enabled=true,prometheus.persistence.enabled=false,prometheus.enabled=true,prometheus.persistence.storageClass=default,grafana.serviceAccountName=cluster-monitoring,prometheus.resources.core.limits.memory=1000Mi,prometheus.ruleSelector.matchExpressions[0].key=source,exporter-kube-scheduler.enabled=true,exporter-kube-etcd.endpoints[1]=172.31.6.204,exporter-node.resources.limits.memory=200Mi,grafana.persistence.size=10Gi,exporter-kube-controller-manager.endpoints[0]=172.31.10.38,prometheus.persistence.size=50Gi,exporter-fluentd.enabled=true,exporter-kube-scheduler.apiGroup=monitoring.coreos.com,grafana.enabled=true,prometheus.thanos.enabled=true,exporter-kubernetes.apiGroup=monitoring.coreos.com,exporter-node.resources.limits.cpu=200m,prometheus.secrets[0]=exporter-etcd-cert,exporter-kube-etcd.keyFile=/etc/prometheus/secrets/exporter-etcd-cert/kube-etcd-172-31-10-38-key.pem,exporter-kube-dns.apiGroup=monitoring.coreos.com,prometheus.retention=12h,exporter-kube-etcd.endpoints[0]=172.31.10.38,prometheus.resources.core.requests.memory=750Mi,prometheus.persistent.useReleaseName=true,prometheus.ruleSelector.matchExpressions[0].values[1]=rancher-monitoring,prometheus.resources.core.limits.cpu=1000m,exporter-kubelets.apiGroup=monitoring.coreos.com,prometheus.serviceAccountNameOverride=cluster-monitoring,exporter-kube-scheduler.endpoints[1]=172.31.6.204,exporter-kube-controller-manager.endpoints[2]=172.31.9.15,exporter-kube-etcd.apiGroup=monitoring.coreos.com,exporter-node.ports.metrics.port=9796,grafana.apiGroup=monitoring.coreos.com,prometheus.additionalAlertManagerConfigs[0].relabel_configs[0].regex=cattle-prometheus;access-alertmanager,prometheus.ruleSelector.matchExpressions[0].operator=In,exporter-kube-etcd.certFile=/etc/prometheus/secrets/exporter-etcd-cert/kube-etcd-172-31-10-38.pem,exporter-kube-controller-manager.endpoints[1]=172.31.6.204,exporter-kube-etcd.ports.metrics.port=2379,enabled=false,exporter-fluentd.apiGroup=monitoring.coreos.com,exporter-gpu-node.enabled=false,exporter-node.apiGroup=monitoring.coreos.com,exporter-kubelets.https=true,exporter-kubelets.enabled=true,prometheus.apiGroup=monitoring.coreos.com,grafana.persistence.storageClass=default,exporter-kube-etcd.enabled=true,grafana.persistence.enabled=false,exporter-kube-scheduler.endpoints[2]=172.31.9.15,prometheus.additionalAlertManagerConfigs[0].relabel_configs[0].action=keep,operator.resources.limits.memory=500Mi,exporter-kube-etcd.endpoints[2]=172.31.9.15,exporter-node.enabled=true,prometheus.externalLabels.prometheus_from=dede,exporter-kube-controller-manager.apiGroup=monitoring.coreos.com,exporter-kube-state.apiGroup=monitoring.coreos.com,operator-init.enabled=true,exporter-kube-state.enabled=true,exporter-coredns.apiGroup=monitoring.coreos.com,exporter-kube-scheduler.endpoints[0]=172.31.10.38,prometheus.ruleSelector.matchExpressions[0].values[0]=rancher-alert,global.clusterName=c-vrw5v,global.projectName=p-n29vj]
2021/04/30 06:50:42 [INFO] Installing chart using helm version: rancher-helm
jiandao commands : [upgrade --install --namespace cattle-prometheus cluster-monitoring --timeout 0 --set prometheus.additionalAlertManagerConfigs[0].kubernetes_sd_configs[0].role=endpoints,prometheus.additionalAlertManagerConfigs[0].relabel_configs[0].source_labels[0]=__meta_kubernetes_namespace,prometheus.resources.core.requests.cpu=750m,prometheus.additionalAlertManagerConfigs[0].relabel_configs[0].source_labels[1]=__meta_kubernetes_endpoints_name,exporter-kube-controller-manager.enabled=true,exporter-kubernetes.enabled=true,prometheus.persistence.enabled=false,prometheus.enabled=true,prometheus.persistence.storageClass=default,grafana.serviceAccountName=cluster-monitoring,prometheus.resources.core.limits.memory=1000Mi,prometheus.ruleSelector.matchExpressions[0].key=source,exporter-kube-scheduler.enabled=true,exporter-kube-etcd.endpoints[1]=172.31.6.204,exporter-node.resources.limits.memory=200Mi,grafana.persistence.size=10Gi,exporter-kube-controller-manager.endpoints[0]=172.31.10.38,prometheus.persistence.size=50Gi,exporter-fluentd.enabled=true,exporter-kube-scheduler.apiGroup=monitoring.coreos.com,grafana.enabled=true,prometheus.thanos.enabled=true,exporter-kubernetes.apiGroup=monitoring.coreos.com,exporter-node.resources.limits.cpu=200m,prometheus.secrets[0]=exporter-etcd-cert,exporter-kube-etcd.keyFile=/etc/prometheus/secrets/exporter-etcd-cert/kube-etcd-172-31-10-38-key.pem,exporter-kube-dns.apiGroup=monitoring.coreos.com,prometheus.retention=12h,exporter-kube-etcd.endpoints[0]=172.31.10.38,prometheus.resources.core.requests.memory=750Mi,prometheus.persistent.useReleaseName=true,prometheus.ruleSelector.matchExpressions[0].values[1]=rancher-monitoring,prometheus.resources.core.limits.cpu=1000m,exporter-kubelets.apiGroup=monitoring.coreos.com,prometheus.serviceAccountNameOverride=cluster-monitoring,exporter-kube-scheduler.endpoints[1]=172.31.6.204,exporter-kube-controller-manager.endpoints[2]=172.31.9.15,exporter-kube-etcd.apiGroup=monitoring.coreos.com,exporter-node.ports.metrics.port=9796,grafana.apiGroup=monitoring.coreos.com,prometheus.additionalAlertManagerConfigs[0].relabel_configs[0].regex=cattle-prometheus;access-alertmanager,prometheus.ruleSelector.matchExpressions[0].operator=In,exporter-kube-etcd.certFile=/etc/prometheus/secrets/exporter-etcd-cert/kube-etcd-172-31-10-38.pem,exporter-kube-controller-manager.endpoints[1]=172.31.6.204,exporter-kube-etcd.ports.metrics.port=2379,enabled=false,exporter-fluentd.apiGroup=monitoring.coreos.com,exporter-gpu-node.enabled=false,exporter-node.apiGroup=monitoring.coreos.com,exporter-kubelets.https=true,exporter-kubelets.enabled=true,prometheus.apiGroup=monitoring.coreos.com,grafana.persistence.storageClass=default,exporter-kube-etcd.enabled=true,grafana.persistence.enabled=false,exporter-kube-scheduler.endpoints[2]=172.31.9.15,prometheus.additionalAlertManagerConfigs[0].relabel_configs[0].action=keep,operator.resources.limits.memory=500Mi,exporter-kube-etcd.endpoints[2]=172.31.9.15,exporter-node.enabled=true,prometheus.externalLabels.prometheus_from=dede,exporter-kube-controller-manager.apiGroup=monitoring.coreos.com,exporter-kube-state.apiGroup=monitoring.coreos.com,operator-init.enabled=true,exporter-kube-state.enabled=true,exporter-coredns.apiGroup=monitoring.coreos.com,exporter-kube-scheduler.endpoints[0]=172.31.10.38,prometheus.ruleSelector.matchExpressions[0].values[0]=rancher-alert,global.clusterName=c-vrw5v,global.projectName=p-n29vj /rancher-monitoring]
Release "cluster-monitoring" has been upgraded.
LAST DEPLOYED: Fri Apr 30 06:50:43 2021
NAMESPACE: cattle-prometheus
STATUS: DEPLOYED

RESOURCES:
==> v1/ClusterRole
NAME                                             CREATED AT
exporter-kube-state-cluster-monitoring           2021-04-30T06:37:12Z
exporter-node-cluster-monitoring                 2021-04-30T06:37:12Z
operator-init-cluster-monitoring                 2021-04-30T06:37:12Z
prometheus-cluster-monitoring-cattle-prometheus  2021-04-30T06:37:12Z

==> v1/ClusterRoleBinding
NAME                                             ROLE                                                         AGE
exporter-kube-state-cluster-monitoring           ClusterRole/exporter-kube-state-cluster-monitoring           13m
exporter-node-cluster-monitoring                 ClusterRole/exporter-node-cluster-monitoring                 13m
operator-init-cluster-monitoring                 ClusterRole/operator-init-cluster-monitoring                 13m
prometheus-cluster-monitoring-cattle-prometheus  ClusterRole/prometheus-cluster-monitoring-cattle-prometheus  13m

==> v1/ConfigMap
NAME                                         DATA  AGE
grafana-cluster-monitoring-dashboards        11    13m
grafana-cluster-monitoring-nginx             1     13m
grafana-cluster-monitoring-provisionings     3     13m
grafana-istio-cluster-monitoring-dashboards  8     13m
operator-init-cluster-monitoring             6     13m
prometheus-cluster-monitoring-nginx          2     13m

==> v1/DaemonSet
NAME                              DESIRED  CURRENT  READY  UP-TO-DATE  AVAILABLE  NODE SELECTOR           AGE
exporter-node-cluster-monitoring  3        3        3      3           3          kubernetes.io/os=linux  13m

==> v1/Deployment
NAME                                    READY  UP-TO-DATE  AVAILABLE  AGE
exporter-kube-state-cluster-monitoring  1/1    1           1          13m
grafana-cluster-monitoring              1/1    1           1          13m

==> v1/Endpoints
NAME                           ENDPOINTS                                                AGE
expose-kube-cm-metrics         172.31.9.15:10252,172.31.6.204:10252,172.31.10.38:10252  13m
expose-kube-etcd-metrics       172.31.9.15:2379,172.31.6.204:2379,172.31.10.38:2379     13m
expose-kube-scheduler-metrics  172.31.9.15:10251,172.31.6.204:10251,172.31.10.38:10251  13m

==> v1/Pod(related)
NAME                                                     READY  STATUS   RESTARTS  AGE
exporter-kube-state-cluster-monitoring-686c467bfb-7rz6d  1/1    Running  0         13m
exporter-node-cluster-monitoring-8wgd2                   1/1    Running  0         13m
exporter-node-cluster-monitoring-kbd6q                   1/1    Running  0         13m
exporter-node-cluster-monitoring-smqqz                   1/1    Running  0         13m
grafana-cluster-monitoring-7894ccb45b-5v77f              2/2    Running  0         13m

==> v1/Prometheus
NAME                VERSION  REPLICAS  AGE
cluster-monitoring  v2.18.2  1         13m

==> v1/PrometheusRule
NAME                                          AGE
compatible-v116-deprecated-metrics            13m
compatible-v117-deprecated-apiserver-metrics  13m

==> v1/Role
NAME                                       CREATED AT
access-grafana                             2021-04-30T06:37:12Z
exporter-node-cluster-monitoring-psp-role  2021-04-30T06:37:12Z

==> v1/RoleBinding
NAME                                              ROLE                                            AGE
access-grafana                                    Role/access-grafana                             13m
exporter-node-cluster-monitoring-psp-rolebinding  Role/exporter-node-cluster-monitoring-psp-role  13m

==> v1/Secret
NAME                                                           TYPE    DATA  AGE
prometheus-cluster-monitoring-additional-alertmanager-configs  Opaque  1     13m
prometheus-cluster-monitoring-additional-scrape-configs        Opaque  1     13m
prometheus-cluster-monitoring-thanos                           Opaque  1     13s

==> v1/Service
NAME                           TYPE       CLUSTER-IP     EXTERNAL-IP  PORT(S)              AGE
access-grafana                 ClusterIP  10.43.134.74   <none>       80/TCP               13m
access-prometheus              ClusterIP  10.43.165.195  <none>       80/TCP               13m
access-thanos                  ClusterIP  10.43.226.122  <none>       10901/TCP,10902/TCP  13s
expose-grafana-metrics         ClusterIP  None           <none>       3000/TCP             13m
expose-kube-cm-metrics         ClusterIP  None           <none>       10252/TCP            13m
expose-kube-etcd-metrics       ClusterIP  None           <none>       2379/TCP             13m
expose-kube-scheduler-metrics  ClusterIP  None           <none>       10251/TCP            13m
expose-kubernetes-metrics      ClusterIP  None           <none>       8080/TCP,8081/TCP    13m
expose-node-metrics            ClusterIP  None           <none>       9796/TCP             13m
expose-prometheus-metrics      ClusterIP  None           <none>       9090/TCP             13m

==> v1/ServiceAccount
NAME                                    SECRETS  AGE
cluster-monitoring                      1        13m
exporter-kube-state-cluster-monitoring  1        13m
exporter-node-cluster-monitoring        1        13m
operator-init-cluster-monitoring        1        13m

==> v1/ServiceMonitor
NAME                                                 AGE
exporter-fluentd-cluster-monitoring                  13m
exporter-kube-controller-manager-cluster-monitoring  13m
exporter-kube-etcd-cluster-monitoring                13m
exporter-kube-scheduler-cluster-monitoring           13m
exporter-kube-state-cluster-monitoring               13m
exporter-kubelets-cluster-monitoring                 13m
exporter-kubernetes-cluster-monitoring               13m
exporter-node-cluster-monitoring                     13m
grafana-cluster-monitoring                           13m
prometheus-cluster-monitoring                        13m

==> v1beta1/PodSecurityPolicy
NAME                              PRIV   CAPS      SELINUX   RUNASUSER  FSGROUP    SUPGROUP  READONLYROOTFS  VOLUMES
exporter-node-cluster-monitoring  false  RunAsAny  RunAsAny  MustRunAs  MustRunAs  false     configMap,emptyDir,projected,secret,downwardAPI,persistentVolumeClaim,hostPath


jiandao value : [--set prometheus.additionalAlertManagerConfigs[0].relabel_configs[0].source_labels[0]=__meta_kubernetes_namespace,prometheus.ruleSelector.matchExpressions[0].values[0]=rancher-alert,prometheus.resources.core.limits.memory=1000Mi,exporter-kube-etcd.endpoints[0]=172.31.10.38,prometheus.resources.core.requests.memory=750Mi,grafana.persistence.storageClass=default,prometheus.additionalAlertManagerConfigs[0].kubernetes_sd_configs[0].role=endpoints,enabled=false,exporter-kube-state.enabled=true,prometheus.ruleSelector.matchExpressions[0].key=source,exporter-kubernetes.enabled=true,operator-init.enabled=true,prometheus.retention=12h,grafana.persistence.enabled=false,exporter-kube-state.apiGroup=monitoring.coreos.com,operator.resources.limits.memory=500Mi,prometheus.secrets[0]=exporter-etcd-cert,prometheus.persistence.enabled=false,prometheus.resources.core.limits.cpu=1000m,exporter-node.apiGroup=monitoring.coreos.com,grafana.persistence.size=10Gi,exporter-node.ports.metrics.port=9796,exporter-kube-etcd.ports.metrics.port=2379,exporter-coredns.apiGroup=monitoring.coreos.com,prometheus.resources.core.requests.cpu=750m,prometheus.serviceAccountNameOverride=cluster-monitoring,exporter-fluentd.apiGroup=monitoring.coreos.com,prometheus.persistent.useReleaseName=true,exporter-kube-scheduler.enabled=true,exporter-kube-etcd.endpoints[1]=172.31.6.204,exporter-kube-dns.apiGroup=monitoring.coreos.com,exporter-kube-controller-manager.enabled=true,exporter-kubelets.enabled=true,prometheus.externalLabels.prometheus_from=dede,exporter-fluentd.enabled=true,prometheus.additionalAlertManagerConfigs[0].relabel_configs[0].source_labels[1]=__meta_kubernetes_endpoints_name,exporter-kube-scheduler.endpoints[0]=172.31.10.38,grafana.enabled=true,prometheus.persistence.size=50Gi,exporter-kubernetes.apiGroup=monitoring.coreos.com,exporter-kube-etcd.apiGroup=monitoring.coreos.com,prometheus.ruleSelector.matchExpressions[0].operator=In,prometheus.enabled=true,exporter-kube-etcd.keyFile=/etc/prometheus/secrets/exporter-etcd-cert/kube-etcd-172-31-10-38-key.pem,prometheus.additionalAlertManagerConfigs[0].relabel_configs[0].action=keep,grafana.apiGroup=monitoring.coreos.com,prometheus.additionalAlertManagerConfigs[0].relabel_configs[0].regex=cattle-prometheus;access-alertmanager,exporter-kube-etcd.certFile=/etc/prometheus/secrets/exporter-etcd-cert/kube-etcd-172-31-10-38.pem,exporter-node.resources.limits.memory=200Mi,exporter-kube-etcd.endpoints[2]=172.31.9.15,grafana.serviceAccountName=cluster-monitoring,prometheus.thanos.enabled=true,exporter-kube-scheduler.endpoints[1]=172.31.6.204,exporter-kube-controller-manager.endpoints[2]=172.31.9.15,prometheus.persistence.storageClass=default,exporter-node.enabled=true,exporter-kube-etcd.enabled=true,exporter-kube-controller-manager.endpoints[0]=172.31.10.38,exporter-kubelets.apiGroup=monitoring.coreos.com,exporter-kube-scheduler.apiGroup=monitoring.coreos.com,exporter-kube-scheduler.endpoints[2]=172.31.9.15,exporter-node.resources.limits.cpu=200m,exporter-kube-controller-manager.apiGroup=monitoring.coreos.com,exporter-kube-controller-manager.endpoints[1]=172.31.6.204,exporter-kubelets.https=true,prometheus.ruleSelector.matchExpressions[0].values[1]=rancher-monitoring,prometheus.apiGroup=monitoring.coreos.com,exporter-gpu-node.enabled=false,global.clusterName=c-vrw5v,global.projectName=p-n29vj]
2021/04/30 06:51:04 [INFO] Installing chart using helm version: rancher-helm
jiandao commands : [upgrade --install --namespace cattle-prometheus cluster-monitoring --timeout 0 --set prometheus.additionalAlertManagerConfigs[0].relabel_configs[0].source_labels[0]=__meta_kubernetes_namespace,prometheus.ruleSelector.matchExpressions[0].values[0]=rancher-alert,prometheus.resources.core.limits.memory=1000Mi,exporter-kube-etcd.endpoints[0]=172.31.10.38,prometheus.resources.core.requests.memory=750Mi,grafana.persistence.storageClass=default,prometheus.additionalAlertManagerConfigs[0].kubernetes_sd_configs[0].role=endpoints,enabled=false,exporter-kube-state.enabled=true,prometheus.ruleSelector.matchExpressions[0].key=source,exporter-kubernetes.enabled=true,operator-init.enabled=true,prometheus.retention=12h,grafana.persistence.enabled=false,exporter-kube-state.apiGroup=monitoring.coreos.com,operator.resources.limits.memory=500Mi,prometheus.secrets[0]=exporter-etcd-cert,prometheus.persistence.enabled=false,prometheus.resources.core.limits.cpu=1000m,exporter-node.apiGroup=monitoring.coreos.com,grafana.persistence.size=10Gi,exporter-node.ports.metrics.port=9796,exporter-kube-etcd.ports.metrics.port=2379,exporter-coredns.apiGroup=monitoring.coreos.com,prometheus.resources.core.requests.cpu=750m,prometheus.serviceAccountNameOverride=cluster-monitoring,exporter-fluentd.apiGroup=monitoring.coreos.com,prometheus.persistent.useReleaseName=true,exporter-kube-scheduler.enabled=true,exporter-kube-etcd.endpoints[1]=172.31.6.204,exporter-kube-dns.apiGroup=monitoring.coreos.com,exporter-kube-controller-manager.enabled=true,exporter-kubelets.enabled=true,prometheus.externalLabels.prometheus_from=dede,exporter-fluentd.enabled=true,prometheus.additionalAlertManagerConfigs[0].relabel_configs[0].source_labels[1]=__meta_kubernetes_endpoints_name,exporter-kube-scheduler.endpoints[0]=172.31.10.38,grafana.enabled=true,prometheus.persistence.size=50Gi,exporter-kubernetes.apiGroup=monitoring.coreos.com,exporter-kube-etcd.apiGroup=monitoring.coreos.com,prometheus.ruleSelector.matchExpressions[0].operator=In,prometheus.enabled=true,exporter-kube-etcd.keyFile=/etc/prometheus/secrets/exporter-etcd-cert/kube-etcd-172-31-10-38-key.pem,prometheus.additionalAlertManagerConfigs[0].relabel_configs[0].action=keep,grafana.apiGroup=monitoring.coreos.com,prometheus.additionalAlertManagerConfigs[0].relabel_configs[0].regex=cattle-prometheus;access-alertmanager,exporter-kube-etcd.certFile=/etc/prometheus/secrets/exporter-etcd-cert/kube-etcd-172-31-10-38.pem,exporter-node.resources.limits.memory=200Mi,exporter-kube-etcd.endpoints[2]=172.31.9.15,grafana.serviceAccountName=cluster-monitoring,prometheus.thanos.enabled=true,exporter-kube-scheduler.endpoints[1]=172.31.6.204,exporter-kube-controller-manager.endpoints[2]=172.31.9.15,prometheus.persistence.storageClass=default,exporter-node.enabled=true,exporter-kube-etcd.enabled=true,exporter-kube-controller-manager.endpoints[0]=172.31.10.38,exporter-kubelets.apiGroup=monitoring.coreos.com,exporter-kube-scheduler.apiGroup=monitoring.coreos.com,exporter-kube-scheduler.endpoints[2]=172.31.9.15,exporter-node.resources.limits.cpu=200m,exporter-kube-controller-manager.apiGroup=monitoring.coreos.com,exporter-kube-controller-manager.endpoints[1]=172.31.6.204,exporter-kubelets.https=true,prometheus.ruleSelector.matchExpressions[0].values[1]=rancher-monitoring,prometheus.apiGroup=monitoring.coreos.com,exporter-gpu-node.enabled=false,global.clusterName=c-vrw5v,global.projectName=p-n29vj /rancher-monitoring]
